Warning message:
package ‘zigg’ was built under R version 4.5.1 
[2026-01-09 02:09:14.068703] wMKL sample subset 10% rep 1 (n=63)
[2026-01-09 02:09:35.493087] wMKL sample subset 10% rep 2 (n=63)
[2026-01-09 02:09:54.253705] wMKL sample subset 10% rep 3 (n=63)
[2026-01-09 02:10:18.300589] wMKL sample subset 10% rep 4 (n=63)
[2026-01-09 02:10:37.508871] wMKL sample subset 10% rep 5 (n=63)
[2026-01-09 02:10:56.194424] wMKL sample subset 10% rep 6 (n=63)
[2026-01-09 02:11:14.80427] wMKL sample subset 10% rep 7 (n=63)
[2026-01-09 02:11:38.984307] wMKL sample subset 10% rep 8 (n=63)
[2026-01-09 02:11:59.375259] wMKL sample subset 10% rep 9 (n=63)
[2026-01-09 02:12:19.858718] wMKL sample subset 10% rep 10 (n=63)
[2026-01-09 02:12:38.615073] wMKL sample subset 20% rep 1 (n=125)
[2026-01-09 02:13:04.186387] wMKL sample subset 20% rep 2 (n=125)
[2026-01-09 02:13:28.963707] wMKL sample subset 20% rep 3 (n=125)
[2026-01-09 02:13:53.498855] wMKL sample subset 20% rep 4 (n=125)
[2026-01-09 02:14:18.065693] wMKL sample subset 20% rep 5 (n=125)
[2026-01-09 02:14:42.553429] wMKL sample subset 20% rep 6 (n=125)
[2026-01-09 02:15:06.806967] wMKL sample subset 20% rep 7 (n=125)
[2026-01-09 02:15:31.103239] wMKL sample subset 20% rep 8 (n=125)
[2026-01-09 02:15:55.304982] wMKL sample subset 20% rep 9 (n=125)
[2026-01-09 02:16:19.634868] wMKL sample subset 20% rep 10 (n=125)
[2026-01-09 02:16:43.8731] wMKL sample subset 50% rep 1 (n=312)
[2026-01-09 02:18:37.625199] wMKL sample subset 50% rep 2 (n=312)
[2026-01-09 02:20:31.128608] wMKL sample subset 50% rep 3 (n=312)
[2026-01-09 02:21:32.076393] wMKL sample subset 50% rep 4 (n=312)
[2026-01-09 02:23:26.188447] wMKL sample subset 50% rep 5 (n=312)
[2026-01-09 02:24:25.95104] wMKL sample subset 50% rep 6 (n=312)
[2026-01-09 02:26:19.237188] wMKL sample subset 50% rep 7 (n=312)
[2026-01-09 02:28:12.151134] wMKL sample subset 50% rep 8 (n=312)
[2026-01-09 02:30:04.915049] wMKL sample subset 50% rep 9 (n=312)
[2026-01-09 02:31:03.862473] wMKL sample subset 50% rep 10 (n=312)
[2026-01-09 02:32:05.214572] wMKL sample subset 70% rep 1 (n=438)
[2026-01-09 02:35:16.032492] wMKL sample subset 70% rep 2 (n=438)
[2026-01-09 02:38:27.936282] wMKL sample subset 70% rep 3 (n=438)
[2026-01-09 02:41:41.534078] wMKL sample subset 70% rep 4 (n=438)
[2026-01-09 02:44:52.712906] wMKL sample subset 70% rep 5 (n=438)
[2026-01-09 02:48:07.132338] wMKL sample subset 70% rep 6 (n=438)
[2026-01-09 02:51:18.798133] wMKL sample subset 70% rep 7 (n=438)
[2026-01-09 02:54:33.666135] wMKL sample subset 70% rep 8 (n=438)
[2026-01-09 02:57:48.619599] wMKL sample subset 70% rep 9 (n=438)
[2026-01-09 03:01:03.634025] wMKL sample subset 70% rep 10 (n=438)
[2026-01-09 03:04:15.226276] wMKL sample subset 90% rep 1 (n=562)
[2026-01-09 03:07:06.534911] wMKL sample subset 90% rep 2 (n=562)
[2026-01-09 03:09:40.568556] wMKL sample subset 90% rep 3 (n=562)
[2026-01-09 03:12:05.352823] wMKL sample subset 90% rep 4 (n=562)
[2026-01-09 03:17:00.383658] wMKL sample subset 90% rep 5 (n=562)
[2026-01-09 03:21:54.925341] wMKL sample subset 90% rep 6 (n=562)
[2026-01-09 03:26:50.265786] wMKL sample subset 90% rep 7 (n=562)
[2026-01-09 03:31:45.441464] wMKL sample subset 90% rep 8 (n=562)
[2026-01-09 03:36:42.783827] wMKL sample subset 90% rep 9 (n=562)
[2026-01-09 03:41:36.643382] wMKL sample subset 90% rep 10 (n=562)
There were 23 warnings (use warnings() to see them)
Wrote: Results/Performance/Sample_perturbations/wMKL/job_20337175_20260109T020908Z/out/wMKL_sample_perturbations_performance.tsv
