Changed directory to /home/as3582/MO_survey/MOFA2.

JobID: 5903280
======
Time: Sat Mar  1 16:14:40 GMT 2025
Running on master node: gpu-q-7
Current directory: /home/as3582/MO_survey/MOFA2

Nodes allocated:
================
gpu-q-7

numtasks=1, numnodes=1, mpi_tasks_per_node=1 (OMP_NUM_THREADS=1)

Executing command:
==================
python MOFA_ncp10.py 

11080
OS                           : Linux-4.18.0-553.34.1.el8_10.x86_64-x86_64-with-glibc2.28
Python Version               : 3.12.8
CuPy Version                 : 13.3.0
CuPy Platform                : NVIDIA CUDA
NumPy Version                : 2.2.2
SciPy Version                : 1.15.1
Cython Build Version         : 0.29.37
Cython Runtime Version       : None
CUDA Root                    : /usr/local/software/cuda/11.4
nvcc PATH                    : /usr/local/software/cuda/11.4/bin/nvcc
CUDA Build Version           : 11080
CUDA Driver Version          : 12040
CUDA Runtime Version         : 11080 (linked to CuPy) / 11040 (locally installed)
CUDA Extra Include Dirs      : []
cuBLAS Version               : (available)
cuFFT Version                : 10502
cuRAND Version               : 10205
cuSOLVER Version             : (11, 2, 0)
cuSPARSE Version             : (available)
NVRTC Version                : (11, 4)
Thrust Version               : 200600
CUB Build Version            : 200600
Jitify Build Version         : <unknown>
cuDNN Build Version          : None
cuDNN Version                : None
NCCL Build Version           : None
NCCL Runtime Version         : None
cuTENSOR Version             : None
cuSPARSELt Build Version     : None
Device 0 Name                : NVIDIA A100-SXM4-80GB
Device 0 Compute Capability  : 80
Device 0 PCI Bus ID          : 0000:81:00.0
None

        #########################################################
        ###           __  __  ____  ______                    ### 
        ###          |  \/  |/ __ \|  ____/\    _             ### 
        ###          | \  / | |  | | |__ /  \ _| |_           ### 
        ###          | |\/| | |  | |  __/ /\ \_   _|          ###
        ###          | |  | | |__| | | / ____ \|_|            ###
        ###          |_|  |_|\____/|_|/_/    \_\              ###
        ###                                                   ### 
        ######################################################### 
       
 
        
Features names not provided, using default naming convention:
- feature1_view1, featureD_viewM

Groups names not provided, using default naming convention:
- group1, group2, ..., groupG

Samples names not provided, using default naming convention:
- sample1_group1, sample2_group1, sample1_group2, ..., sampleN_groupG

Successfully loaded view='CNV' group='group0' with N=625 samples and D=35858 features...
Successfully loaded view='Methylation' group='group0' with N=625 samples and D=36761 features...
Successfully loaded view='SNPs' group='group0' with N=625 samples and D=12926 features...
Successfully loaded view='RNAseq' group='group0' with N=625 samples and D=56717 features...
Successfully loaded view='miRNA' group='group0' with N=625 samples and D=1568 features...


Model options:
- Automatic Relevance Determination prior on the factors: False
- Automatic Relevance Determination prior on the weights: True
- Spike-and-slab prior on the factors: False
- Spike-and-slab prior on the weights: False
Likelihoods:
- View 0 (CNV): gaussian
- View 1 (Methylation): gaussian
- View 2 (SNPs): bernoulli
- View 3 (RNAseq): gaussian
- View 4 (miRNA): gaussian



GPU mode is activated



######################################
## Training the model with seed 123 ##
######################################


ELBO before training: -645204205.37 

Iteration 1: time=3.90, ELBO=-112472677.16, deltaELBO=532731528.209 (82.56789459%), Factors=10
Iteration 2: time=3.00, Factors=10
Iteration 3: time=3.00, Factors=10
Iteration 4: time=3.00, Factors=10
Iteration 5: time=3.00, Factors=10
Iteration 6: time=3.11, ELBO=-104189905.19, deltaELBO=8282771.974 (1.28374426%), Factors=10
Iteration 7: time=3.01, Factors=10
Iteration 8: time=2.99, Factors=10
Iteration 9: time=3.00, Factors=10
Iteration 10: time=3.00, Factors=10
Iteration 11: time=3.11, ELBO=-104057772.24, deltaELBO=132132.945 (0.02047924%), Factors=10
Iteration 12: time=3.00, Factors=10
Iteration 13: time=3.00, Factors=10
Iteration 14: time=3.00, Factors=10
Iteration 15: time=3.00, Factors=10
Iteration 16: time=3.11, ELBO=-103981370.28, deltaELBO=76401.963 (0.01184152%), Factors=10
Iteration 17: time=3.00, Factors=10
Iteration 18: time=3.00, Factors=10
Iteration 19: time=3.00, Factors=10
Iteration 20: time=3.00, Factors=10
Iteration 21: time=3.11, ELBO=-103836024.40, deltaELBO=145345.877 (0.02252711%), Factors=10
Iteration 22: time=3.00, Factors=10
Iteration 23: time=3.00, Factors=10
Iteration 24: time=3.00, Factors=10
Iteration 25: time=3.00, Factors=10
Iteration 26: time=3.11, ELBO=-103758687.41, deltaELBO=77336.989 (0.01198644%), Factors=10
Iteration 27: time=3.00, Factors=10
Iteration 28: time=3.00, Factors=10
Iteration 29: time=2.99, Factors=10
Iteration 30: time=3.00, Factors=10
Iteration 31: time=3.11, ELBO=-103729783.63, deltaELBO=28903.781 (0.00447979%), Factors=10
Iteration 32: time=3.00, Factors=10
Iteration 33: time=3.00, Factors=10
Iteration 34: time=3.00, Factors=10
Iteration 35: time=3.00, Factors=10
Iteration 36: time=3.11, ELBO=-103713009.56, deltaELBO=16774.075 (0.00259981%), Factors=10
Iteration 37: time=3.00, Factors=10
Iteration 38: time=3.00, Factors=10
Iteration 39: time=3.00, Factors=10
Iteration 40: time=3.00, Factors=10
Iteration 41: time=3.11, ELBO=-103701341.87, deltaELBO=11667.682 (0.00180837%), Factors=10
Iteration 42: time=3.00, Factors=10
Iteration 43: time=3.00, Factors=10
Iteration 44: time=3.00, Factors=10
Iteration 45: time=3.00, Factors=10
Iteration 46: time=3.11, ELBO=-103692800.36, deltaELBO=8541.512 (0.00132385%), Factors=10
Iteration 47: time=3.00, Factors=10
Iteration 48: time=3.00, Factors=10
Iteration 49: time=3.00, Factors=10
Iteration 50: time=3.00, Factors=10
Iteration 51: time=3.11, ELBO=-103686428.55, deltaELBO=6371.817 (0.00098757%), Factors=10
Iteration 52: time=3.00, Factors=10
Iteration 53: time=3.00, Factors=10
Iteration 54: time=3.03, Factors=10
Iteration 55: time=3.01, Factors=10
Iteration 56: time=3.12, ELBO=-103681590.29, deltaELBO=4838.261 (0.00074988%), Factors=10
Iteration 57: time=3.01, Factors=10
Iteration 58: time=3.00, Factors=10
Iteration 59: time=3.00, Factors=10
Iteration 60: time=2.99, Factors=10
Iteration 61: time=3.11, ELBO=-103677822.98, deltaELBO=3767.309 (0.00058389%), Factors=10
Iteration 62: time=3.00, Factors=10
Iteration 63: time=3.00, Factors=10
Iteration 64: time=3.00, Factors=10
Iteration 65: time=3.00, Factors=10
Iteration 66: time=3.10, ELBO=-103674801.66, deltaELBO=3021.319 (0.00046827%), Factors=10
Iteration 67: time=3.01, Factors=10
Iteration 68: time=3.00, Factors=10
Iteration 69: time=3.00, Factors=10
Iteration 70: time=3.00, Factors=10
Iteration 71: time=3.11, ELBO=-103672305.64, deltaELBO=2496.018 (0.00038686%), Factors=10
Iteration 72: time=3.00, Factors=10
Iteration 73: time=3.00, Factors=10
Iteration 74: time=3.00, Factors=10
Iteration 75: time=3.00, Factors=10
Iteration 76: time=3.11, ELBO=-103670181.67, deltaELBO=2123.969 (0.00032919%), Factors=10
Iteration 77: time=3.00, Factors=10
Iteration 78: time=3.00, Factors=10
Iteration 79: time=3.01, Factors=10
Iteration 80: time=2.99, Factors=10
Iteration 81: time=3.11, ELBO=-103668316.09, deltaELBO=1865.584 (0.00028915%), Factors=10
Iteration 82: time=3.00, Factors=10
Iteration 83: time=3.00, Factors=10
Iteration 84: time=2.99, Factors=10
Iteration 85: time=3.00, Factors=10
Iteration 86: time=3.10, ELBO=-103666617.78, deltaELBO=1698.307 (0.00026322%), Factors=10
Iteration 87: time=3.00, Factors=10
Iteration 88: time=3.00, Factors=10
Iteration 89: time=3.00, Factors=10
Iteration 90: time=2.99, Factors=10
Iteration 91: time=3.10, ELBO=-103665008.37, deltaELBO=1609.411 (0.00024944%), Factors=10
Iteration 92: time=3.00, Factors=10
Iteration 93: time=3.00, Factors=10
Iteration 94: time=3.00, Factors=10
Iteration 95: time=3.00, Factors=10
Iteration 96: time=3.11, ELBO=-103663416.35, deltaELBO=1592.019 (0.00024675%), Factors=10
Iteration 97: time=3.00, Factors=10
Iteration 98: time=3.00, Factors=10
Iteration 99: time=3.00, Factors=10
Iteration 100: time=3.00, Factors=10
Iteration 101: time=3.11, ELBO=-103661773.53, deltaELBO=1642.824 (0.00025462%), Factors=10
Iteration 102: time=3.00, Factors=10
Iteration 103: time=3.00, Factors=10
Iteration 104: time=2.99, Factors=10
Iteration 105: time=3.00, Factors=10
Iteration 106: time=3.11, ELBO=-103660013.14, deltaELBO=1760.381 (0.00027284%), Factors=10
Iteration 107: time=3.00, Factors=10
Iteration 108: time=3.00, Factors=10
Iteration 109: time=3.00, Factors=10
Iteration 110: time=2.99, Factors=10
Iteration 111: time=3.11, ELBO=-103658069.89, deltaELBO=1943.259 (0.00030119%), Factors=10
Iteration 112: time=3.01, Factors=10
Iteration 113: time=3.00, Factors=10
Iteration 114: time=3.00, Factors=10
Iteration 115: time=3.01, Factors=10
Iteration 116: time=3.11, ELBO=-103655882.38, deltaELBO=2187.505 (0.00033904%), Factors=10
Iteration 117: time=3.00, Factors=10
Iteration 118: time=3.00, Factors=10
Iteration 119: time=3.00, Factors=10
Iteration 120: time=3.00, Factors=10
Iteration 121: time=3.11, ELBO=-103653399.36, deltaELBO=2483.022 (0.00038484%), Factors=10
Iteration 122: time=3.00, Factors=10
Iteration 123: time=3.00, Factors=10
Iteration 124: time=3.00, Factors=10
Iteration 125: time=3.00, Factors=10
Iteration 126: time=3.11, ELBO=-103650590.51, deltaELBO=2808.848 (0.00043534%), Factors=10
Iteration 127: time=3.00, Factors=10
Iteration 128: time=3.00, Factors=10
Iteration 129: time=3.00, Factors=10
Iteration 130: time=2.99, Factors=10
Iteration 131: time=3.11, ELBO=-103647461.99, deltaELBO=3128.522 (0.00048489%), Factors=10
Iteration 132: time=3.01, Factors=10
Iteration 133: time=3.00, Factors=10
Iteration 134: time=3.00, Factors=10
Iteration 135: time=3.00, Factors=10
Iteration 136: time=3.11, ELBO=-103644072.79, deltaELBO=3389.199 (0.00052529%), Factors=10
Iteration 137: time=3.00, Factors=10
Iteration 138: time=3.00, Factors=10
Iteration 139: time=3.00, Factors=10
Iteration 140: time=3.00, Factors=10
Iteration 141: time=3.11, ELBO=-103640541.87, deltaELBO=3530.920 (0.00054726%), Factors=10
Iteration 142: time=3.00, Factors=10
Iteration 143: time=3.00, Factors=10
Iteration 144: time=3.00, Factors=10
Iteration 145: time=3.00, Factors=10
Iteration 146: time=3.11, ELBO=-103637031.13, deltaELBO=3510.737 (0.00054413%), Factors=10
Iteration 147: time=3.00, Factors=10
Iteration 148: time=3.00, Factors=10
Iteration 149: time=3.00, Factors=10
Iteration 150: time=3.00, Factors=10
Iteration 151: time=3.11, ELBO=-103633698.24, deltaELBO=3332.891 (0.00051656%), Factors=10
Iteration 152: time=2.99, Factors=10
Iteration 153: time=3.00, Factors=10
Iteration 154: time=2.99, Factors=10
Iteration 155: time=3.00, Factors=10
Iteration 156: time=3.10, ELBO=-103630639.89, deltaELBO=3058.348 (0.00047401%), Factors=10
Iteration 157: time=3.00, Factors=10
Iteration 158: time=3.00, Factors=10
Iteration 159: time=3.00, Factors=10
Iteration 160: time=2.99, Factors=10
Iteration 161: time=3.11, ELBO=-103627864.38, deltaELBO=2775.515 (0.00043018%), Factors=10
Iteration 162: time=3.00, Factors=10
Iteration 163: time=3.00, Factors=10
Iteration 164: time=3.00, Factors=10
Iteration 165: time=3.00, Factors=10
Iteration 166: time=3.11, ELBO=-103625309.64, deltaELBO=2554.736 (0.00039596%), Factors=10
Iteration 167: time=3.00, Factors=10
Iteration 168: time=3.00, Factors=10
Iteration 169: time=3.01, Factors=10
Iteration 170: time=3.01, Factors=10
Iteration 171: time=3.13, ELBO=-103622883.70, deltaELBO=2425.948 (0.00037600%), Factors=10
Iteration 172: time=3.01, Factors=10
Iteration 173: time=3.01, Factors=10
Iteration 174: time=3.01, Factors=10
Iteration 175: time=3.01, Factors=10
Iteration 176: time=3.12, ELBO=-103620495.74, deltaELBO=2387.954 (0.00037011%), Factors=10
Iteration 177: time=3.01, Factors=10
Iteration 178: time=3.00, Factors=10
Iteration 179: time=3.01, Factors=10
Iteration 180: time=2.99, Factors=10
Iteration 181: time=3.12, ELBO=-103618063.43, deltaELBO=2432.314 (0.00037698%), Factors=10
Iteration 182: time=3.00, Factors=10
Iteration 183: time=3.01, Factors=10
Iteration 184: time=3.01, Factors=10
Iteration 185: time=3.01, Factors=10
Iteration 186: time=3.11, ELBO=-103615490.95, deltaELBO=2572.479 (0.00039871%), Factors=10
Iteration 187: time=3.01, Factors=10
Iteration 188: time=3.00, Factors=10
Iteration 189: time=3.01, Factors=10
Iteration 190: time=3.00, Factors=10
Iteration 191: time=3.12, ELBO=-103612602.56, deltaELBO=2888.392 (0.00044767%), Factors=10
Iteration 192: time=3.00, Factors=10
Iteration 193: time=3.01, Factors=10
Iteration 194: time=3.00, Factors=10
Iteration 195: time=3.00, Factors=10
Iteration 196: time=3.11, ELBO=-103608991.35, deltaELBO=3611.206 (0.00055970%), Factors=10
Iteration 197: time=3.00, Factors=10
Iteration 198: time=3.00, Factors=10
Iteration 199: time=3.01, Factors=10
Iteration 200: time=3.00, Factors=10
Iteration 201: time=3.13, ELBO=-103603822.57, deltaELBO=5168.780 (0.00080111%), Factors=10
Iteration 202: time=3.01, Factors=10
Iteration 203: time=3.00, Factors=10
Iteration 204: time=3.01, Factors=10
Iteration 205: time=3.01, Factors=10
Iteration 206: time=3.11, ELBO=-103596673.00, deltaELBO=7149.570 (0.00110811%), Factors=10
Iteration 207: time=3.01, Factors=10
Iteration 208: time=3.01, Factors=10
Iteration 209: time=3.01, Factors=10
Iteration 210: time=3.00, Factors=10
Iteration 211: time=3.12, ELBO=-103590573.04, deltaELBO=6099.956 (0.00094543%), Factors=10
Iteration 212: time=3.00, Factors=10
Iteration 213: time=3.01, Factors=10
Iteration 214: time=3.01, Factors=10
Iteration 215: time=3.01, Factors=10
Iteration 216: time=3.12, ELBO=-103587751.55, deltaELBO=2821.490 (0.00043730%), Factors=10
Iteration 217: time=3.01, Factors=10
Iteration 218: time=3.01, Factors=10
Iteration 219: time=3.01, Factors=10
Iteration 220: time=3.00, Factors=10
Iteration 221: time=3.12, ELBO=-103586474.65, deltaELBO=1276.909 (0.00019791%), Factors=10
Iteration 222: time=3.02, Factors=10
Iteration 223: time=3.01, Factors=10
Iteration 224: time=3.00, Factors=10
Iteration 225: time=3.00, Factors=10
Iteration 226: time=3.11, ELBO=-103585671.64, deltaELBO=803.008 (0.00012446%), Factors=10
Iteration 227: time=3.01, Factors=10
Iteration 228: time=3.01, Factors=10
Iteration 229: time=3.01, Factors=10
Iteration 230: time=3.00, Factors=10
Iteration 231: time=3.12, ELBO=-103585050.48, deltaELBO=621.155 (0.00009627%), Factors=10
Iteration 232: time=3.01, Factors=10
Iteration 233: time=3.01, Factors=10
Iteration 234: time=3.01, Factors=10
Iteration 235: time=3.00, Factors=10
Iteration 236: time=3.11, ELBO=-103584530.05, deltaELBO=520.433 (0.00008066%), Factors=10
Iteration 237: time=3.01, Factors=10
Iteration 238: time=3.01, Factors=10
Iteration 239: time=3.01, Factors=10
Iteration 240: time=3.00, Factors=10
Iteration 241: time=3.11, ELBO=-103584082.03, deltaELBO=448.015 (0.00006944%), Factors=10
Iteration 242: time=3.00, Factors=10
Iteration 243: time=3.00, Factors=10
Iteration 244: time=3.01, Factors=10
Iteration 245: time=3.01, Factors=10
Iteration 246: time=3.12, ELBO=-103583692.98, deltaELBO=389.053 (0.00006030%), Factors=10
Iteration 247: time=3.01, Factors=10
Iteration 248: time=3.01, Factors=10
Iteration 249: time=3.01, Factors=10
Iteration 250: time=3.00, Factors=10
Iteration 251: time=3.12, ELBO=-103583354.26, deltaELBO=338.720 (0.00005250%), Factors=10
Iteration 252: time=3.00, Factors=10
Iteration 253: time=3.01, Factors=10
Iteration 254: time=3.00, Factors=10
Iteration 255: time=3.01, Factors=10
Iteration 256: time=3.11, ELBO=-103583059.15, deltaELBO=295.111 (0.00004574%), Factors=10
Iteration 257: time=3.01, Factors=10
Iteration 258: time=3.00, Factors=10
Iteration 259: time=3.01, Factors=10
Iteration 260: time=3.00, Factors=10
Iteration 261: time=3.12, ELBO=-103582801.91, deltaELBO=257.242 (0.00003987%), Factors=10
Iteration 262: time=3.01, Factors=10
Iteration 263: time=3.01, Factors=10
Iteration 264: time=3.00, Factors=10
Iteration 265: time=3.01, Factors=10
Iteration 266: time=3.12, ELBO=-103582577.48, deltaELBO=224.433 (0.00003478%), Factors=10
Iteration 267: time=3.01, Factors=10
Iteration 268: time=3.01, Factors=10
Iteration 269: time=3.01, Factors=10
Iteration 270: time=3.00, Factors=10
Iteration 271: time=3.12, ELBO=-103582381.36, deltaELBO=196.117 (0.00003040%), Factors=10
Iteration 272: time=3.00, Factors=10
Iteration 273: time=3.01, Factors=10
Iteration 274: time=3.00, Factors=10
Iteration 275: time=3.01, Factors=10
Iteration 276: time=3.11, ELBO=-103582209.58, deltaELBO=171.776 (0.00002662%), Factors=10
Iteration 277: time=3.01, Factors=10
Iteration 278: time=3.01, Factors=10
Iteration 279: time=3.00, Factors=10
Iteration 280: time=3.00, Factors=10
Iteration 281: time=3.11, ELBO=-103582058.65, deltaELBO=150.935 (0.00002339%), Factors=10
Iteration 282: time=3.01, Factors=10
Iteration 283: time=3.01, Factors=10
Iteration 284: time=3.00, Factors=10
Iteration 285: time=3.00, Factors=10
Iteration 286: time=3.11, ELBO=-103581925.50, deltaELBO=133.150 (0.00002064%), Factors=10
Iteration 287: time=3.01, Factors=10
Iteration 288: time=3.01, Factors=10
Iteration 289: time=3.01, Factors=10
Iteration 290: time=3.01, Factors=10
Iteration 291: time=3.12, ELBO=-103581807.48, deltaELBO=118.019 (0.00001829%), Factors=10
Iteration 292: time=3.01, Factors=10
Iteration 293: time=3.01, Factors=10
Iteration 294: time=3.00, Factors=10
Iteration 295: time=3.01, Factors=10
Iteration 296: time=3.11, ELBO=-103581702.30, deltaELBO=105.179 (0.00001630%), Factors=10
Iteration 297: time=3.01, Factors=10
Iteration 298: time=3.01, Factors=10
Iteration 299: time=3.00, Factors=10
Iteration 300: time=3.01, Factors=10
Iteration 301: time=3.12, ELBO=-103581607.99, deltaELBO=94.308 (0.00001462%), Factors=10
Iteration 302: time=3.01, Factors=10
Iteration 303: time=3.01, Factors=10
Iteration 304: time=3.00, Factors=10
Iteration 305: time=3.01, Factors=10
Iteration 306: time=3.11, ELBO=-103581522.87, deltaELBO=85.120 (0.00001319%), Factors=10
Iteration 307: time=3.01, Factors=10
Iteration 308: time=3.00, Factors=10
Iteration 309: time=3.00, Factors=10
Iteration 310: time=3.01, Factors=10
Iteration 311: time=3.12, ELBO=-103581445.51, deltaELBO=77.366 (0.00001199%), Factors=10
Iteration 312: time=3.01, Factors=10
Iteration 313: time=3.00, Factors=10
Iteration 314: time=3.00, Factors=10
Iteration 315: time=3.00, Factors=10
Iteration 316: time=3.12, ELBO=-103581374.68, deltaELBO=70.830 (0.00001098%), Factors=10
Iteration 317: time=3.01, Factors=10
Iteration 318: time=3.01, Factors=10
Iteration 319: time=3.01, Factors=10
Iteration 320: time=3.00, Factors=10
Iteration 321: time=3.11, ELBO=-103581309.35, deltaELBO=65.325 (0.00001012%), Factors=10
Iteration 322: time=3.01, Factors=10
Iteration 323: time=3.01, Factors=10
Iteration 324: time=3.00, Factors=10
Iteration 325: time=3.00, Factors=10
Iteration 326: time=3.11, ELBO=-103581248.66, deltaELBO=60.692 (0.00000941%), Factors=10
Iteration 327: time=3.01, Factors=10
Iteration 328: time=3.00, Factors=10
Iteration 329: time=3.00, Factors=10
Iteration 330: time=3.00, Factors=10
Iteration 331: time=3.12, ELBO=-103581191.87, deltaELBO=56.794 (0.00000880%), Factors=10
Iteration 332: time=3.00, Factors=10
Iteration 333: time=3.01, Factors=10
Iteration 334: time=3.01, Factors=10
Iteration 335: time=3.00, Factors=10
Iteration 336: time=3.12, ELBO=-103581138.35, deltaELBO=53.514 (0.00000829%), Factors=10
Iteration 337: time=3.01, Factors=10
Iteration 338: time=3.00, Factors=10
Iteration 339: time=3.00, Factors=10
Iteration 340: time=3.00, Factors=10
Iteration 341: time=3.12, ELBO=-103581087.60, deltaELBO=50.754 (0.00000787%), Factors=10
Iteration 342: time=3.01, Factors=10
Iteration 343: time=3.01, Factors=10
Iteration 344: time=3.00, Factors=10
Iteration 345: time=3.01, Factors=10
Iteration 346: time=3.11, ELBO=-103581039.17, deltaELBO=48.430 (0.00000751%), Factors=10
Iteration 347: time=3.01, Factors=10
Iteration 348: time=3.00, Factors=10
Iteration 349: time=3.01, Factors=10
Iteration 350: time=3.00, Factors=10
Iteration 351: time=3.12, ELBO=-103580992.69, deltaELBO=46.473 (0.00000720%), Factors=10
Iteration 352: time=3.01, Factors=10
Iteration 353: time=3.01, Factors=10
Iteration 354: time=3.00, Factors=10
Iteration 355: time=3.01, Factors=10
Iteration 356: time=3.11, ELBO=-103580947.87, deltaELBO=44.823 (0.00000695%), Factors=10
Iteration 357: time=3.01, Factors=10
Iteration 358: time=3.00, Factors=10
Iteration 359: time=3.00, Factors=10
Iteration 360: time=3.00, Factors=10
Iteration 361: time=3.12, ELBO=-103580904.44, deltaELBO=43.430 (0.00000673%), Factors=10
Iteration 362: time=3.00, Factors=10
Iteration 363: time=3.01, Factors=10
Iteration 364: time=3.00, Factors=10
Iteration 365: time=3.01, Factors=10
Iteration 366: time=3.12, ELBO=-103580862.19, deltaELBO=42.252 (0.00000655%), Factors=10
Iteration 367: time=3.01, Factors=10
Iteration 368: time=3.00, Factors=10
Iteration 369: time=3.01, Factors=10
Iteration 370: time=3.00, Factors=10
Iteration 371: time=3.12, ELBO=-103580820.93, deltaELBO=41.255 (0.00000639%), Factors=10
Iteration 372: time=3.00, Factors=10
Iteration 373: time=3.00, Factors=10
Iteration 374: time=3.00, Factors=10
Iteration 375: time=3.01, Factors=10
Iteration 376: time=3.12, ELBO=-103580780.52, deltaELBO=40.410 (0.00000626%), Factors=10
Iteration 377: time=3.00, Factors=10
Iteration 378: time=3.00, Factors=10
Iteration 379: time=3.00, Factors=10
Iteration 380: time=2.99, Factors=10
Iteration 381: time=3.11, ELBO=-103580740.83, deltaELBO=39.690 (0.00000615%), Factors=10
Iteration 382: time=3.00, Factors=10
Iteration 383: time=3.00, Factors=10
Iteration 384: time=3.00, Factors=10
Iteration 385: time=3.00, Factors=10
Iteration 386: time=3.11, ELBO=-103580701.76, deltaELBO=39.078 (0.00000606%), Factors=10
Iteration 387: time=3.00, Factors=10
Iteration 388: time=3.00, Factors=10
Iteration 389: time=2.99, Factors=10
Iteration 390: time=2.99, Factors=10
Iteration 391: time=3.11, ELBO=-103580663.20, deltaELBO=38.554 (0.00000598%), Factors=10
Iteration 392: time=3.00, Factors=10
Iteration 393: time=3.00, Factors=10
Iteration 394: time=3.00, Factors=10
Iteration 395: time=2.99, Factors=10
Iteration 396: time=3.11, ELBO=-103580625.10, deltaELBO=38.105 (0.00000591%), Factors=10
Iteration 397: time=3.00, Factors=10
Iteration 398: time=3.00, Factors=10
Iteration 399: time=2.99, Factors=10
Iteration 400: time=3.00, Factors=10
Iteration 401: time=3.10, ELBO=-103580587.38, deltaELBO=37.719 (0.00000585%), Factors=10
Iteration 402: time=3.00, Factors=10
Iteration 403: time=3.00, Factors=10
Iteration 404: time=2.99, Factors=10
Iteration 405: time=3.00, Factors=10
Iteration 406: time=3.11, ELBO=-103580549.99, deltaELBO=37.386 (0.00000579%), Factors=10
Iteration 407: time=3.00, Factors=10
Iteration 408: time=2.99, Factors=10
Iteration 409: time=3.00, Factors=10
Iteration 410: time=2.99, Factors=10
Iteration 411: time=3.11, ELBO=-103580512.89, deltaELBO=37.098 (0.00000575%), Factors=10
Iteration 412: time=3.00, Factors=10
Iteration 413: time=3.00, Factors=10
Iteration 414: time=3.00, Factors=10
Iteration 415: time=3.00, Factors=10
Iteration 416: time=3.10, ELBO=-103580476.05, deltaELBO=36.848 (0.00000571%), Factors=10
Iteration 417: time=3.00, Factors=10
Iteration 418: time=2.99, Factors=10
Iteration 419: time=3.00, Factors=10
Iteration 420: time=2.99, Factors=10
Iteration 421: time=3.11, ELBO=-103580439.42, deltaELBO=36.629 (0.00000568%), Factors=10
Iteration 422: time=3.00, Factors=10
Iteration 423: time=3.00, Factors=10
Iteration 424: time=2.99, Factors=10
Iteration 425: time=3.00, Factors=10
Iteration 426: time=3.10, ELBO=-103580402.98, deltaELBO=36.438 (0.00000565%), Factors=10
Iteration 427: time=3.00, Factors=10
Iteration 428: time=2.99, Factors=10
Iteration 429: time=3.00, Factors=10
Iteration 430: time=2.99, Factors=10
Iteration 431: time=3.11, ELBO=-103580366.71, deltaELBO=36.270 (0.00000562%), Factors=10
Iteration 432: time=3.00, Factors=10
Iteration 433: time=2.99, Factors=10
Iteration 434: time=3.00, Factors=10
Iteration 435: time=3.01, Factors=10
Iteration 436: time=3.11, ELBO=-103580330.59, deltaELBO=36.122 (0.00000560%), Factors=10
Iteration 437: time=3.00, Factors=10
Iteration 438: time=3.00, Factors=10
Iteration 439: time=2.99, Factors=10
Iteration 440: time=2.99, Factors=10
Iteration 441: time=3.11, ELBO=-103580294.59, deltaELBO=35.991 (0.00000558%), Factors=10
Iteration 442: time=3.00, Factors=10
Iteration 443: time=3.00, Factors=10
Iteration 444: time=3.00, Factors=10
Iteration 445: time=3.00, Factors=10
Iteration 446: time=3.10, ELBO=-103580258.72, deltaELBO=35.875 (0.00000556%), Factors=10
Iteration 447: time=3.00, Factors=10
Iteration 448: time=2.99, Factors=10
Iteration 449: time=3.00, Factors=10
Iteration 450: time=2.99, Factors=10
Iteration 451: time=3.12, ELBO=-103580222.95, deltaELBO=35.771 (0.00000554%), Factors=10
Iteration 452: time=3.01, Factors=10
Iteration 453: time=3.02, Factors=10
Iteration 454: time=3.01, Factors=10
Iteration 455: time=3.01, Factors=10
Iteration 456: time=3.12, ELBO=-103580187.27, deltaELBO=35.678 (0.00000553%), Factors=10
Iteration 457: time=3.01, Factors=10
Iteration 458: time=3.00, Factors=10
Iteration 459: time=3.01, Factors=10
Iteration 460: time=3.00, Factors=10
Iteration 461: time=3.12, ELBO=-103580151.68, deltaELBO=35.594 (0.00000552%), Factors=10
Iteration 462: time=3.01, Factors=10
Iteration 463: time=3.01, Factors=10
Iteration 464: time=3.01, Factors=10
Iteration 465: time=3.01, Factors=10
Iteration 466: time=3.12, ELBO=-103580116.16, deltaELBO=35.519 (0.00000551%), Factors=10
Iteration 467: time=3.01, Factors=10
Iteration 468: time=3.01, Factors=10
Iteration 469: time=3.00, Factors=10
Iteration 470: time=3.00, Factors=10
Iteration 471: time=3.11, ELBO=-103580080.71, deltaELBO=35.451 (0.00000549%), Factors=10
Iteration 472: time=3.01, Factors=10
Iteration 473: time=3.00, Factors=10
Iteration 474: time=3.00, Factors=10
Iteration 475: time=3.01, Factors=10
Iteration 476: time=3.12, ELBO=-103580045.32, deltaELBO=35.390 (0.00000549%), Factors=10
Iteration 477: time=3.01, Factors=10
Iteration 478: time=3.00, Factors=10
Iteration 479: time=3.01, Factors=10
Iteration 480: time=3.00, Factors=10
Iteration 481: time=3.12, ELBO=-103580009.98, deltaELBO=35.334 (0.00000548%), Factors=10
Iteration 482: time=3.00, Factors=10
Iteration 483: time=3.00, Factors=10
Iteration 484: time=3.00, Factors=10
Iteration 485: time=3.00, Factors=10
Iteration 486: time=3.11, ELBO=-103579974.70, deltaELBO=35.284 (0.00000547%), Factors=10
Iteration 487: time=3.01, Factors=10
Iteration 488: time=3.00, Factors=10
Iteration 489: time=3.00, Factors=10
Iteration 490: time=3.00, Factors=10
Iteration 491: time=3.11, ELBO=-103579939.46, deltaELBO=35.238 (0.00000546%), Factors=10
Iteration 492: time=3.00, Factors=10
Iteration 493: time=3.00, Factors=10
Iteration 494: time=3.00, Factors=10
Iteration 495: time=3.00, Factors=10
Iteration 496: time=3.11, ELBO=-103579904.26, deltaELBO=35.196 (0.00000546%), Factors=10
Iteration 497: time=3.00, Factors=10
Iteration 498: time=3.00, Factors=10
Iteration 499: time=3.00, Factors=10
Iteration 500: time=3.00, Factors=10
Iteration 501: time=3.11, ELBO=-103579869.11, deltaELBO=35.158 (0.00000545%), Factors=10
Iteration 502: time=3.00, Factors=10
Iteration 503: time=3.00, Factors=10
Iteration 504: time=3.00, Factors=10
Iteration 505: time=3.00, Factors=10
Iteration 506: time=3.11, ELBO=-103579833.98, deltaELBO=35.123 (0.00000544%), Factors=10
Iteration 507: time=3.00, Factors=10
Iteration 508: time=3.00, Factors=10
Iteration 509: time=3.00, Factors=10
Iteration 510: time=3.00, Factors=10
Iteration 511: time=3.11, ELBO=-103579798.89, deltaELBO=35.091 (0.00000544%), Factors=10
Iteration 512: time=3.00, Factors=10
Iteration 513: time=3.00, Factors=10
Iteration 514: time=3.00, Factors=10
Iteration 515: time=2.99, Factors=10
Iteration 516: time=3.11, ELBO=-103579763.83, deltaELBO=35.062 (0.00000543%), Factors=10
Iteration 517: time=3.01, Factors=10
Iteration 518: time=3.00, Factors=10
Iteration 519: time=3.00, Factors=10
Iteration 520: time=3.00, Factors=10
Iteration 521: time=3.12, ELBO=-103579728.80, deltaELBO=35.035 (0.00000543%), Factors=10
Iteration 522: time=3.00, Factors=10
Iteration 523: time=3.01, Factors=10
Iteration 524: time=3.00, Factors=10
Iteration 525: time=3.00, Factors=10
Iteration 526: time=3.11, ELBO=-103579693.79, deltaELBO=35.010 (0.00000543%), Factors=10
Iteration 527: time=3.00, Factors=10
Iteration 528: time=3.01, Factors=10
Iteration 529: time=3.00, Factors=10
Iteration 530: time=3.00, Factors=10
Iteration 531: time=3.11, ELBO=-103579658.80, deltaELBO=34.987 (0.00000542%), Factors=10
Iteration 532: time=3.01, Factors=10
Iteration 533: time=3.00, Factors=10
Iteration 534: time=3.00, Factors=10
Iteration 535: time=3.01, Factors=10
Iteration 536: time=3.12, ELBO=-103579623.83, deltaELBO=34.966 (0.00000542%), Factors=10
Iteration 537: time=3.00, Factors=10
Iteration 538: time=3.00, Factors=10
Iteration 539: time=3.00, Factors=10
Iteration 540: time=3.00, Factors=10
Iteration 541: time=3.11, ELBO=-103579588.89, deltaELBO=34.946 (0.00000542%), Factors=10
Iteration 542: time=3.00, Factors=10
Iteration 543: time=3.00, Factors=10
Iteration 544: time=3.00, Factors=10
Iteration 545: time=3.00, Factors=10
Iteration 546: time=3.12, ELBO=-103579553.96, deltaELBO=34.928 (0.00000541%), Factors=10
Iteration 547: time=3.01, Factors=10
Iteration 548: time=3.00, Factors=10
Iteration 549: time=3.01, Factors=10
Iteration 550: time=3.01, Factors=10
Iteration 551: time=3.12, ELBO=-103579519.05, deltaELBO=34.911 (0.00000541%), Factors=10
Iteration 552: time=3.01, Factors=10
Iteration 553: time=3.01, Factors=10
Iteration 554: time=3.00, Factors=10
Iteration 555: time=3.00, Factors=10
Iteration 556: time=3.11, ELBO=-103579484.15, deltaELBO=34.895 (0.00000541%), Factors=10
Iteration 557: time=3.01, Factors=10
Iteration 558: time=3.01, Factors=10
Iteration 559: time=3.01, Factors=10
Iteration 560: time=3.00, Factors=10
Iteration 561: time=3.12, ELBO=-103579449.27, deltaELBO=34.880 (0.00000541%), Factors=10
Iteration 562: time=3.01, Factors=10
Iteration 563: time=3.00, Factors=10
Iteration 564: time=3.00, Factors=10
Iteration 565: time=3.00, Factors=10
Iteration 566: time=3.11, ELBO=-103579414.41, deltaELBO=34.865 (0.00000540%), Factors=10
Iteration 567: time=3.01, Factors=10
Iteration 568: time=3.01, Factors=10
Iteration 569: time=3.01, Factors=10
Iteration 570: time=3.00, Factors=10
Iteration 571: time=3.12, ELBO=-103579379.56, deltaELBO=34.851 (0.00000540%), Factors=10
Iteration 572: time=3.01, Factors=10
Iteration 573: time=3.01, Factors=10
Iteration 574: time=3.00, Factors=10
Iteration 575: time=3.00, Factors=10
Iteration 576: time=3.11, ELBO=-103579344.72, deltaELBO=34.838 (0.00000540%), Factors=10
Iteration 577: time=3.00, Factors=10
Iteration 578: time=3.00, Factors=10
Iteration 579: time=3.00, Factors=10
Iteration 580: time=3.00, Factors=10
Iteration 581: time=3.12, ELBO=-103579309.89, deltaELBO=34.825 (0.00000540%), Factors=10
Iteration 582: time=3.00, Factors=10
Iteration 583: time=3.01, Factors=10
Iteration 584: time=3.01, Factors=10
Iteration 585: time=3.02, Factors=10
Iteration 586: time=3.11, ELBO=-103579275.08, deltaELBO=34.812 (0.00000540%), Factors=10
Iteration 587: time=3.01, Factors=10
Iteration 588: time=3.00, Factors=10
Iteration 589: time=3.00, Factors=10
Iteration 590: time=3.01, Factors=10
Iteration 591: time=3.12, ELBO=-103579240.28, deltaELBO=34.799 (0.00000539%), Factors=10
Iteration 592: time=3.01, Factors=10
Iteration 593: time=3.01, Factors=10
Iteration 594: time=3.01, Factors=10
Iteration 595: time=3.01, Factors=10
Iteration 596: time=3.12, ELBO=-103579205.50, deltaELBO=34.786 (0.00000539%), Factors=10
Iteration 597: time=3.00, Factors=10
Iteration 598: time=3.00, Factors=10
Iteration 599: time=3.00, Factors=10
Iteration 600: time=3.00, Factors=10
Iteration 601: time=3.12, ELBO=-103579170.72, deltaELBO=34.773 (0.00000539%), Factors=10
Iteration 602: time=3.01, Factors=10
Iteration 603: time=3.01, Factors=10
Iteration 604: time=3.01, Factors=10
Iteration 605: time=3.01, Factors=10
Iteration 606: time=3.12, ELBO=-103579135.96, deltaELBO=34.759 (0.00000539%), Factors=10
Iteration 607: time=3.01, Factors=10
Iteration 608: time=3.00, Factors=10
Iteration 609: time=3.00, Factors=10
Iteration 610: time=3.00, Factors=10
Iteration 611: time=3.12, ELBO=-103579101.22, deltaELBO=34.745 (0.00000539%), Factors=10
Iteration 612: time=3.01, Factors=10
Iteration 613: time=3.00, Factors=10
Iteration 614: time=3.00, Factors=10
Iteration 615: time=3.00, Factors=10
Iteration 616: time=3.10, ELBO=-103579066.49, deltaELBO=34.730 (0.00000538%), Factors=10
Iteration 617: time=3.01, Factors=10
Iteration 618: time=3.00, Factors=10
Iteration 619: time=3.00, Factors=10
Iteration 620: time=2.99, Factors=10
Iteration 621: time=3.12, ELBO=-103579031.78, deltaELBO=34.715 (0.00000538%), Factors=10
Iteration 622: time=3.01, Factors=10
Iteration 623: time=3.00, Factors=10
Iteration 624: time=3.00, Factors=10
Iteration 625: time=3.00, Factors=10
Iteration 626: time=3.11, ELBO=-103578997.08, deltaELBO=34.698 (0.00000538%), Factors=10
Iteration 627: time=3.00, Factors=10
Iteration 628: time=3.00, Factors=10
Iteration 629: time=3.00, Factors=10
Iteration 630: time=3.00, Factors=10
Iteration 631: time=3.11, ELBO=-103578962.40, deltaELBO=34.681 (0.00000538%), Factors=10
Iteration 632: time=3.00, Factors=10
Iteration 633: time=3.00, Factors=10
Iteration 634: time=3.00, Factors=10
Iteration 635: time=3.00, Factors=10
Iteration 636: time=3.11, ELBO=-103578927.73, deltaELBO=34.663 (0.00000537%), Factors=10
Iteration 637: time=3.01, Factors=10
Iteration 638: time=3.00, Factors=10
Iteration 639: time=3.00, Factors=10
Iteration 640: time=3.00, Factors=10
Iteration 641: time=3.12, ELBO=-103578893.09, deltaELBO=34.644 (0.00000537%), Factors=10
Iteration 642: time=3.00, Factors=10
Iteration 643: time=3.00, Factors=10
Iteration 644: time=3.00, Factors=10
Iteration 645: time=3.00, Factors=10
Iteration 646: time=3.11, ELBO=-103578858.47, deltaELBO=34.623 (0.00000537%), Factors=10
Iteration 647: time=3.01, Factors=10
Iteration 648: time=3.00, Factors=10
Iteration 649: time=3.00, Factors=10
Iteration 650: time=3.00, Factors=10
Iteration 651: time=3.12, ELBO=-103578823.87, deltaELBO=34.601 (0.00000536%), Factors=10
Iteration 652: time=3.01, Factors=10
Iteration 653: time=3.00, Factors=10
Iteration 654: time=3.00, Factors=10
Iteration 655: time=3.01, Factors=10
Iteration 656: time=3.11, ELBO=-103578789.29, deltaELBO=34.577 (0.00000536%), Factors=10
Iteration 657: time=3.01, Factors=10
Iteration 658: time=3.00, Factors=10
Iteration 659: time=3.00, Factors=10
Iteration 660: time=3.00, Factors=10
Iteration 661: time=3.12, ELBO=-103578754.74, deltaELBO=34.552 (0.00000536%), Factors=10
Iteration 662: time=3.01, Factors=10
Iteration 663: time=3.00, Factors=10
Iteration 664: time=3.00, Factors=10
Iteration 665: time=3.00, Factors=10
Iteration 666: time=3.11, ELBO=-103578720.21, deltaELBO=34.525 (0.00000535%), Factors=10
Iteration 667: time=3.01, Factors=10
Iteration 668: time=3.00, Factors=10
Iteration 669: time=3.00, Factors=10
Iteration 670: time=3.00, Factors=10
Iteration 671: time=3.11, ELBO=-103578685.71, deltaELBO=34.497 (0.00000535%), Factors=10
Iteration 672: time=3.00, Factors=10
Iteration 673: time=3.01, Factors=10
Iteration 674: time=3.00, Factors=10
Iteration 675: time=3.00, Factors=10
Iteration 676: time=3.10, ELBO=-103578651.25, deltaELBO=34.466 (0.00000534%), Factors=10
Iteration 677: time=3.00, Factors=10
Iteration 678: time=3.00, Factors=10
Iteration 679: time=3.00, Factors=10
Iteration 680: time=3.01, Factors=10
Iteration 681: time=3.13, ELBO=-103578616.82, deltaELBO=34.433 (0.00000534%), Factors=10
Iteration 682: time=3.02, Factors=10
Iteration 683: time=3.01, Factors=10
Iteration 684: time=3.00, Factors=10
Iteration 685: time=3.01, Factors=10
Iteration 686: time=3.11, ELBO=-103578582.42, deltaELBO=34.399 (0.00000533%), Factors=10
Iteration 687: time=3.01, Factors=10
Iteration 688: time=3.00, Factors=10
Iteration 689: time=3.01, Factors=10
Iteration 690: time=3.00, Factors=10
Iteration 691: time=3.12, ELBO=-103578548.05, deltaELBO=34.362 (0.00000533%), Factors=10
Iteration 692: time=3.01, Factors=10
Iteration 693: time=3.01, Factors=10
Iteration 694: time=3.00, Factors=10
Iteration 695: time=3.00, Factors=10
Iteration 696: time=3.11, ELBO=-103578513.73, deltaELBO=34.323 (0.00000532%), Factors=10
Iteration 697: time=3.01, Factors=10
Iteration 698: time=3.01, Factors=10
Iteration 699: time=3.01, Factors=10
Iteration 700: time=3.01, Factors=10
Iteration 701: time=3.12, ELBO=-103578479.45, deltaELBO=34.281 (0.00000531%), Factors=10
Iteration 702: time=3.02, Factors=10
Iteration 703: time=3.01, Factors=10
Iteration 704: time=3.01, Factors=10
Iteration 705: time=3.00, Factors=10
Iteration 706: time=3.11, ELBO=-103578445.21, deltaELBO=34.238 (0.00000531%), Factors=10
Iteration 707: time=3.00, Factors=10
Iteration 708: time=3.00, Factors=10
Iteration 709: time=3.00, Factors=10
Iteration 710: time=3.00, Factors=10
Iteration 711: time=3.11, ELBO=-103578411.02, deltaELBO=34.191 (0.00000530%), Factors=10
Iteration 712: time=3.00, Factors=10
Iteration 713: time=3.01, Factors=10
Iteration 714: time=3.00, Factors=10
Iteration 715: time=3.01, Factors=10
Iteration 716: time=3.11, ELBO=-103578376.88, deltaELBO=34.142 (0.00000529%), Factors=10
Iteration 717: time=3.00, Factors=10
Iteration 718: time=3.00, Factors=10
Iteration 719: time=3.00, Factors=10
Iteration 720: time=3.00, Factors=10
Iteration 721: time=3.11, ELBO=-103578342.79, deltaELBO=34.091 (0.00000528%), Factors=10
Iteration 722: time=3.00, Factors=10
Iteration 723: time=3.00, Factors=10
Iteration 724: time=3.00, Factors=10
Iteration 725: time=3.01, Factors=10
Iteration 726: time=3.11, ELBO=-103578308.75, deltaELBO=34.036 (0.00000528%), Factors=10
Iteration 727: time=3.01, Factors=10
Iteration 728: time=3.00, Factors=10
Iteration 729: time=3.00, Factors=10
Iteration 730: time=3.01, Factors=10
Iteration 731: time=3.11, ELBO=-103578274.77, deltaELBO=33.979 (0.00000527%), Factors=10
Iteration 732: time=3.00, Factors=10
Iteration 733: time=3.00, Factors=10
Iteration 734: time=3.00, Factors=10
Iteration 735: time=3.00, Factors=10
Iteration 736: time=3.11, ELBO=-103578240.85, deltaELBO=33.919 (0.00000526%), Factors=10
Iteration 737: time=3.00, Factors=10
Iteration 738: time=3.00, Factors=10
Iteration 739: time=3.00, Factors=10
Iteration 740: time=3.00, Factors=10
Iteration 741: time=3.11, ELBO=-103578207.00, deltaELBO=33.856 (0.00000525%), Factors=10
Iteration 742: time=3.01, Factors=10
Iteration 743: time=3.00, Factors=10
Iteration 744: time=3.00, Factors=10
Iteration 745: time=3.00, Factors=10
Iteration 746: time=3.11, ELBO=-103578173.21, deltaELBO=33.790 (0.00000524%), Factors=10
Iteration 747: time=3.01, Factors=10
Iteration 748: time=3.00, Factors=10
Iteration 749: time=3.00, Factors=10
Iteration 750: time=3.00, Factors=10
Iteration 751: time=3.12, ELBO=-103578139.49, deltaELBO=33.721 (0.00000523%), Factors=10
Iteration 752: time=3.00, Factors=10
Iteration 753: time=3.00, Factors=10
Iteration 754: time=3.00, Factors=10
Iteration 755: time=3.00, Factors=10
Iteration 756: time=3.11, ELBO=-103578105.84, deltaELBO=33.649 (0.00000522%), Factors=10
Iteration 757: time=3.00, Factors=10
Iteration 758: time=3.00, Factors=10
Iteration 759: time=3.00, Factors=10
Iteration 760: time=3.00, Factors=10
Iteration 761: time=3.11, ELBO=-103578072.27, deltaELBO=33.573 (0.00000520%), Factors=10
Iteration 762: time=3.00, Factors=10
Iteration 763: time=3.00, Factors=10
Iteration 764: time=3.00, Factors=10
Iteration 765: time=3.00, Factors=10
Iteration 766: time=3.11, ELBO=-103578038.77, deltaELBO=33.495 (0.00000519%), Factors=10
Iteration 767: time=3.01, Factors=10
Iteration 768: time=3.00, Factors=10
Iteration 769: time=3.00, Factors=10
Iteration 770: time=3.00, Factors=10
Iteration 771: time=3.11, ELBO=-103578005.36, deltaELBO=33.413 (0.00000518%), Factors=10
Iteration 772: time=3.00, Factors=10
Iteration 773: time=3.00, Factors=10
Iteration 774: time=3.00, Factors=10
Iteration 775: time=3.00, Factors=10
Iteration 776: time=3.11, ELBO=-103577972.03, deltaELBO=33.328 (0.00000517%), Factors=10
Iteration 777: time=3.01, Factors=10
Iteration 778: time=3.02, Factors=10
Iteration 779: time=3.01, Factors=10
Iteration 780: time=3.01, Factors=10
Iteration 781: time=3.12, ELBO=-103577938.79, deltaELBO=33.240 (0.00000515%), Factors=10
Iteration 782: time=3.00, Factors=10
Iteration 783: time=3.01, Factors=10
Iteration 784: time=3.00, Factors=10
Iteration 785: time=3.00, Factors=10
Iteration 786: time=3.11, ELBO=-103577905.64, deltaELBO=33.148 (0.00000514%), Factors=10
Iteration 787: time=3.00, Factors=10
Iteration 788: time=3.00, Factors=10
Iteration 789: time=3.00, Factors=10
Iteration 790: time=3.00, Factors=10
Iteration 791: time=3.12, ELBO=-103577872.59, deltaELBO=33.053 (0.00000512%), Factors=10
Iteration 792: time=3.00, Factors=10
Iteration 793: time=3.00, Factors=10
Iteration 794: time=3.00, Factors=10
Iteration 795: time=3.00, Factors=10
Iteration 796: time=3.11, ELBO=-103577839.64, deltaELBO=32.954 (0.00000511%), Factors=10
Iteration 797: time=3.01, Factors=10
Iteration 798: time=3.01, Factors=10
Iteration 799: time=3.01, Factors=10
Iteration 800: time=3.01, Factors=10
Iteration 801: time=3.12, ELBO=-103577806.78, deltaELBO=32.853 (0.00000509%), Factors=10
Iteration 802: time=3.01, Factors=10
Iteration 803: time=3.00, Factors=10
Iteration 804: time=2.99, Factors=10
Iteration 805: time=3.00, Factors=10
Iteration 806: time=3.12, ELBO=-103577774.04, deltaELBO=32.747 (0.00000508%), Factors=10
Iteration 807: time=3.01, Factors=10
Iteration 808: time=3.01, Factors=10
Iteration 809: time=3.00, Factors=10
Iteration 810: time=3.01, Factors=10
Iteration 811: time=3.12, ELBO=-103577741.40, deltaELBO=32.639 (0.00000506%), Factors=10
Iteration 812: time=3.01, Factors=10
Iteration 813: time=3.00, Factors=10
Iteration 814: time=3.00, Factors=10
Iteration 815: time=3.01, Factors=10
Iteration 816: time=3.11, ELBO=-103577708.87, deltaELBO=32.527 (0.00000504%), Factors=10
Iteration 817: time=3.01, Factors=10
Iteration 818: time=3.01, Factors=10
Iteration 819: time=3.01, Factors=10
Iteration 820: time=3.01, Factors=10
Iteration 821: time=3.13, ELBO=-103577676.46, deltaELBO=32.411 (0.00000502%), Factors=10
Iteration 822: time=3.01, Factors=10
Iteration 823: time=3.01, Factors=10
Iteration 824: time=3.00, Factors=10
Iteration 825: time=3.02, Factors=10
Iteration 826: time=3.13, ELBO=-103577644.17, deltaELBO=32.292 (0.00000500%), Factors=10
Iteration 827: time=3.01, Factors=10
Iteration 828: time=3.01, Factors=10
Iteration 829: time=3.02, Factors=10
Iteration 830: time=3.01, Factors=10
Iteration 831: time=3.12, ELBO=-103577612.00, deltaELBO=32.170 (0.00000499%), Factors=10
Iteration 832: time=3.01, Factors=10
Iteration 833: time=3.01, Factors=10
Iteration 834: time=3.01, Factors=10
Iteration 835: time=3.01, Factors=10
Iteration 836: time=3.12, ELBO=-103577579.95, deltaELBO=32.044 (0.00000497%), Factors=10

Converged!



#######################
## Training finished ##
#######################


Saving model in MOFA_output_factors10_iter20000_R2_-1.hdf5...
MOFA training complete. Results saved to "MOFA_output_factors10_iter20000_R2_-1.hdf5"
