Changed directory to /home/as3582/MO_survey/MOFA2.

JobID: 5903285
======
Time: Sat Mar  1 16:14:40 GMT 2025
Running on master node: gpu-q-40
Current directory: /home/as3582/MO_survey/MOFA2

Nodes allocated:
================
gpu-q-40

numtasks=1, numnodes=1, mpi_tasks_per_node=1 (OMP_NUM_THREADS=1)

Executing command:
==================
python MOFA_ncp3.py 

11080
OS                           : Linux-4.18.0-553.34.1.el8_10.x86_64-x86_64-with-glibc2.28
Python Version               : 3.12.8
CuPy Version                 : 13.3.0
CuPy Platform                : NVIDIA CUDA
NumPy Version                : 2.2.2
SciPy Version                : 1.15.1
Cython Build Version         : 0.29.37
Cython Runtime Version       : None
CUDA Root                    : /usr/local/software/cuda/11.4
nvcc PATH                    : /usr/local/software/cuda/11.4/bin/nvcc
CUDA Build Version           : 11080
CUDA Driver Version          : 12040
CUDA Runtime Version         : 11080 (linked to CuPy) / 11040 (locally installed)
CUDA Extra Include Dirs      : []
cuBLAS Version               : (available)
cuFFT Version                : 10502
cuRAND Version               : 10205
cuSOLVER Version             : (11, 2, 0)
cuSPARSE Version             : (available)
NVRTC Version                : (11, 4)
Thrust Version               : 200600
CUB Build Version            : 200600
Jitify Build Version         : <unknown>
cuDNN Build Version          : None
cuDNN Version                : None
NCCL Build Version           : None
NCCL Runtime Version         : None
cuTENSOR Version             : None
cuSPARSELt Build Version     : None
Device 0 Name                : NVIDIA A100-SXM4-80GB
Device 0 Compute Capability  : 80
Device 0 PCI Bus ID          : 0000:C1:00.0
None

        #########################################################
        ###           __  __  ____  ______                    ### 
        ###          |  \/  |/ __ \|  ____/\    _             ### 
        ###          | \  / | |  | | |__ /  \ _| |_           ### 
        ###          | |\/| | |  | |  __/ /\ \_   _|          ###
        ###          | |  | | |__| | | / ____ \|_|            ###
        ###          |_|  |_|\____/|_|/_/    \_\              ###
        ###                                                   ### 
        ######################################################### 
       
 
        
Features names not provided, using default naming convention:
- feature1_view1, featureD_viewM

Groups names not provided, using default naming convention:
- group1, group2, ..., groupG

Samples names not provided, using default naming convention:
- sample1_group1, sample2_group1, sample1_group2, ..., sampleN_groupG

Successfully loaded view='CNV' group='group0' with N=625 samples and D=35858 features...
Successfully loaded view='Methylation' group='group0' with N=625 samples and D=36761 features...
Successfully loaded view='SNPs' group='group0' with N=625 samples and D=12926 features...
Successfully loaded view='RNAseq' group='group0' with N=625 samples and D=56717 features...
Successfully loaded view='miRNA' group='group0' with N=625 samples and D=1568 features...


Model options:
- Automatic Relevance Determination prior on the factors: False
- Automatic Relevance Determination prior on the weights: True
- Spike-and-slab prior on the factors: False
- Spike-and-slab prior on the weights: False
Likelihoods:
- View 0 (CNV): gaussian
- View 1 (Methylation): gaussian
- View 2 (SNPs): bernoulli
- View 3 (RNAseq): gaussian
- View 4 (miRNA): gaussian



GPU mode is activated



######################################
## Training the model with seed 123 ##
######################################


ELBO before training: -315230330.27 

Iteration 1: time=2.40, ELBO=-113233189.72, deltaELBO=201997140.550 (64.07922118%), Factors=3
Iteration 2: time=1.51, Factors=3
Iteration 3: time=1.51, Factors=3
Iteration 4: time=1.51, Factors=3
Iteration 5: time=1.51, Factors=3
Iteration 6: time=1.60, ELBO=-110168732.08, deltaELBO=3064457.636 (0.97213286%), Factors=3
Iteration 7: time=1.51, Factors=3
Iteration 8: time=1.51, Factors=3
Iteration 9: time=1.52, Factors=3
Iteration 10: time=1.51, Factors=3
Iteration 11: time=1.61, ELBO=-110156097.85, deltaELBO=12634.227 (0.00400794%), Factors=3
Iteration 12: time=1.52, Factors=3
Iteration 13: time=1.51, Factors=3
Iteration 14: time=1.51, Factors=3
Iteration 15: time=1.52, Factors=3
Iteration 16: time=1.60, ELBO=-110152764.67, deltaELBO=3333.188 (0.00105738%), Factors=3
Iteration 17: time=1.52, Factors=3
Iteration 18: time=1.52, Factors=3
Iteration 19: time=1.51, Factors=3
Iteration 20: time=1.51, Factors=3
Iteration 21: time=1.61, ELBO=-110151299.83, deltaELBO=1464.835 (0.00046469%), Factors=3
Iteration 22: time=1.51, Factors=3
Iteration 23: time=1.51, Factors=3
Iteration 24: time=1.52, Factors=3
Iteration 25: time=1.51, Factors=3
Iteration 26: time=1.61, ELBO=-110150413.04, deltaELBO=886.788 (0.00028131%), Factors=3
Iteration 27: time=1.52, Factors=3
Iteration 28: time=1.51, Factors=3
Iteration 29: time=1.52, Factors=3
Iteration 30: time=1.52, Factors=3
Iteration 31: time=1.61, ELBO=-110149814.31, deltaELBO=598.738 (0.00018994%), Factors=3
Iteration 32: time=1.51, Factors=3
Iteration 33: time=1.52, Factors=3
Iteration 34: time=1.51, Factors=3
Iteration 35: time=1.51, Factors=3
Iteration 36: time=1.60, ELBO=-110149389.37, deltaELBO=424.935 (0.00013480%), Factors=3
Iteration 37: time=1.52, Factors=3
Iteration 38: time=1.51, Factors=3
Iteration 39: time=1.51, Factors=3
Iteration 40: time=1.51, Factors=3
Iteration 41: time=1.60, ELBO=-110149077.95, deltaELBO=311.421 (0.00009879%), Factors=3
Iteration 42: time=1.51, Factors=3
Iteration 43: time=1.51, Factors=3
Iteration 44: time=1.51, Factors=3
Iteration 45: time=1.52, Factors=3
Iteration 46: time=1.60, ELBO=-110148843.67, deltaELBO=234.275 (0.00007432%), Factors=3
Iteration 47: time=1.51, Factors=3
Iteration 48: time=1.52, Factors=3
Iteration 49: time=1.51, Factors=3
Iteration 50: time=1.50, Factors=3
Iteration 51: time=1.62, ELBO=-110148663.13, deltaELBO=180.542 (0.00005727%), Factors=3
Iteration 52: time=1.51, Factors=3
Iteration 53: time=1.51, Factors=3
Iteration 54: time=1.51, Factors=3
Iteration 55: time=1.51, Factors=3
Iteration 56: time=1.61, ELBO=-110148520.70, deltaELBO=142.427 (0.00004518%), Factors=3
Iteration 57: time=1.53, Factors=3
Iteration 58: time=1.51, Factors=3
Iteration 59: time=1.51, Factors=3
Iteration 60: time=1.51, Factors=3
Iteration 61: time=1.60, ELBO=-110148405.74, deltaELBO=114.960 (0.00003647%), Factors=3
Iteration 62: time=1.50, Factors=3
Iteration 63: time=1.51, Factors=3
Iteration 64: time=1.52, Factors=3
Iteration 65: time=1.51, Factors=3
Iteration 66: time=1.61, ELBO=-110148310.88, deltaELBO=94.870 (0.00003010%), Factors=3
Iteration 67: time=1.51, Factors=3
Iteration 68: time=1.51, Factors=3
Iteration 69: time=1.51, Factors=3
Iteration 70: time=1.51, Factors=3
Iteration 71: time=1.61, ELBO=-110148230.92, deltaELBO=79.958 (0.00002536%), Factors=3
Iteration 72: time=1.51, Factors=3
Iteration 73: time=1.51, Factors=3
Iteration 74: time=1.51, Factors=3
Iteration 75: time=1.51, Factors=3
Iteration 76: time=1.60, ELBO=-110148162.19, deltaELBO=68.724 (0.00002180%), Factors=3
Iteration 77: time=1.52, Factors=3
Iteration 78: time=1.52, Factors=3
Iteration 79: time=1.51, Factors=3
Iteration 80: time=1.51, Factors=3
Iteration 81: time=1.61, ELBO=-110148102.06, deltaELBO=60.134 (0.00001908%), Factors=3
Iteration 82: time=1.51, Factors=3
Iteration 83: time=1.51, Factors=3
Iteration 84: time=1.53, Factors=3
Iteration 85: time=1.52, Factors=3
Iteration 86: time=1.60, ELBO=-110148048.60, deltaELBO=53.463 (0.00001696%), Factors=3
Iteration 87: time=1.52, Factors=3
Iteration 88: time=1.51, Factors=3
Iteration 89: time=1.51, Factors=3
Iteration 90: time=1.51, Factors=3
Iteration 91: time=1.61, ELBO=-110148000.39, deltaELBO=48.204 (0.00001529%), Factors=3
Iteration 92: time=1.51, Factors=3
Iteration 93: time=1.52, Factors=3
Iteration 94: time=1.51, Factors=3
Iteration 95: time=1.51, Factors=3
Iteration 96: time=1.61, ELBO=-110147956.40, deltaELBO=43.995 (0.00001396%), Factors=3
Iteration 97: time=1.51, Factors=3
Iteration 98: time=1.51, Factors=3
Iteration 99: time=1.52, Factors=3
Iteration 100: time=1.51, Factors=3
Iteration 101: time=1.60, ELBO=-110147915.82, deltaELBO=40.575 (0.00001287%), Factors=3
Iteration 102: time=1.52, Factors=3
Iteration 103: time=1.51, Factors=3
Iteration 104: time=1.51, Factors=3
Iteration 105: time=1.52, Factors=3
Iteration 106: time=1.60, ELBO=-110147878.07, deltaELBO=37.756 (0.00001198%), Factors=3
Iteration 107: time=1.51, Factors=3
Iteration 108: time=1.51, Factors=3
Iteration 109: time=1.50, Factors=3
Iteration 110: time=1.50, Factors=3
Iteration 111: time=1.60, ELBO=-110147842.66, deltaELBO=35.401 (0.00001123%), Factors=3
Iteration 112: time=1.50, Factors=3
Iteration 113: time=1.51, Factors=3
Iteration 114: time=1.51, Factors=3
Iteration 115: time=1.51, Factors=3
Iteration 116: time=1.60, ELBO=-110147809.26, deltaELBO=33.408 (0.00001060%), Factors=3
Iteration 117: time=1.52, Factors=3
Iteration 118: time=1.50, Factors=3
Iteration 119: time=1.51, Factors=3
Iteration 120: time=1.51, Factors=3
Iteration 121: time=1.60, ELBO=-110147777.56, deltaELBO=31.701 (0.00001006%), Factors=3
Iteration 122: time=1.51, Factors=3
Iteration 123: time=1.51, Factors=3
Iteration 124: time=1.51, Factors=3
Iteration 125: time=1.51, Factors=3
Iteration 126: time=1.60, ELBO=-110147747.33, deltaELBO=30.222 (0.00000959%), Factors=3
Iteration 127: time=1.51, Factors=3
Iteration 128: time=1.51, Factors=3
Iteration 129: time=1.51, Factors=3
Iteration 130: time=1.51, Factors=3
Iteration 131: time=1.60, ELBO=-110147718.40, deltaELBO=28.928 (0.00000918%), Factors=3
Iteration 132: time=1.51, Factors=3
Iteration 133: time=1.51, Factors=3
Iteration 134: time=1.51, Factors=3
Iteration 135: time=1.51, Factors=3
Iteration 136: time=1.59, ELBO=-110147690.62, deltaELBO=27.786 (0.00000881%), Factors=3
Iteration 137: time=1.51, Factors=3
Iteration 138: time=1.51, Factors=3
Iteration 139: time=1.51, Factors=3
Iteration 140: time=1.50, Factors=3
Iteration 141: time=1.60, ELBO=-110147663.85, deltaELBO=26.768 (0.00000849%), Factors=3
Iteration 142: time=1.51, Factors=3
Iteration 143: time=1.50, Factors=3
Iteration 144: time=1.51, Factors=3
Iteration 145: time=1.51, Factors=3
Iteration 146: time=1.60, ELBO=-110147637.99, deltaELBO=25.855 (0.00000820%), Factors=3
Iteration 147: time=1.52, Factors=3
Iteration 148: time=1.51, Factors=3
Iteration 149: time=1.51, Factors=3
Iteration 150: time=1.51, Factors=3
Iteration 151: time=1.60, ELBO=-110147612.96, deltaELBO=25.030 (0.00000794%), Factors=3
Iteration 152: time=1.51, Factors=3
Iteration 153: time=1.51, Factors=3
Iteration 154: time=1.51, Factors=3
Iteration 155: time=1.51, Factors=3
Iteration 156: time=1.60, ELBO=-110147588.68, deltaELBO=24.280 (0.00000770%), Factors=3
Iteration 157: time=1.52, Factors=3
Iteration 158: time=1.51, Factors=3
Iteration 159: time=1.52, Factors=3
Iteration 160: time=1.50, Factors=3
Iteration 161: time=1.60, ELBO=-110147565.09, deltaELBO=23.595 (0.00000748%), Factors=3
Iteration 162: time=1.52, Factors=3
Iteration 163: time=1.51, Factors=3
Iteration 164: time=1.51, Factors=3
Iteration 165: time=1.51, Factors=3
Iteration 166: time=1.61, ELBO=-110147542.13, deltaELBO=22.964 (0.00000728%), Factors=3
Iteration 167: time=1.51, Factors=3
Iteration 168: time=1.51, Factors=3
Iteration 169: time=1.51, Factors=3
Iteration 170: time=1.50, Factors=3
Iteration 171: time=1.61, ELBO=-110147519.74, deltaELBO=22.383 (0.00000710%), Factors=3
Iteration 172: time=1.51, Factors=3
Iteration 173: time=1.51, Factors=3
Iteration 174: time=1.51, Factors=3
Iteration 175: time=1.51, Factors=3
Iteration 176: time=1.60, ELBO=-110147497.90, deltaELBO=21.843 (0.00000693%), Factors=3
Iteration 177: time=1.52, Factors=3
Iteration 178: time=1.51, Factors=3
Iteration 179: time=1.51, Factors=3
Iteration 180: time=1.51, Factors=3
Iteration 181: time=1.61, ELBO=-110147476.56, deltaELBO=21.342 (0.00000677%), Factors=3
Iteration 182: time=1.51, Factors=3
Iteration 183: time=1.51, Factors=3
Iteration 184: time=1.51, Factors=3
Iteration 185: time=1.51, Factors=3
Iteration 186: time=1.61, ELBO=-110147455.68, deltaELBO=20.873 (0.00000662%), Factors=3
Iteration 187: time=1.51, Factors=3
Iteration 188: time=1.51, Factors=3
Iteration 189: time=1.52, Factors=3
Iteration 190: time=1.51, Factors=3
Iteration 191: time=1.60, ELBO=-110147435.25, deltaELBO=20.434 (0.00000648%), Factors=3
Iteration 192: time=1.51, Factors=3
Iteration 193: time=1.51, Factors=3
Iteration 194: time=1.50, Factors=3
Iteration 195: time=1.51, Factors=3
Iteration 196: time=1.59, ELBO=-110147415.23, deltaELBO=20.021 (0.00000635%), Factors=3
Iteration 197: time=1.51, Factors=3
Iteration 198: time=1.51, Factors=3
Iteration 199: time=1.51, Factors=3
Iteration 200: time=1.51, Factors=3
Iteration 201: time=1.61, ELBO=-110147395.60, deltaELBO=19.632 (0.00000623%), Factors=3
Iteration 202: time=1.50, Factors=3
Iteration 203: time=1.51, Factors=3
Iteration 204: time=1.51, Factors=3
Iteration 205: time=1.51, Factors=3
Iteration 206: time=1.60, ELBO=-110147376.33, deltaELBO=19.265 (0.00000611%), Factors=3
Iteration 207: time=1.52, Factors=3
Iteration 208: time=1.50, Factors=3
Iteration 209: time=1.51, Factors=3
Iteration 210: time=1.51, Factors=3
Iteration 211: time=1.60, ELBO=-110147357.42, deltaELBO=18.917 (0.00000600%), Factors=3
Iteration 212: time=1.51, Factors=3
Iteration 213: time=1.52, Factors=3
Iteration 214: time=1.50, Factors=3
Iteration 215: time=1.51, Factors=3
Iteration 216: time=1.61, ELBO=-110147338.83, deltaELBO=18.587 (0.00000590%), Factors=3
Iteration 217: time=1.51, Factors=3
Iteration 218: time=1.51, Factors=3
Iteration 219: time=1.51, Factors=3
Iteration 220: time=1.50, Factors=3
Iteration 221: time=1.60, ELBO=-110147320.56, deltaELBO=18.273 (0.00000580%), Factors=3
Iteration 222: time=1.51, Factors=3
Iteration 223: time=1.51, Factors=3
Iteration 224: time=1.50, Factors=3
Iteration 225: time=1.51, Factors=3
Iteration 226: time=1.60, ELBO=-110147302.58, deltaELBO=17.973 (0.00000570%), Factors=3
Iteration 227: time=1.51, Factors=3
Iteration 228: time=1.51, Factors=3
Iteration 229: time=1.51, Factors=3
Iteration 230: time=1.50, Factors=3
Iteration 231: time=1.61, ELBO=-110147284.90, deltaELBO=17.688 (0.00000561%), Factors=3
Iteration 232: time=1.50, Factors=3
Iteration 233: time=1.51, Factors=3
Iteration 234: time=1.51, Factors=3
Iteration 235: time=1.51, Factors=3
Iteration 236: time=1.60, ELBO=-110147267.48, deltaELBO=17.415 (0.00000552%), Factors=3
Iteration 237: time=1.51, Factors=3
Iteration 238: time=1.50, Factors=3
Iteration 239: time=1.51, Factors=3
Iteration 240: time=1.51, Factors=3
Iteration 241: time=1.60, ELBO=-110147250.33, deltaELBO=17.153 (0.00000544%), Factors=3
Iteration 242: time=1.51, Factors=3
Iteration 243: time=1.52, Factors=3
Iteration 244: time=1.51, Factors=3
Iteration 245: time=1.51, Factors=3
Iteration 246: time=1.61, ELBO=-110147233.43, deltaELBO=16.903 (0.00000536%), Factors=3
Iteration 247: time=1.51, Factors=3
Iteration 248: time=1.51, Factors=3
Iteration 249: time=1.52, Factors=3
Iteration 250: time=1.50, Factors=3
Iteration 251: time=1.60, ELBO=-110147216.76, deltaELBO=16.662 (0.00000529%), Factors=3
Iteration 252: time=1.51, Factors=3
Iteration 253: time=1.51, Factors=3
Iteration 254: time=1.51, Factors=3
Iteration 255: time=1.52, Factors=3
Iteration 256: time=1.60, ELBO=-110147200.33, deltaELBO=16.430 (0.00000521%), Factors=3
Iteration 257: time=1.51, Factors=3
Iteration 258: time=1.51, Factors=3
Iteration 259: time=1.51, Factors=3
Iteration 260: time=1.51, Factors=3
Iteration 261: time=1.61, ELBO=-110147184.13, deltaELBO=16.207 (0.00000514%), Factors=3
Iteration 262: time=1.51, Factors=3
Iteration 263: time=1.51, Factors=3
Iteration 264: time=1.51, Factors=3
Iteration 265: time=1.51, Factors=3
Iteration 266: time=1.60, ELBO=-110147168.13, deltaELBO=15.992 (0.00000507%), Factors=3
Iteration 267: time=1.52, Factors=3
Iteration 268: time=1.51, Factors=3
Iteration 269: time=1.51, Factors=3
Iteration 270: time=1.51, Factors=3
Iteration 271: time=1.60, ELBO=-110147152.35, deltaELBO=15.785 (0.00000501%), Factors=3
Iteration 272: time=1.51, Factors=3
Iteration 273: time=1.51, Factors=3
Iteration 274: time=1.50, Factors=3
Iteration 275: time=1.51, Factors=3
Iteration 276: time=1.60, ELBO=-110147136.76, deltaELBO=15.584 (0.00000494%), Factors=3
Iteration 277: time=1.51, Factors=3
Iteration 278: time=1.50, Factors=3
Iteration 279: time=1.51, Factors=3
Iteration 280: time=1.51, Factors=3
Iteration 281: time=1.60, ELBO=-110147121.37, deltaELBO=15.390 (0.00000488%), Factors=3

Converged!



#######################
## Training finished ##
#######################


Saving model in MOFA_output_factors3_iter20000_R2_-1.hdf5...
MOFA training complete. Results saved to "MOFA_output_factors3_iter20000_R2_-1.hdf5"
