Changed directory to /home/as3582/MO_survey/MOFA2.

JobID: 5903287
======
Time: Sat Mar  1 16:26:03 GMT 2025
Running on master node: gpu-q-43
Current directory: /home/as3582/MO_survey/MOFA2

Nodes allocated:
================
gpu-q-43

numtasks=1, numnodes=1, mpi_tasks_per_node=1 (OMP_NUM_THREADS=1)

Executing command:
==================
python MOFA_ncp5.py 

11080
OS                           : Linux-4.18.0-553.34.1.el8_10.x86_64-x86_64-with-glibc2.28
Python Version               : 3.12.8
CuPy Version                 : 13.3.0
CuPy Platform                : NVIDIA CUDA
NumPy Version                : 2.2.2
SciPy Version                : 1.15.1
Cython Build Version         : 0.29.37
Cython Runtime Version       : None
CUDA Root                    : /usr/local/software/cuda/11.4
nvcc PATH                    : /usr/local/software/cuda/11.4/bin/nvcc
CUDA Build Version           : 11080
CUDA Driver Version          : 12040
CUDA Runtime Version         : 11080 (linked to CuPy) / 11040 (locally installed)
CUDA Extra Include Dirs      : []
cuBLAS Version               : (available)
cuFFT Version                : 10502
cuRAND Version               : 10205
cuSOLVER Version             : (11, 2, 0)
cuSPARSE Version             : (available)
NVRTC Version                : (11, 4)
Thrust Version               : 200600
CUB Build Version            : 200600
Jitify Build Version         : <unknown>
cuDNN Build Version          : None
cuDNN Version                : None
NCCL Build Version           : None
NCCL Runtime Version         : None
cuTENSOR Version             : None
cuSPARSELt Build Version     : None
Device 0 Name                : NVIDIA A100-SXM4-80GB
Device 0 Compute Capability  : 80
Device 0 PCI Bus ID          : 0000:01:00.0
None

        #########################################################
        ###           __  __  ____  ______                    ### 
        ###          |  \/  |/ __ \|  ____/\    _             ### 
        ###          | \  / | |  | | |__ /  \ _| |_           ### 
        ###          | |\/| | |  | |  __/ /\ \_   _|          ###
        ###          | |  | | |__| | | / ____ \|_|            ###
        ###          |_|  |_|\____/|_|/_/    \_\              ###
        ###                                                   ### 
        ######################################################### 
       
 
        
Features names not provided, using default naming convention:
- feature1_view1, featureD_viewM

Groups names not provided, using default naming convention:
- group1, group2, ..., groupG

Samples names not provided, using default naming convention:
- sample1_group1, sample2_group1, sample1_group2, ..., sampleN_groupG

Successfully loaded view='CNV' group='group0' with N=625 samples and D=35858 features...
Successfully loaded view='Methylation' group='group0' with N=625 samples and D=36761 features...
Successfully loaded view='SNPs' group='group0' with N=625 samples and D=12926 features...
Successfully loaded view='RNAseq' group='group0' with N=625 samples and D=56717 features...
Successfully loaded view='miRNA' group='group0' with N=625 samples and D=1568 features...


Model options:
- Automatic Relevance Determination prior on the factors: False
- Automatic Relevance Determination prior on the weights: True
- Spike-and-slab prior on the factors: False
- Spike-and-slab prior on the weights: False
Likelihoods:
- View 0 (CNV): gaussian
- View 1 (Methylation): gaussian
- View 2 (SNPs): bernoulli
- View 3 (RNAseq): gaussian
- View 4 (miRNA): gaussian



GPU mode is activated



######################################
## Training the model with seed 123 ##
######################################


ELBO before training: -418086517.32 

Iteration 1: time=2.87, ELBO=-112701690.80, deltaELBO=305384826.519 (73.04345246%), Factors=5
Iteration 2: time=1.94, Factors=5
Iteration 3: time=1.94, Factors=5
Iteration 4: time=1.94, Factors=5
Iteration 5: time=1.94, Factors=5
Iteration 6: time=2.04, ELBO=-107917237.51, deltaELBO=4784453.296 (1.14436919%), Factors=5
Iteration 7: time=1.94, Factors=5
Iteration 8: time=1.94, Factors=5
Iteration 9: time=1.94, Factors=5
Iteration 10: time=1.94, Factors=5
Iteration 11: time=2.04, ELBO=-107874267.17, deltaELBO=42970.332 (0.01027786%), Factors=5
Iteration 12: time=1.94, Factors=5
Iteration 13: time=1.94, Factors=5
Iteration 14: time=1.94, Factors=5
Iteration 15: time=1.94, Factors=5
Iteration 16: time=2.04, ELBO=-107858616.14, deltaELBO=15651.033 (0.00374349%), Factors=5
Iteration 17: time=1.94, Factors=5
Iteration 18: time=1.95, Factors=5
Iteration 19: time=1.94, Factors=5
Iteration 20: time=1.94, Factors=5
Iteration 21: time=2.04, ELBO=-107851970.93, deltaELBO=6645.208 (0.00158943%), Factors=5
Iteration 22: time=1.94, Factors=5
Iteration 23: time=1.94, Factors=5
Iteration 24: time=1.95, Factors=5
Iteration 25: time=1.94, Factors=5
Iteration 26: time=2.04, ELBO=-107848226.87, deltaELBO=3744.059 (0.00089552%), Factors=5
Iteration 27: time=1.95, Factors=5
Iteration 28: time=1.94, Factors=5
Iteration 29: time=1.94, Factors=5
Iteration 30: time=1.95, Factors=5
Iteration 31: time=2.04, ELBO=-107845587.03, deltaELBO=2639.845 (0.00063141%), Factors=5
Iteration 32: time=1.94, Factors=5
Iteration 33: time=1.95, Factors=5
Iteration 34: time=1.94, Factors=5
Iteration 35: time=1.94, Factors=5
Iteration 36: time=2.05, ELBO=-107843469.33, deltaELBO=2117.698 (0.00050652%), Factors=5
Iteration 37: time=1.95, Factors=5
Iteration 38: time=1.94, Factors=5
Iteration 39: time=1.95, Factors=5
Iteration 40: time=1.94, Factors=5
Iteration 41: time=2.04, ELBO=-107841644.11, deltaELBO=1825.222 (0.00043657%), Factors=5
Iteration 42: time=1.95, Factors=5
Iteration 43: time=1.94, Factors=5
Iteration 44: time=1.94, Factors=5
Iteration 45: time=1.94, Factors=5
Iteration 46: time=2.04, ELBO=-107840000.50, deltaELBO=1643.610 (0.00039313%), Factors=5
Iteration 47: time=1.94, Factors=5
Iteration 48: time=1.94, Factors=5
Iteration 49: time=1.94, Factors=5
Iteration 50: time=1.94, Factors=5
Iteration 51: time=2.04, ELBO=-107838478.13, deltaELBO=1522.373 (0.00036413%), Factors=5
Iteration 52: time=1.95, Factors=5
Iteration 53: time=1.94, Factors=5
Iteration 54: time=1.95, Factors=5
Iteration 55: time=1.94, Factors=5
Iteration 56: time=2.04, ELBO=-107837043.67, deltaELBO=1434.461 (0.00034310%), Factors=5
Iteration 57: time=1.95, Factors=5
Iteration 58: time=1.94, Factors=5
Iteration 59: time=1.94, Factors=5
Iteration 60: time=1.95, Factors=5
Iteration 61: time=2.04, ELBO=-107835681.01, deltaELBO=1362.656 (0.00032593%), Factors=5
Iteration 62: time=1.94, Factors=5
Iteration 63: time=1.95, Factors=5
Iteration 64: time=1.94, Factors=5
Iteration 65: time=1.94, Factors=5
Iteration 66: time=2.04, ELBO=-107834386.07, deltaELBO=1294.937 (0.00030973%), Factors=5
Iteration 67: time=1.95, Factors=5
Iteration 68: time=1.94, Factors=5
Iteration 69: time=1.95, Factors=5
Iteration 70: time=1.94, Factors=5
Iteration 71: time=2.04, ELBO=-107833163.16, deltaELBO=1222.915 (0.00029250%), Factors=5
Iteration 72: time=1.95, Factors=5
Iteration 73: time=1.94, Factors=5
Iteration 74: time=1.94, Factors=5
Iteration 75: time=1.94, Factors=5
Iteration 76: time=2.04, ELBO=-107832021.63, deltaELBO=1141.529 (0.00027304%), Factors=5
Iteration 77: time=1.95, Factors=5
Iteration 78: time=1.94, Factors=5
Iteration 79: time=1.94, Factors=5
Iteration 80: time=1.94, Factors=5
Iteration 81: time=2.05, ELBO=-107830972.53, deltaELBO=1049.105 (0.00025093%), Factors=5
Iteration 82: time=1.94, Factors=5
Iteration 83: time=1.94, Factors=5
Iteration 84: time=1.95, Factors=5
Iteration 85: time=1.94, Factors=5
Iteration 86: time=2.04, ELBO=-107830025.33, deltaELBO=947.197 (0.00022656%), Factors=5
Iteration 87: time=1.95, Factors=5
Iteration 88: time=1.94, Factors=5
Iteration 89: time=1.94, Factors=5
Iteration 90: time=1.95, Factors=5
Iteration 91: time=2.04, ELBO=-107829185.50, deltaELBO=839.830 (0.00020087%), Factors=5
Iteration 92: time=1.94, Factors=5
Iteration 93: time=1.95, Factors=5
Iteration 94: time=1.94, Factors=5
Iteration 95: time=1.94, Factors=5
Iteration 96: time=2.05, ELBO=-107828453.29, deltaELBO=732.211 (0.00017513%), Factors=5
Iteration 97: time=1.95, Factors=5
Iteration 98: time=1.94, Factors=5
Iteration 99: time=1.96, Factors=5
Iteration 100: time=1.94, Factors=5
Iteration 101: time=2.04, ELBO=-107827823.97, deltaELBO=629.318 (0.00015052%), Factors=5
Iteration 102: time=1.95, Factors=5
Iteration 103: time=1.95, Factors=5
Iteration 104: time=1.94, Factors=5
Iteration 105: time=1.95, Factors=5
Iteration 106: time=2.04, ELBO=-107827289.07, deltaELBO=534.895 (0.00012794%), Factors=5
Iteration 107: time=1.95, Factors=5
Iteration 108: time=1.95, Factors=5
Iteration 109: time=1.94, Factors=5
Iteration 110: time=1.94, Factors=5
Iteration 111: time=2.05, ELBO=-107826838.00, deltaELBO=451.076 (0.00010789%), Factors=5
Iteration 112: time=1.94, Factors=5
Iteration 113: time=1.94, Factors=5
Iteration 114: time=1.95, Factors=5
Iteration 115: time=1.94, Factors=5
Iteration 116: time=2.04, ELBO=-107826459.46, deltaELBO=378.543 (0.00009054%), Factors=5
Iteration 117: time=1.95, Factors=5
Iteration 118: time=1.94, Factors=5
Iteration 119: time=1.94, Factors=5
Iteration 120: time=1.94, Factors=5
Iteration 121: time=2.04, ELBO=-107826142.51, deltaELBO=316.943 (0.00007581%), Factors=5
Iteration 122: time=1.94, Factors=5
Iteration 123: time=1.95, Factors=5
Iteration 124: time=1.94, Factors=5
Iteration 125: time=1.94, Factors=5
Iteration 126: time=2.04, ELBO=-107825877.19, deltaELBO=265.327 (0.00006346%), Factors=5
Iteration 127: time=1.95, Factors=5
Iteration 128: time=1.94, Factors=5
Iteration 129: time=1.95, Factors=5
Iteration 130: time=1.94, Factors=5
Iteration 131: time=2.04, ELBO=-107825654.70, deltaELBO=222.486 (0.00005322%), Factors=5
Iteration 132: time=1.95, Factors=5
Iteration 133: time=1.94, Factors=5
Iteration 134: time=1.94, Factors=5
Iteration 135: time=1.95, Factors=5
Iteration 136: time=2.04, ELBO=-107825467.54, deltaELBO=187.160 (0.00004477%), Factors=5
Iteration 137: time=1.95, Factors=5
Iteration 138: time=1.95, Factors=5
Iteration 139: time=1.94, Factors=5
Iteration 140: time=1.94, Factors=5
Iteration 141: time=2.05, ELBO=-107825309.38, deltaELBO=158.161 (0.00003783%), Factors=5
Iteration 142: time=1.95, Factors=5
Iteration 143: time=1.94, Factors=5
Iteration 144: time=1.94, Factors=5
Iteration 145: time=1.94, Factors=5
Iteration 146: time=2.04, ELBO=-107825174.95, deltaELBO=134.425 (0.00003215%), Factors=5
Iteration 147: time=1.95, Factors=5
Iteration 148: time=1.94, Factors=5
Iteration 149: time=1.94, Factors=5
Iteration 150: time=1.95, Factors=5
Iteration 151: time=2.04, ELBO=-107825059.92, deltaELBO=115.029 (0.00002751%), Factors=5
Iteration 152: time=1.94, Factors=5
Iteration 153: time=1.95, Factors=5
Iteration 154: time=1.94, Factors=5
Iteration 155: time=1.94, Factors=5
Iteration 156: time=2.04, ELBO=-107824960.73, deltaELBO=99.191 (0.00002372%), Factors=5
Iteration 157: time=1.95, Factors=5
Iteration 158: time=1.94, Factors=5
Iteration 159: time=1.95, Factors=5
Iteration 160: time=1.94, Factors=5
Iteration 161: time=2.04, ELBO=-107824874.48, deltaELBO=86.255 (0.00002063%), Factors=5
Iteration 162: time=1.95, Factors=5
Iteration 163: time=1.94, Factors=5
Iteration 164: time=1.94, Factors=5
Iteration 165: time=1.95, Factors=5
Iteration 166: time=2.05, ELBO=-107824798.80, deltaELBO=75.682 (0.00001810%), Factors=5
Iteration 167: time=1.94, Factors=5
Iteration 168: time=1.95, Factors=5
Iteration 169: time=1.94, Factors=5
Iteration 170: time=1.94, Factors=5
Iteration 171: time=2.05, ELBO=-107824731.77, deltaELBO=67.027 (0.00001603%), Factors=5
Iteration 172: time=1.94, Factors=5
Iteration 173: time=1.94, Factors=5
Iteration 174: time=1.94, Factors=5
Iteration 175: time=1.94, Factors=5
Iteration 176: time=2.04, ELBO=-107824671.84, deltaELBO=59.927 (0.00001433%), Factors=5
Iteration 177: time=1.95, Factors=5
Iteration 178: time=1.94, Factors=5
Iteration 179: time=1.94, Factors=5
Iteration 180: time=1.95, Factors=5
Iteration 181: time=2.04, ELBO=-107824617.75, deltaELBO=54.088 (0.00001294%), Factors=5
Iteration 182: time=1.94, Factors=5
Iteration 183: time=1.95, Factors=5
Iteration 184: time=1.94, Factors=5
Iteration 185: time=1.94, Factors=5
Iteration 186: time=2.04, ELBO=-107824568.48, deltaELBO=49.270 (0.00001178%), Factors=5
Iteration 187: time=1.95, Factors=5
Iteration 188: time=1.95, Factors=5
Iteration 189: time=1.95, Factors=5
Iteration 190: time=1.94, Factors=5
Iteration 191: time=2.04, ELBO=-107824523.20, deltaELBO=45.281 (0.00001083%), Factors=5
Iteration 192: time=1.95, Factors=5
Iteration 193: time=1.95, Factors=5
Iteration 194: time=1.94, Factors=5
Iteration 195: time=1.95, Factors=5
Iteration 196: time=2.04, ELBO=-107824481.24, deltaELBO=41.963 (0.00001004%), Factors=5
Iteration 197: time=1.95, Factors=5
Iteration 198: time=1.95, Factors=5
Iteration 199: time=1.95, Factors=5
Iteration 200: time=1.94, Factors=5
Iteration 201: time=2.05, ELBO=-107824442.05, deltaELBO=39.191 (0.00000937%), Factors=5
Iteration 202: time=1.94, Factors=5
Iteration 203: time=1.94, Factors=5
Iteration 204: time=1.95, Factors=5
Iteration 205: time=1.94, Factors=5
Iteration 206: time=2.04, ELBO=-107824405.19, deltaELBO=36.862 (0.00000882%), Factors=5
Iteration 207: time=1.95, Factors=5
Iteration 208: time=1.94, Factors=5
Iteration 209: time=1.94, Factors=5
Iteration 210: time=1.95, Factors=5
Iteration 211: time=2.05, ELBO=-107824370.29, deltaELBO=34.896 (0.00000835%), Factors=5
Iteration 212: time=1.94, Factors=5
Iteration 213: time=1.95, Factors=5
Iteration 214: time=1.94, Factors=5
Iteration 215: time=1.94, Factors=5
Iteration 216: time=2.04, ELBO=-107824337.07, deltaELBO=33.224 (0.00000795%), Factors=5
Iteration 217: time=1.94, Factors=5
Iteration 218: time=1.94, Factors=5
Iteration 219: time=1.95, Factors=5
Iteration 220: time=1.94, Factors=5
Iteration 221: time=2.04, ELBO=-107824305.27, deltaELBO=31.794 (0.00000760%), Factors=5
Iteration 222: time=1.95, Factors=5
Iteration 223: time=1.94, Factors=5
Iteration 224: time=1.94, Factors=5
Iteration 225: time=1.95, Factors=5
Iteration 226: time=2.04, ELBO=-107824274.71, deltaELBO=30.562 (0.00000731%), Factors=5
Iteration 227: time=1.94, Factors=5
Iteration 228: time=1.95, Factors=5
Iteration 229: time=1.94, Factors=5
Iteration 230: time=1.94, Factors=5
Iteration 231: time=2.04, ELBO=-107824245.22, deltaELBO=29.492 (0.00000705%), Factors=5
Iteration 232: time=1.94, Factors=5
Iteration 233: time=1.94, Factors=5
Iteration 234: time=1.95, Factors=5
Iteration 235: time=1.94, Factors=5
Iteration 236: time=2.04, ELBO=-107824216.66, deltaELBO=28.557 (0.00000683%), Factors=5
Iteration 237: time=1.95, Factors=5
Iteration 238: time=1.94, Factors=5
Iteration 239: time=1.94, Factors=5
Iteration 240: time=1.95, Factors=5
Iteration 241: time=2.04, ELBO=-107824188.93, deltaELBO=27.733 (0.00000663%), Factors=5
Iteration 242: time=1.94, Factors=5
Iteration 243: time=1.95, Factors=5
Iteration 244: time=1.94, Factors=5
Iteration 245: time=1.94, Factors=5
Iteration 246: time=2.05, ELBO=-107824161.93, deltaELBO=27.001 (0.00000646%), Factors=5
Iteration 247: time=1.95, Factors=5
Iteration 248: time=1.94, Factors=5
Iteration 249: time=1.95, Factors=5
Iteration 250: time=1.94, Factors=5
Iteration 251: time=2.04, ELBO=-107824135.58, deltaELBO=26.346 (0.00000630%), Factors=5
Iteration 252: time=1.95, Factors=5
Iteration 253: time=1.94, Factors=5
Iteration 254: time=1.94, Factors=5
Iteration 255: time=1.95, Factors=5
Iteration 256: time=2.04, ELBO=-107824109.83, deltaELBO=25.755 (0.00000616%), Factors=5
Iteration 257: time=1.95, Factors=5
Iteration 258: time=1.95, Factors=5
Iteration 259: time=1.94, Factors=5
Iteration 260: time=1.94, Factors=5
Iteration 261: time=2.05, ELBO=-107824084.61, deltaELBO=25.218 (0.00000603%), Factors=5
Iteration 262: time=1.94, Factors=5
Iteration 263: time=1.94, Factors=5
Iteration 264: time=1.95, Factors=5
Iteration 265: time=1.94, Factors=5
Iteration 266: time=2.04, ELBO=-107824059.88, deltaELBO=24.727 (0.00000591%), Factors=5
Iteration 267: time=1.95, Factors=5
Iteration 268: time=1.94, Factors=5
Iteration 269: time=1.94, Factors=5
Iteration 270: time=1.94, Factors=5
Iteration 271: time=2.04, ELBO=-107824035.61, deltaELBO=24.274 (0.00000581%), Factors=5
Iteration 272: time=1.94, Factors=5
Iteration 273: time=1.95, Factors=5
Iteration 274: time=1.94, Factors=5
Iteration 275: time=1.94, Factors=5
Iteration 276: time=2.04, ELBO=-107824011.75, deltaELBO=23.855 (0.00000571%), Factors=5
Iteration 277: time=1.94, Factors=5
Iteration 278: time=1.94, Factors=5
Iteration 279: time=1.95, Factors=5
Iteration 280: time=1.94, Factors=5
Iteration 281: time=2.04, ELBO=-107823988.29, deltaELBO=23.463 (0.00000561%), Factors=5
Iteration 282: time=1.95, Factors=5
Iteration 283: time=1.94, Factors=5
Iteration 284: time=1.94, Factors=5
Iteration 285: time=1.94, Factors=5
Iteration 286: time=2.04, ELBO=-107823965.19, deltaELBO=23.096 (0.00000552%), Factors=5
Iteration 287: time=1.94, Factors=5
Iteration 288: time=1.94, Factors=5
Iteration 289: time=1.95, Factors=5
Iteration 290: time=1.94, Factors=5
Iteration 291: time=2.04, ELBO=-107823942.44, deltaELBO=22.750 (0.00000544%), Factors=5
Iteration 292: time=1.94, Factors=5
Iteration 293: time=1.94, Factors=5
Iteration 294: time=1.95, Factors=5
Iteration 295: time=1.94, Factors=5
Iteration 296: time=2.04, ELBO=-107823920.02, deltaELBO=22.423 (0.00000536%), Factors=5
Iteration 297: time=1.95, Factors=5
Iteration 298: time=1.94, Factors=5
Iteration 299: time=1.94, Factors=5
Iteration 300: time=1.94, Factors=5
Iteration 301: time=2.04, ELBO=-107823897.91, deltaELBO=22.111 (0.00000529%), Factors=5
Iteration 302: time=1.94, Factors=5
Iteration 303: time=1.94, Factors=5
Iteration 304: time=1.94, Factors=5
Iteration 305: time=1.94, Factors=5
Iteration 306: time=2.04, ELBO=-107823876.10, deltaELBO=21.814 (0.00000522%), Factors=5
Iteration 307: time=1.94, Factors=5
Iteration 308: time=1.94, Factors=5
Iteration 309: time=1.95, Factors=5
Iteration 310: time=1.95, Factors=5
Iteration 311: time=2.04, ELBO=-107823854.57, deltaELBO=21.530 (0.00000515%), Factors=5
Iteration 312: time=1.95, Factors=5
Iteration 313: time=1.94, Factors=5
Iteration 314: time=1.94, Factors=5
Iteration 315: time=1.94, Factors=5
Iteration 316: time=2.05, ELBO=-107823833.31, deltaELBO=21.257 (0.00000508%), Factors=5
Iteration 317: time=1.94, Factors=5
Iteration 318: time=1.95, Factors=5
Iteration 319: time=1.94, Factors=5
Iteration 320: time=1.94, Factors=5
Iteration 321: time=2.04, ELBO=-107823812.32, deltaELBO=20.994 (0.00000502%), Factors=5
Iteration 322: time=1.94, Factors=5
Iteration 323: time=1.94, Factors=5
Iteration 324: time=1.94, Factors=5
Iteration 325: time=1.94, Factors=5
Iteration 326: time=2.04, ELBO=-107823791.58, deltaELBO=20.740 (0.00000496%), Factors=5
Iteration 327: time=1.95, Factors=5
Iteration 328: time=1.94, Factors=5
Iteration 329: time=1.94, Factors=5
Iteration 330: time=1.95, Factors=5
Iteration 331: time=2.04, ELBO=-107823771.08, deltaELBO=20.495 (0.00000490%), Factors=5

Converged!



#######################
## Training finished ##
#######################


Saving model in MOFA_output_factors5_iter20000_R2_-1.hdf5...
MOFA training complete. Results saved to "MOFA_output_factors5_iter20000_R2_-1.hdf5"
