Changed directory to /home/as3582/MO_survey/MOFA2.

JobID: 5903286
======
Time: Sat Mar  1 16:26:03 GMT 2025
Running on master node: gpu-q-7
Current directory: /home/as3582/MO_survey/MOFA2

Nodes allocated:
================
gpu-q-7

numtasks=1, numnodes=1, mpi_tasks_per_node=1 (OMP_NUM_THREADS=1)

Executing command:
==================
python MOFA_ncp4.py 

11080
OS                           : Linux-4.18.0-553.34.1.el8_10.x86_64-x86_64-with-glibc2.28
Python Version               : 3.12.8
CuPy Version                 : 13.3.0
CuPy Platform                : NVIDIA CUDA
NumPy Version                : 2.2.2
SciPy Version                : 1.15.1
Cython Build Version         : 0.29.37
Cython Runtime Version       : None
CUDA Root                    : /usr/local/software/cuda/11.4
nvcc PATH                    : /usr/local/software/cuda/11.4/bin/nvcc
CUDA Build Version           : 11080
CUDA Driver Version          : 12040
CUDA Runtime Version         : 11080 (linked to CuPy) / 11040 (locally installed)
CUDA Extra Include Dirs      : []
cuBLAS Version               : (available)
cuFFT Version                : 10502
cuRAND Version               : 10205
cuSOLVER Version             : (11, 2, 0)
cuSPARSE Version             : (available)
NVRTC Version                : (11, 4)
Thrust Version               : 200600
CUB Build Version            : 200600
Jitify Build Version         : <unknown>
cuDNN Build Version          : None
cuDNN Version                : None
NCCL Build Version           : None
NCCL Runtime Version         : None
cuTENSOR Version             : None
cuSPARSELt Build Version     : None
Device 0 Name                : NVIDIA A100-SXM4-80GB
Device 0 Compute Capability  : 80
Device 0 PCI Bus ID          : 0000:01:00.0
None

        #########################################################
        ###           __  __  ____  ______                    ### 
        ###          |  \/  |/ __ \|  ____/\    _             ### 
        ###          | \  / | |  | | |__ /  \ _| |_           ### 
        ###          | |\/| | |  | |  __/ /\ \_   _|          ###
        ###          | |  | | |__| | | / ____ \|_|            ###
        ###          |_|  |_|\____/|_|/_/    \_\              ###
        ###                                                   ### 
        ######################################################### 
       
 
        
Features names not provided, using default naming convention:
- feature1_view1, featureD_viewM

Groups names not provided, using default naming convention:
- group1, group2, ..., groupG

Samples names not provided, using default naming convention:
- sample1_group1, sample2_group1, sample1_group2, ..., sampleN_groupG

Successfully loaded view='CNV' group='group0' with N=625 samples and D=35858 features...
Successfully loaded view='Methylation' group='group0' with N=625 samples and D=36761 features...
Successfully loaded view='SNPs' group='group0' with N=625 samples and D=12926 features...
Successfully loaded view='RNAseq' group='group0' with N=625 samples and D=56717 features...
Successfully loaded view='miRNA' group='group0' with N=625 samples and D=1568 features...


Model options:
- Automatic Relevance Determination prior on the factors: False
- Automatic Relevance Determination prior on the weights: True
- Spike-and-slab prior on the factors: False
- Spike-and-slab prior on the weights: False
Likelihoods:
- View 0 (CNV): gaussian
- View 1 (Methylation): gaussian
- View 2 (SNPs): bernoulli
- View 3 (RNAseq): gaussian
- View 4 (miRNA): gaussian



GPU mode is activated



######################################
## Training the model with seed 123 ##
######################################


ELBO before training: -364476994.67 

Iteration 1: time=2.63, ELBO=-112836988.91, deltaELBO=251640005.763 (69.04139615%), Factors=4
Iteration 2: time=1.73, Factors=4
Iteration 3: time=1.74, Factors=4
Iteration 4: time=1.74, Factors=4
Iteration 5: time=1.73, Factors=4
Iteration 6: time=1.84, ELBO=-109027669.87, deltaELBO=3809319.039 (1.04514663%), Factors=4
Iteration 7: time=1.75, Factors=4
Iteration 8: time=1.73, Factors=4
Iteration 9: time=1.74, Factors=4
Iteration 10: time=1.74, Factors=4
Iteration 11: time=1.83, ELBO=-108997355.78, deltaELBO=30314.089 (0.00831715%), Factors=4
Iteration 12: time=1.74, Factors=4
Iteration 13: time=1.74, Factors=4
Iteration 14: time=1.73, Factors=4
Iteration 15: time=1.74, Factors=4
Iteration 16: time=1.83, ELBO=-108987868.19, deltaELBO=9487.593 (0.00260307%), Factors=4
Iteration 17: time=1.73, Factors=4
Iteration 18: time=1.73, Factors=4
Iteration 19: time=1.74, Factors=4
Iteration 20: time=1.73, Factors=4
Iteration 21: time=1.84, ELBO=-108984180.99, deltaELBO=3687.199 (0.00101164%), Factors=4
Iteration 22: time=1.74, Factors=4
Iteration 23: time=1.73, Factors=4
Iteration 24: time=1.74, Factors=4
Iteration 25: time=1.74, Factors=4
Iteration 26: time=1.83, ELBO=-108982158.45, deltaELBO=2022.537 (0.00055491%), Factors=4
Iteration 27: time=1.74, Factors=4
Iteration 28: time=1.74, Factors=4
Iteration 29: time=1.74, Factors=4
Iteration 30: time=1.74, Factors=4
Iteration 31: time=1.84, ELBO=-108980707.77, deltaELBO=1450.681 (0.00039802%), Factors=4
Iteration 32: time=1.73, Factors=4
Iteration 33: time=1.74, Factors=4
Iteration 34: time=1.74, Factors=4
Iteration 35: time=1.73, Factors=4
Iteration 36: time=1.84, ELBO=-108979490.24, deltaELBO=1217.531 (0.00033405%), Factors=4
Iteration 37: time=1.74, Factors=4
Iteration 38: time=1.73, Factors=4
Iteration 39: time=1.74, Factors=4
Iteration 40: time=1.74, Factors=4
Iteration 41: time=1.84, ELBO=-108978380.27, deltaELBO=1109.970 (0.00030454%), Factors=4
Iteration 42: time=1.74, Factors=4
Iteration 43: time=1.74, Factors=4
Iteration 44: time=1.73, Factors=4
Iteration 45: time=1.74, Factors=4
Iteration 46: time=1.83, ELBO=-108977323.04, deltaELBO=1057.231 (0.00029007%), Factors=4
Iteration 47: time=1.73, Factors=4
Iteration 48: time=1.74, Factors=4
Iteration 49: time=1.74, Factors=4
Iteration 50: time=1.73, Factors=4
Iteration 51: time=1.84, ELBO=-108976292.71, deltaELBO=1030.323 (0.00028269%), Factors=4
Iteration 52: time=1.74, Factors=4
Iteration 53: time=1.73, Factors=4
Iteration 54: time=1.73, Factors=4
Iteration 55: time=1.74, Factors=4
Iteration 56: time=1.83, ELBO=-108975278.70, deltaELBO=1014.010 (0.00027821%), Factors=4
Iteration 57: time=1.74, Factors=4
Iteration 58: time=1.74, Factors=4
Iteration 59: time=1.73, Factors=4
Iteration 60: time=1.74, Factors=4
Iteration 61: time=1.84, ELBO=-108974280.29, deltaELBO=998.410 (0.00027393%), Factors=4
Iteration 62: time=1.73, Factors=4
Iteration 63: time=1.74, Factors=4
Iteration 64: time=1.74, Factors=4
Iteration 65: time=1.73, Factors=4
Iteration 66: time=1.84, ELBO=-108973303.86, deltaELBO=976.431 (0.00026790%), Factors=4
Iteration 67: time=1.75, Factors=4
Iteration 68: time=1.73, Factors=4
Iteration 69: time=1.74, Factors=4
Iteration 70: time=1.73, Factors=4
Iteration 71: time=1.83, ELBO=-108972360.69, deltaELBO=943.170 (0.00025877%), Factors=4
Iteration 72: time=1.75, Factors=4
Iteration 73: time=1.74, Factors=4
Iteration 74: time=1.73, Factors=4
Iteration 75: time=1.74, Factors=4
Iteration 76: time=1.83, ELBO=-108971464.68, deltaELBO=896.011 (0.00024583%), Factors=4
Iteration 77: time=1.74, Factors=4
Iteration 78: time=1.74, Factors=4
Iteration 79: time=1.74, Factors=4
Iteration 80: time=1.73, Factors=4
Iteration 81: time=1.84, ELBO=-108970629.86, deltaELBO=834.817 (0.00022905%), Factors=4
Iteration 82: time=1.74, Factors=4
Iteration 83: time=1.73, Factors=4
Iteration 84: time=1.73, Factors=4
Iteration 85: time=1.74, Factors=4
Iteration 86: time=1.83, ELBO=-108969868.03, deltaELBO=761.833 (0.00020902%), Factors=4
Iteration 87: time=1.74, Factors=4
Iteration 88: time=1.74, Factors=4
Iteration 89: time=1.73, Factors=4
Iteration 90: time=1.74, Factors=4
Iteration 91: time=1.84, ELBO=-108969186.93, deltaELBO=681.106 (0.00018687%), Factors=4
Iteration 92: time=1.73, Factors=4
Iteration 93: time=1.74, Factors=4
Iteration 94: time=1.74, Factors=4
Iteration 95: time=1.73, Factors=4
Iteration 96: time=1.85, ELBO=-108968589.43, deltaELBO=597.498 (0.00016393%), Factors=4
Iteration 97: time=1.74, Factors=4
Iteration 98: time=1.73, Factors=4
Iteration 99: time=1.74, Factors=4
Iteration 100: time=1.74, Factors=4
Iteration 101: time=1.83, ELBO=-108968073.80, deltaELBO=515.632 (0.00014147%), Factors=4
Iteration 102: time=1.74, Factors=4
Iteration 103: time=1.74, Factors=4
Iteration 104: time=1.73, Factors=4
Iteration 105: time=1.74, Factors=4
Iteration 106: time=1.84, ELBO=-108967634.68, deltaELBO=439.118 (0.00012048%), Factors=4
Iteration 107: time=1.73, Factors=4
Iteration 108: time=1.73, Factors=4
Iteration 109: time=1.74, Factors=4
Iteration 110: time=1.73, Factors=4
Iteration 111: time=1.84, ELBO=-108967264.44, deltaELBO=370.235 (0.00010158%), Factors=4
Iteration 112: time=1.75, Factors=4
Iteration 113: time=1.73, Factors=4
Iteration 114: time=1.74, Factors=4
Iteration 115: time=1.74, Factors=4
Iteration 116: time=1.83, ELBO=-108966954.43, deltaELBO=310.011 (0.00008506%), Factors=4
Iteration 117: time=1.74, Factors=4
Iteration 118: time=1.74, Factors=4
Iteration 119: time=1.73, Factors=4
Iteration 120: time=1.73, Factors=4
Iteration 121: time=1.84, ELBO=-108966695.91, deltaELBO=258.526 (0.00007093%), Factors=4
Iteration 122: time=1.74, Factors=4
Iteration 123: time=1.73, Factors=4
Iteration 124: time=1.74, Factors=4
Iteration 125: time=1.73, Factors=4
Iteration 126: time=1.84, ELBO=-108966480.66, deltaELBO=215.246 (0.00005906%), Factors=4
Iteration 127: time=1.74, Factors=4
Iteration 128: time=1.73, Factors=4
Iteration 129: time=1.74, Factors=4
Iteration 130: time=1.74, Factors=4
Iteration 131: time=1.83, ELBO=-108966301.34, deltaELBO=179.319 (0.00004920%), Factors=4
Iteration 132: time=1.74, Factors=4
Iteration 133: time=1.74, Factors=4
Iteration 134: time=1.73, Factors=4
Iteration 135: time=1.73, Factors=4
Iteration 136: time=1.84, ELBO=-108966151.57, deltaELBO=149.774 (0.00004109%), Factors=4
Iteration 137: time=1.74, Factors=4
Iteration 138: time=1.74, Factors=4
Iteration 139: time=1.74, Factors=4
Iteration 140: time=1.73, Factors=4
Iteration 141: time=1.85, ELBO=-108966025.93, deltaELBO=125.642 (0.00003447%), Factors=4
Iteration 142: time=1.74, Factors=4
Iteration 143: time=1.73, Factors=4
Iteration 144: time=1.74, Factors=4
Iteration 145: time=1.74, Factors=4
Iteration 146: time=1.83, ELBO=-108965919.90, deltaELBO=106.029 (0.00002909%), Factors=4
Iteration 147: time=1.74, Factors=4
Iteration 148: time=1.74, Factors=4
Iteration 149: time=1.73, Factors=4
Iteration 150: time=1.74, Factors=4
Iteration 151: time=1.84, ELBO=-108965829.75, deltaELBO=90.145 (0.00002473%), Factors=4
Iteration 152: time=1.73, Factors=4
Iteration 153: time=1.75, Factors=4
Iteration 154: time=1.74, Factors=4
Iteration 155: time=1.73, Factors=4
Iteration 156: time=1.84, ELBO=-108965752.44, deltaELBO=77.308 (0.00002121%), Factors=4
Iteration 157: time=1.74, Factors=4
Iteration 158: time=1.73, Factors=4
Iteration 159: time=1.74, Factors=4
Iteration 160: time=1.74, Factors=4
Iteration 161: time=1.84, ELBO=-108965685.50, deltaELBO=66.948 (0.00001837%), Factors=4
Iteration 162: time=1.74, Factors=4
Iteration 163: time=1.74, Factors=4
Iteration 164: time=1.73, Factors=4
Iteration 165: time=1.74, Factors=4
Iteration 166: time=1.83, ELBO=-108965626.91, deltaELBO=58.588 (0.00001607%), Factors=4
Iteration 167: time=1.73, Factors=4
Iteration 168: time=1.73, Factors=4
Iteration 169: time=1.74, Factors=4
Iteration 170: time=1.73, Factors=4
Iteration 171: time=1.84, ELBO=-108965575.07, deltaELBO=51.839 (0.00001422%), Factors=4
Iteration 172: time=1.75, Factors=4
Iteration 173: time=1.73, Factors=4
Iteration 174: time=1.74, Factors=4
Iteration 175: time=1.74, Factors=4
Iteration 176: time=1.83, ELBO=-108965528.69, deltaELBO=46.383 (0.00001273%), Factors=4
Iteration 177: time=1.74, Factors=4
Iteration 178: time=1.74, Factors=4
Iteration 179: time=1.73, Factors=4
Iteration 180: time=1.73, Factors=4
Iteration 181: time=1.84, ELBO=-108965486.72, deltaELBO=41.963 (0.00001151%), Factors=4
Iteration 182: time=1.73, Factors=4
Iteration 183: time=1.74, Factors=4
Iteration 184: time=1.74, Factors=4
Iteration 185: time=1.73, Factors=4
Iteration 186: time=1.84, ELBO=-108965448.35, deltaELBO=38.372 (0.00001053%), Factors=4
Iteration 187: time=1.74, Factors=4
Iteration 188: time=1.73, Factors=4
Iteration 189: time=1.74, Factors=4
Iteration 190: time=1.74, Factors=4
Iteration 191: time=1.84, ELBO=-108965412.91, deltaELBO=35.444 (0.00000972%), Factors=4
Iteration 192: time=1.74, Factors=4
Iteration 193: time=1.75, Factors=4
Iteration 194: time=1.73, Factors=4
Iteration 195: time=1.74, Factors=4
Iteration 196: time=1.83, ELBO=-108965379.86, deltaELBO=33.045 (0.00000907%), Factors=4
Iteration 197: time=1.73, Factors=4
Iteration 198: time=1.74, Factors=4
Iteration 199: time=1.74, Factors=4
Iteration 200: time=1.73, Factors=4
Iteration 201: time=1.84, ELBO=-108965348.79, deltaELBO=31.069 (0.00000852%), Factors=4
Iteration 202: time=1.74, Factors=4
Iteration 203: time=1.73, Factors=4
Iteration 204: time=1.74, Factors=4
Iteration 205: time=1.74, Factors=4
Iteration 206: time=1.83, ELBO=-108965319.36, deltaELBO=29.432 (0.00000808%), Factors=4
Iteration 207: time=1.74, Factors=4
Iteration 208: time=1.74, Factors=4
Iteration 209: time=1.73, Factors=4
Iteration 210: time=1.73, Factors=4
Iteration 211: time=1.83, ELBO=-108965291.30, deltaELBO=28.065 (0.00000770%), Factors=4
Iteration 212: time=1.73, Factors=4
Iteration 213: time=1.74, Factors=4
Iteration 214: time=1.74, Factors=4
Iteration 215: time=1.74, Factors=4
Iteration 216: time=1.84, ELBO=-108965264.38, deltaELBO=26.914 (0.00000738%), Factors=4
Iteration 217: time=1.75, Factors=4
Iteration 218: time=1.73, Factors=4
Iteration 219: time=1.74, Factors=4
Iteration 220: time=1.74, Factors=4
Iteration 221: time=1.84, ELBO=-108965238.45, deltaELBO=25.938 (0.00000712%), Factors=4
Iteration 222: time=1.74, Factors=4
Iteration 223: time=1.74, Factors=4
Iteration 224: time=1.73, Factors=4
Iteration 225: time=1.74, Factors=4
Iteration 226: time=1.83, ELBO=-108965213.34, deltaELBO=25.101 (0.00000689%), Factors=4
Iteration 227: time=1.74, Factors=4
Iteration 228: time=1.74, Factors=4
Iteration 229: time=1.74, Factors=4
Iteration 230: time=1.73, Factors=4
Iteration 231: time=1.84, ELBO=-108965188.97, deltaELBO=24.376 (0.00000669%), Factors=4
Iteration 232: time=1.74, Factors=4
Iteration 233: time=1.73, Factors=4
Iteration 234: time=1.74, Factors=4
Iteration 235: time=1.74, Factors=4
Iteration 236: time=1.84, ELBO=-108965165.23, deltaELBO=23.743 (0.00000651%), Factors=4
Iteration 237: time=1.74, Factors=4
Iteration 238: time=1.74, Factors=4
Iteration 239: time=1.74, Factors=4
Iteration 240: time=1.74, Factors=4
Iteration 241: time=1.84, ELBO=-108965142.04, deltaELBO=23.182 (0.00000636%), Factors=4
Iteration 242: time=1.73, Factors=4
Iteration 243: time=1.74, Factors=4
Iteration 244: time=1.74, Factors=4
Iteration 245: time=1.73, Factors=4
Iteration 246: time=1.84, ELBO=-108965119.36, deltaELBO=22.682 (0.00000622%), Factors=4
Iteration 247: time=1.74, Factors=4
Iteration 248: time=1.73, Factors=4
Iteration 249: time=1.74, Factors=4
Iteration 250: time=1.74, Factors=4
Iteration 251: time=1.83, ELBO=-108965097.13, deltaELBO=22.231 (0.00000610%), Factors=4
Iteration 252: time=1.73, Factors=4
Iteration 253: time=1.74, Factors=4
Iteration 254: time=1.73, Factors=4
Iteration 255: time=1.74, Factors=4
Iteration 256: time=1.84, ELBO=-108965075.31, deltaELBO=21.820 (0.00000599%), Factors=4
Iteration 257: time=1.73, Factors=4
Iteration 258: time=1.73, Factors=4
Iteration 259: time=1.74, Factors=4
Iteration 260: time=1.73, Factors=4
Iteration 261: time=1.84, ELBO=-108965053.87, deltaELBO=21.442 (0.00000588%), Factors=4
Iteration 262: time=1.74, Factors=4
Iteration 263: time=1.73, Factors=4
Iteration 264: time=1.74, Factors=4
Iteration 265: time=1.74, Factors=4
Iteration 266: time=1.83, ELBO=-108965032.78, deltaELBO=21.091 (0.00000579%), Factors=4
Iteration 267: time=1.74, Factors=4
Iteration 268: time=1.74, Factors=4
Iteration 269: time=1.74, Factors=4
Iteration 270: time=1.74, Factors=4
Iteration 271: time=1.84, ELBO=-108965012.01, deltaELBO=20.764 (0.00000570%), Factors=4
Iteration 272: time=1.74, Factors=4
Iteration 273: time=1.74, Factors=4
Iteration 274: time=1.74, Factors=4
Iteration 275: time=1.73, Factors=4
Iteration 276: time=1.84, ELBO=-108964991.56, deltaELBO=20.456 (0.00000561%), Factors=4
Iteration 277: time=1.75, Factors=4
Iteration 278: time=1.73, Factors=4
Iteration 279: time=1.74, Factors=4
Iteration 280: time=1.74, Factors=4
Iteration 281: time=1.83, ELBO=-108964971.39, deltaELBO=20.166 (0.00000553%), Factors=4
Iteration 282: time=1.74, Factors=4
Iteration 283: time=1.74, Factors=4
Iteration 284: time=1.74, Factors=4
Iteration 285: time=1.74, Factors=4
Iteration 286: time=1.83, ELBO=-108964951.50, deltaELBO=19.889 (0.00000546%), Factors=4
Iteration 287: time=1.74, Factors=4
Iteration 288: time=1.74, Factors=4
Iteration 289: time=1.74, Factors=4
Iteration 290: time=1.73, Factors=4
Iteration 291: time=1.85, ELBO=-108964931.88, deltaELBO=19.625 (0.00000538%), Factors=4
Iteration 292: time=1.74, Factors=4
Iteration 293: time=1.73, Factors=4
Iteration 294: time=1.74, Factors=4
Iteration 295: time=1.74, Factors=4
Iteration 296: time=1.83, ELBO=-108964912.51, deltaELBO=19.372 (0.00000531%), Factors=4
Iteration 297: time=1.74, Factors=4
Iteration 298: time=1.74, Factors=4
Iteration 299: time=1.73, Factors=4
Iteration 300: time=1.74, Factors=4
Iteration 301: time=1.84, ELBO=-108964893.38, deltaELBO=19.128 (0.00000525%), Factors=4
Iteration 302: time=1.73, Factors=4
Iteration 303: time=1.74, Factors=4
Iteration 304: time=1.74, Factors=4
Iteration 305: time=1.73, Factors=4
Iteration 306: time=1.84, ELBO=-108964874.49, deltaELBO=18.893 (0.00000518%), Factors=4
Iteration 307: time=1.75, Factors=4
Iteration 308: time=1.73, Factors=4
Iteration 309: time=1.74, Factors=4
Iteration 310: time=1.74, Factors=4
Iteration 311: time=1.83, ELBO=-108964855.82, deltaELBO=18.666 (0.00000512%), Factors=4
Iteration 312: time=1.74, Factors=4
Iteration 313: time=1.74, Factors=4
Iteration 314: time=1.73, Factors=4
Iteration 315: time=1.73, Factors=4
Iteration 316: time=1.84, ELBO=-108964837.37, deltaELBO=18.445 (0.00000506%), Factors=4
Iteration 317: time=1.74, Factors=4
Iteration 318: time=1.74, Factors=4
Iteration 319: time=1.74, Factors=4
Iteration 320: time=1.73, Factors=4
Iteration 321: time=1.85, ELBO=-108964819.14, deltaELBO=18.231 (0.00000500%), Factors=4
Iteration 322: time=1.74, Factors=4
Iteration 323: time=1.73, Factors=4
Iteration 324: time=1.74, Factors=4
Iteration 325: time=1.74, Factors=4
Iteration 326: time=1.84, ELBO=-108964801.12, deltaELBO=18.024 (0.00000495%), Factors=4
Iteration 327: time=1.74, Factors=4
Iteration 328: time=1.73, Factors=4
Iteration 329: time=1.73, Factors=4
Iteration 330: time=1.73, Factors=4
Iteration 331: time=1.84, ELBO=-108964783.30, deltaELBO=17.821 (0.00000489%), Factors=4

Converged!



#######################
## Training finished ##
#######################


Saving model in MOFA_output_factors4_iter20000_R2_-1.hdf5...
MOFA training complete. Results saved to "MOFA_output_factors4_iter20000_R2_-1.hdf5"
