Changed directory to /home/as3582/MO_survey/MOFA2.

JobID: 5903289
======
Time: Sat Mar  1 16:38:28 GMT 2025
Running on master node: gpu-q-39
Current directory: /home/as3582/MO_survey/MOFA2

Nodes allocated:
================
gpu-q-39

numtasks=1, numnodes=1, mpi_tasks_per_node=1 (OMP_NUM_THREADS=1)

Executing command:
==================
python MOFA_ncp7.py 

11080
OS                           : Linux-4.18.0-553.34.1.el8_10.x86_64-x86_64-with-glibc2.28
Python Version               : 3.12.8
CuPy Version                 : 13.3.0
CuPy Platform                : NVIDIA CUDA
NumPy Version                : 2.2.2
SciPy Version                : 1.15.1
Cython Build Version         : 0.29.37
Cython Runtime Version       : None
CUDA Root                    : /usr/local/software/cuda/11.4
nvcc PATH                    : /usr/local/software/cuda/11.4/bin/nvcc
CUDA Build Version           : 11080
CUDA Driver Version          : 12040
CUDA Runtime Version         : 11080 (linked to CuPy) / 11040 (locally installed)
CUDA Extra Include Dirs      : []
cuBLAS Version               : (available)
cuFFT Version                : 10502
cuRAND Version               : 10205
cuSOLVER Version             : (11, 2, 0)
cuSPARSE Version             : (available)
NVRTC Version                : (11, 4)
Thrust Version               : 200600
CUB Build Version            : 200600
Jitify Build Version         : <unknown>
cuDNN Build Version          : None
cuDNN Version                : None
NCCL Build Version           : None
NCCL Runtime Version         : None
cuTENSOR Version             : None
cuSPARSELt Build Version     : None
Device 0 Name                : NVIDIA A100-SXM4-80GB
Device 0 Compute Capability  : 80
Device 0 PCI Bus ID          : 0000:41:00.0
None

        #########################################################
        ###           __  __  ____  ______                    ### 
        ###          |  \/  |/ __ \|  ____/\    _             ### 
        ###          | \  / | |  | | |__ /  \ _| |_           ### 
        ###          | |\/| | |  | |  __/ /\ \_   _|          ###
        ###          | |  | | |__| | | / ____ \|_|            ###
        ###          |_|  |_|\____/|_|/_/    \_\              ###
        ###                                                   ### 
        ######################################################### 
       
 
        
Features names not provided, using default naming convention:
- feature1_view1, featureD_viewM

Groups names not provided, using default naming convention:
- group1, group2, ..., groupG

Samples names not provided, using default naming convention:
- sample1_group1, sample2_group1, sample1_group2, ..., sampleN_groupG

Successfully loaded view='CNV' group='group0' with N=625 samples and D=35858 features...
Successfully loaded view='Methylation' group='group0' with N=625 samples and D=36761 features...
Successfully loaded view='SNPs' group='group0' with N=625 samples and D=12926 features...
Successfully loaded view='RNAseq' group='group0' with N=625 samples and D=56717 features...
Successfully loaded view='miRNA' group='group0' with N=625 samples and D=1568 features...


Model options:
- Automatic Relevance Determination prior on the factors: False
- Automatic Relevance Determination prior on the weights: True
- Spike-and-slab prior on the factors: False
- Spike-and-slab prior on the weights: False
Likelihoods:
- View 0 (CNV): gaussian
- View 1 (Methylation): gaussian
- View 2 (SNPs): bernoulli
- View 3 (RNAseq): gaussian
- View 4 (miRNA): gaussian



GPU mode is activated



######################################
## Training the model with seed 123 ##
######################################


ELBO before training: -509882999.97 

Iteration 1: time=3.28, ELBO=-112181636.10, deltaELBO=397701363.864 (77.99855337%), Factors=7
Iteration 2: time=2.35, Factors=7
Iteration 3: time=2.35, Factors=7
Iteration 4: time=2.35, Factors=7
Iteration 5: time=2.34, Factors=7
Iteration 6: time=2.45, ELBO=-105978407.35, deltaELBO=6203228.747 (1.21659846%), Factors=7
Iteration 7: time=2.35, Factors=7
Iteration 8: time=2.34, Factors=7
Iteration 9: time=2.35, Factors=7
Iteration 10: time=2.35, Factors=7
Iteration 11: time=2.45, ELBO=-105936712.10, deltaELBO=41695.252 (0.00817742%), Factors=7
Iteration 12: time=2.34, Factors=7
Iteration 13: time=2.35, Factors=7
Iteration 14: time=2.35, Factors=7
Iteration 15: time=2.35, Factors=7
Iteration 16: time=2.45, ELBO=-105917188.14, deltaELBO=19523.965 (0.00382911%), Factors=7
Iteration 17: time=2.35, Factors=7
Iteration 18: time=2.34, Factors=7
Iteration 19: time=2.34, Factors=7
Iteration 20: time=2.34, Factors=7
Iteration 21: time=2.45, ELBO=-105906308.12, deltaELBO=10880.013 (0.00213383%), Factors=7
Iteration 22: time=2.35, Factors=7
Iteration 23: time=2.34, Factors=7
Iteration 24: time=2.35, Factors=7
Iteration 25: time=2.35, Factors=7
Iteration 26: time=2.45, ELBO=-105898580.00, deltaELBO=7728.122 (0.00151567%), Factors=7
Iteration 27: time=2.35, Factors=7
Iteration 28: time=2.34, Factors=7
Iteration 29: time=2.34, Factors=7
Iteration 30: time=2.34, Factors=7
Iteration 31: time=2.45, ELBO=-105892646.75, deltaELBO=5933.252 (0.00116365%), Factors=7
Iteration 32: time=2.35, Factors=7
Iteration 33: time=2.35, Factors=7
Iteration 34: time=2.34, Factors=7
Iteration 35: time=2.35, Factors=7
Iteration 36: time=2.44, ELBO=-105888088.95, deltaELBO=4557.799 (0.00089389%), Factors=7
Iteration 37: time=2.35, Factors=7
Iteration 38: time=2.34, Factors=7
Iteration 39: time=2.34, Factors=7
Iteration 40: time=2.34, Factors=7
Iteration 41: time=2.45, ELBO=-105884601.75, deltaELBO=3487.206 (0.00068392%), Factors=7
Iteration 42: time=2.34, Factors=7
Iteration 43: time=2.35, Factors=7
Iteration 44: time=2.34, Factors=7
Iteration 45: time=2.35, Factors=7
Iteration 46: time=2.45, ELBO=-105881914.76, deltaELBO=2686.986 (0.00052698%), Factors=7
Iteration 47: time=2.35, Factors=7
Iteration 48: time=2.34, Factors=7
Iteration 49: time=2.35, Factors=7
Iteration 50: time=2.34, Factors=7
Iteration 51: time=2.45, ELBO=-105879812.20, deltaELBO=2102.559 (0.00041236%), Factors=7
Iteration 52: time=2.35, Factors=7
Iteration 53: time=2.35, Factors=7
Iteration 54: time=2.34, Factors=7
Iteration 55: time=2.35, Factors=7
Iteration 56: time=2.45, ELBO=-105878135.52, deltaELBO=1676.685 (0.00032884%), Factors=7
Iteration 57: time=2.35, Factors=7
Iteration 58: time=2.34, Factors=7
Iteration 59: time=2.35, Factors=7
Iteration 60: time=2.34, Factors=7
Iteration 61: time=2.45, ELBO=-105876771.74, deltaELBO=1363.780 (0.00026747%), Factors=7
Iteration 62: time=2.34, Factors=7
Iteration 63: time=2.35, Factors=7
Iteration 64: time=2.35, Factors=7
Iteration 65: time=2.35, Factors=7
Iteration 66: time=2.44, ELBO=-105875639.91, deltaELBO=1131.826 (0.00022198%), Factors=7
Iteration 67: time=2.35, Factors=7
Iteration 68: time=2.34, Factors=7
Iteration 69: time=2.34, Factors=7
Iteration 70: time=2.34, Factors=7
Iteration 71: time=2.45, ELBO=-105874680.55, deltaELBO=959.356 (0.00018815%), Factors=7
Iteration 72: time=2.35, Factors=7
Iteration 73: time=2.35, Factors=7
Iteration 74: time=2.34, Factors=7
Iteration 75: time=2.35, Factors=7
Iteration 76: time=2.45, ELBO=-105873848.53, deltaELBO=832.024 (0.00016318%), Factors=7
Iteration 77: time=2.34, Factors=7
Iteration 78: time=2.34, Factors=7
Iteration 79: time=2.35, Factors=7
Iteration 80: time=2.33, Factors=7
Iteration 81: time=2.45, ELBO=-105873108.43, deltaELBO=740.101 (0.00014515%), Factors=7
Iteration 82: time=2.35, Factors=7
Iteration 83: time=2.35, Factors=7
Iteration 84: time=2.35, Factors=7
Iteration 85: time=2.35, Factors=7
Iteration 86: time=2.44, ELBO=-105872431.53, deltaELBO=676.896 (0.00013276%), Factors=7
Iteration 87: time=2.35, Factors=7
Iteration 88: time=2.34, Factors=7
Iteration 89: time=2.34, Factors=7
Iteration 90: time=2.34, Factors=7
Iteration 91: time=2.45, ELBO=-105871793.73, deltaELBO=637.796 (0.00012509%), Factors=7
Iteration 92: time=2.35, Factors=7
Iteration 93: time=2.35, Factors=7
Iteration 94: time=2.35, Factors=7
Iteration 95: time=2.35, Factors=7
Iteration 96: time=2.45, ELBO=-105871174.07, deltaELBO=619.666 (0.00012153%), Factors=7
Iteration 97: time=2.35, Factors=7
Iteration 98: time=2.34, Factors=7
Iteration 99: time=2.35, Factors=7
Iteration 100: time=2.34, Factors=7
Iteration 101: time=2.45, ELBO=-105870553.64, deltaELBO=620.432 (0.00012168%), Factors=7
Iteration 102: time=2.35, Factors=7
Iteration 103: time=2.34, Factors=7
Iteration 104: time=2.34, Factors=7
Iteration 105: time=2.34, Factors=7
Iteration 106: time=2.45, ELBO=-105869914.87, deltaELBO=638.771 (0.00012528%), Factors=7
Iteration 107: time=2.35, Factors=7
Iteration 108: time=2.34, Factors=7
Iteration 109: time=2.35, Factors=7
Iteration 110: time=2.34, Factors=7
Iteration 111: time=2.45, ELBO=-105869241.03, deltaELBO=673.835 (0.00013215%), Factors=7
Iteration 112: time=2.35, Factors=7
Iteration 113: time=2.35, Factors=7
Iteration 114: time=2.35, Factors=7
Iteration 115: time=2.34, Factors=7
Iteration 116: time=2.44, ELBO=-105868516.04, deltaELBO=724.989 (0.00014219%), Factors=7
Iteration 117: time=2.34, Factors=7
Iteration 118: time=2.34, Factors=7
Iteration 119: time=2.34, Factors=7
Iteration 120: time=2.34, Factors=7
Iteration 121: time=2.45, ELBO=-105867724.50, deltaELBO=791.541 (0.00015524%), Factors=7
Iteration 122: time=2.34, Factors=7
Iteration 123: time=2.34, Factors=7
Iteration 124: time=2.34, Factors=7
Iteration 125: time=2.35, Factors=7
Iteration 126: time=2.45, ELBO=-105866852.06, deltaELBO=872.440 (0.00017111%), Factors=7
Iteration 127: time=2.35, Factors=7
Iteration 128: time=2.34, Factors=7
Iteration 129: time=2.35, Factors=7
Iteration 130: time=2.34, Factors=7
Iteration 131: time=2.45, ELBO=-105865886.11, deltaELBO=965.953 (0.00018945%), Factors=7
Iteration 132: time=2.35, Factors=7
Iteration 133: time=2.35, Factors=7
Iteration 134: time=2.34, Factors=7
Iteration 135: time=2.35, Factors=7
Iteration 136: time=2.45, ELBO=-105864816.78, deltaELBO=1069.323 (0.00020972%), Factors=7
Iteration 137: time=2.35, Factors=7
Iteration 138: time=2.34, Factors=7
Iteration 139: time=2.35, Factors=7
Iteration 140: time=2.34, Factors=7
Iteration 141: time=2.45, ELBO=-105863638.32, deltaELBO=1178.460 (0.00023112%), Factors=7
Iteration 142: time=2.35, Factors=7
Iteration 143: time=2.34, Factors=7
Iteration 144: time=2.34, Factors=7
Iteration 145: time=2.35, Factors=7
Iteration 146: time=2.44, ELBO=-105862350.60, deltaELBO=1287.722 (0.00025255%), Factors=7
Iteration 147: time=2.34, Factors=7
Iteration 148: time=2.34, Factors=7
Iteration 149: time=2.35, Factors=7
Iteration 150: time=2.34, Factors=7
Iteration 151: time=2.45, ELBO=-105860960.71, deltaELBO=1389.891 (0.00027259%), Factors=7
Iteration 152: time=2.34, Factors=7
Iteration 153: time=2.35, Factors=7
Iteration 154: time=2.34, Factors=7
Iteration 155: time=2.35, Factors=7
Iteration 156: time=2.45, ELBO=-105859484.26, deltaELBO=1476.448 (0.00028957%), Factors=7
Iteration 157: time=2.35, Factors=7
Iteration 158: time=2.34, Factors=7
Iteration 159: time=2.34, Factors=7
Iteration 160: time=2.34, Factors=7
Iteration 161: time=2.45, ELBO=-105857946.01, deltaELBO=1538.256 (0.00030169%), Factors=7
Iteration 162: time=2.35, Factors=7
Iteration 163: time=2.34, Factors=7
Iteration 164: time=2.34, Factors=7
Iteration 165: time=2.35, Factors=7
Iteration 166: time=2.45, ELBO=-105856379.32, deltaELBO=1566.691 (0.00030726%), Factors=7
Iteration 167: time=2.35, Factors=7
Iteration 168: time=2.34, Factors=7
Iteration 169: time=2.35, Factors=7
Iteration 170: time=2.34, Factors=7
Iteration 171: time=2.45, ELBO=-105854824.15, deltaELBO=1555.162 (0.00030500%), Factors=7
Iteration 172: time=2.34, Factors=7
Iteration 173: time=2.35, Factors=7
Iteration 174: time=2.34, Factors=7
Iteration 175: time=2.34, Factors=7
Iteration 176: time=2.44, ELBO=-105853323.43, deltaELBO=1500.727 (0.00029433%), Factors=7
Iteration 177: time=2.35, Factors=7
Iteration 178: time=2.34, Factors=7
Iteration 179: time=2.34, Factors=7
Iteration 180: time=2.34, Factors=7
Iteration 181: time=2.45, ELBO=-105851918.07, deltaELBO=1405.362 (0.00027562%), Factors=7
Iteration 182: time=2.34, Factors=7
Iteration 183: time=2.34, Factors=7
Iteration 184: time=2.34, Factors=7
Iteration 185: time=2.34, Factors=7
Iteration 186: time=2.45, ELBO=-105850641.79, deltaELBO=1276.278 (0.00025031%), Factors=7
Iteration 187: time=2.35, Factors=7
Iteration 188: time=2.34, Factors=7
Iteration 189: time=2.35, Factors=7
Iteration 190: time=2.34, Factors=7
Iteration 191: time=2.44, ELBO=-105849516.91, deltaELBO=1124.881 (0.00022062%), Factors=7
Iteration 192: time=2.35, Factors=7
Iteration 193: time=2.35, Factors=7
Iteration 194: time=2.34, Factors=7
Iteration 195: time=2.35, Factors=7
Iteration 196: time=2.45, ELBO=-105848552.40, deltaELBO=964.506 (0.00018916%), Factors=7
Iteration 197: time=2.35, Factors=7
Iteration 198: time=2.34, Factors=7
Iteration 199: time=2.34, Factors=7
Iteration 200: time=2.33, Factors=7
Iteration 201: time=2.45, ELBO=-105847744.74, deltaELBO=807.665 (0.00015840%), Factors=7
Iteration 202: time=2.35, Factors=7
Iteration 203: time=2.35, Factors=7
Iteration 204: time=2.34, Factors=7
Iteration 205: time=2.35, Factors=7
Iteration 206: time=2.44, ELBO=-105847080.88, deltaELBO=663.855 (0.00013020%), Factors=7
Iteration 207: time=2.35, Factors=7
Iteration 208: time=2.34, Factors=7
Iteration 209: time=2.35, Factors=7
Iteration 210: time=2.34, Factors=7
Iteration 211: time=2.45, ELBO=-105846542.28, deltaELBO=538.604 (0.00010563%), Factors=7
Iteration 212: time=2.35, Factors=7
Iteration 213: time=2.35, Factors=7
Iteration 214: time=2.34, Factors=7
Iteration 215: time=2.35, Factors=7
Iteration 216: time=2.45, ELBO=-105846108.52, deltaELBO=433.760 (0.00008507%), Factors=7
Iteration 217: time=2.35, Factors=7
Iteration 218: time=2.34, Factors=7
Iteration 219: time=2.35, Factors=7
Iteration 220: time=2.34, Factors=7
Iteration 221: time=2.45, ELBO=-105845760.00, deltaELBO=348.517 (0.00006835%), Factors=7
Iteration 222: time=2.35, Factors=7
Iteration 223: time=2.35, Factors=7
Iteration 224: time=2.34, Factors=7
Iteration 225: time=2.35, Factors=7
Iteration 226: time=2.45, ELBO=-105845479.42, deltaELBO=280.582 (0.00005503%), Factors=7
Iteration 227: time=2.35, Factors=7
Iteration 228: time=2.34, Factors=7
Iteration 229: time=2.35, Factors=7
Iteration 230: time=2.34, Factors=7
Iteration 231: time=2.45, ELBO=-105845252.30, deltaELBO=227.117 (0.00004454%), Factors=7
Iteration 232: time=2.34, Factors=7
Iteration 233: time=2.35, Factors=7
Iteration 234: time=2.34, Factors=7
Iteration 235: time=2.35, Factors=7
Iteration 236: time=2.44, ELBO=-105845066.98, deltaELBO=185.323 (0.00003635%), Factors=7
Iteration 237: time=2.35, Factors=7
Iteration 238: time=2.34, Factors=7
Iteration 239: time=2.35, Factors=7
Iteration 240: time=2.34, Factors=7
Iteration 241: time=2.45, ELBO=-105844914.24, deltaELBO=152.734 (0.00002995%), Factors=7
Iteration 242: time=2.34, Factors=7
Iteration 243: time=2.35, Factors=7
Iteration 244: time=2.35, Factors=7
Iteration 245: time=2.35, Factors=7
Iteration 246: time=2.45, ELBO=-105844786.93, deltaELBO=127.314 (0.00002497%), Factors=7
Iteration 247: time=2.35, Factors=7
Iteration 248: time=2.34, Factors=7
Iteration 249: time=2.35, Factors=7
Iteration 250: time=2.34, Factors=7
Iteration 251: time=2.45, ELBO=-105844679.49, deltaELBO=107.441 (0.00002107%), Factors=7
Iteration 252: time=2.35, Factors=7
Iteration 253: time=2.35, Factors=7
Iteration 254: time=2.34, Factors=7
Iteration 255: time=2.36, Factors=7
Iteration 256: time=2.45, ELBO=-105844587.63, deltaELBO=91.854 (0.00001801%), Factors=7
Iteration 257: time=2.35, Factors=7
Iteration 258: time=2.34, Factors=7
Iteration 259: time=2.35, Factors=7
Iteration 260: time=2.34, Factors=7
Iteration 261: time=2.44, ELBO=-105844508.05, deltaELBO=79.582 (0.00001561%), Factors=7
Iteration 262: time=2.35, Factors=7
Iteration 263: time=2.35, Factors=7
Iteration 264: time=2.34, Factors=7
Iteration 265: time=2.35, Factors=7
Iteration 266: time=2.45, ELBO=-105844438.17, deltaELBO=69.880 (0.00001371%), Factors=7
Iteration 267: time=2.35, Factors=7
Iteration 268: time=2.34, Factors=7
Iteration 269: time=2.34, Factors=7
Iteration 270: time=2.34, Factors=7
Iteration 271: time=2.44, ELBO=-105844375.99, deltaELBO=62.178 (0.00001219%), Factors=7
Iteration 272: time=2.35, Factors=7
Iteration 273: time=2.35, Factors=7
Iteration 274: time=2.35, Factors=7
Iteration 275: time=2.35, Factors=7
Iteration 276: time=2.45, ELBO=-105844319.95, deltaELBO=56.039 (0.00001099%), Factors=7
Iteration 277: time=2.35, Factors=7
Iteration 278: time=2.34, Factors=7
Iteration 279: time=2.34, Factors=7
Iteration 280: time=2.34, Factors=7
Iteration 281: time=2.45, ELBO=-105844268.83, deltaELBO=51.124 (0.00001003%), Factors=7
Iteration 282: time=2.35, Factors=7
Iteration 283: time=2.35, Factors=7
Iteration 284: time=2.34, Factors=7
Iteration 285: time=2.35, Factors=7
Iteration 286: time=2.45, ELBO=-105844221.66, deltaELBO=47.174 (0.00000925%), Factors=7
Iteration 287: time=2.35, Factors=7
Iteration 288: time=2.34, Factors=7
Iteration 289: time=2.35, Factors=7
Iteration 290: time=2.34, Factors=7
Iteration 291: time=2.45, ELBO=-105844177.67, deltaELBO=43.985 (0.00000863%), Factors=7
Iteration 292: time=2.35, Factors=7
Iteration 293: time=2.35, Factors=7
Iteration 294: time=2.34, Factors=7
Iteration 295: time=2.35, Factors=7
Iteration 296: time=2.45, ELBO=-105844136.27, deltaELBO=41.400 (0.00000812%), Factors=7
Iteration 297: time=2.35, Factors=7
Iteration 298: time=2.34, Factors=7
Iteration 299: time=2.35, Factors=7
Iteration 300: time=2.34, Factors=7
Iteration 301: time=2.46, ELBO=-105844096.98, deltaELBO=39.295 (0.00000771%), Factors=7
Iteration 302: time=2.35, Factors=7
Iteration 303: time=2.35, Factors=7
Iteration 304: time=2.34, Factors=7
Iteration 305: time=2.35, Factors=7
Iteration 306: time=2.45, ELBO=-105844059.40, deltaELBO=37.573 (0.00000737%), Factors=7
Iteration 307: time=2.35, Factors=7
Iteration 308: time=2.34, Factors=7
Iteration 309: time=2.35, Factors=7
Iteration 310: time=2.34, Factors=7
Iteration 311: time=2.45, ELBO=-105844023.25, deltaELBO=36.156 (0.00000709%), Factors=7
Iteration 312: time=2.34, Factors=7
Iteration 313: time=2.35, Factors=7
Iteration 314: time=2.34, Factors=7
Iteration 315: time=2.34, Factors=7
Iteration 316: time=2.44, ELBO=-105843988.26, deltaELBO=34.986 (0.00000686%), Factors=7
Iteration 317: time=2.35, Factors=7
Iteration 318: time=2.34, Factors=7
Iteration 319: time=2.34, Factors=7
Iteration 320: time=2.34, Factors=7
Iteration 321: time=2.45, ELBO=-105843954.25, deltaELBO=34.012 (0.00000667%), Factors=7
Iteration 322: time=2.35, Factors=7
Iteration 323: time=2.35, Factors=7
Iteration 324: time=2.34, Factors=7
Iteration 325: time=2.35, Factors=7
Iteration 326: time=2.45, ELBO=-105843921.05, deltaELBO=33.197 (0.00000651%), Factors=7
Iteration 327: time=2.35, Factors=7
Iteration 328: time=2.34, Factors=7
Iteration 329: time=2.35, Factors=7
Iteration 330: time=2.34, Factors=7
Iteration 331: time=2.45, ELBO=-105843888.54, deltaELBO=32.511 (0.00000638%), Factors=7
Iteration 332: time=2.34, Factors=7
Iteration 333: time=2.35, Factors=7
Iteration 334: time=2.35, Factors=7
Iteration 335: time=2.35, Factors=7
Iteration 336: time=2.45, ELBO=-105843856.61, deltaELBO=31.928 (0.00000626%), Factors=7
Iteration 337: time=2.35, Factors=7
Iteration 338: time=2.34, Factors=7
Iteration 339: time=2.34, Factors=7
Iteration 340: time=2.35, Factors=7
Iteration 341: time=2.45, ELBO=-105843825.19, deltaELBO=31.429 (0.00000616%), Factors=7
Iteration 342: time=2.35, Factors=7
Iteration 343: time=2.35, Factors=7
Iteration 344: time=2.34, Factors=7
Iteration 345: time=2.34, Factors=7
Iteration 346: time=2.45, ELBO=-105843794.19, deltaELBO=30.999 (0.00000608%), Factors=7
Iteration 347: time=2.35, Factors=7
Iteration 348: time=2.34, Factors=7
Iteration 349: time=2.35, Factors=7
Iteration 350: time=2.34, Factors=7
Iteration 351: time=2.45, ELBO=-105843763.56, deltaELBO=30.625 (0.00000601%), Factors=7
Iteration 352: time=2.35, Factors=7
Iteration 353: time=2.35, Factors=7
Iteration 354: time=2.34, Factors=7
Iteration 355: time=2.35, Factors=7
Iteration 356: time=2.44, ELBO=-105843733.27, deltaELBO=30.295 (0.00000594%), Factors=7
Iteration 357: time=2.35, Factors=7
Iteration 358: time=2.34, Factors=7
Iteration 359: time=2.35, Factors=7
Iteration 360: time=2.34, Factors=7
Iteration 361: time=2.45, ELBO=-105843703.26, deltaELBO=30.004 (0.00000588%), Factors=7
Iteration 362: time=2.34, Factors=7
Iteration 363: time=2.35, Factors=7
Iteration 364: time=2.35, Factors=7
Iteration 365: time=2.35, Factors=7
Iteration 366: time=2.44, ELBO=-105843673.52, deltaELBO=29.742 (0.00000583%), Factors=7
Iteration 367: time=2.35, Factors=7
Iteration 368: time=2.34, Factors=7
Iteration 369: time=2.35, Factors=7
Iteration 370: time=2.34, Factors=7
Iteration 371: time=2.45, ELBO=-105843644.01, deltaELBO=29.506 (0.00000579%), Factors=7
Iteration 372: time=2.34, Factors=7
Iteration 373: time=2.35, Factors=7
Iteration 374: time=2.34, Factors=7
Iteration 375: time=2.35, Factors=7
Iteration 376: time=2.45, ELBO=-105843614.72, deltaELBO=29.291 (0.00000574%), Factors=7
Iteration 377: time=2.35, Factors=7
Iteration 378: time=2.34, Factors=7
Iteration 379: time=2.35, Factors=7
Iteration 380: time=2.34, Factors=7
Iteration 381: time=2.45, ELBO=-105843585.63, deltaELBO=29.092 (0.00000571%), Factors=7
Iteration 382: time=2.35, Factors=7
Iteration 383: time=2.35, Factors=7
Iteration 384: time=2.35, Factors=7
Iteration 385: time=2.35, Factors=7
Iteration 386: time=2.45, ELBO=-105843556.72, deltaELBO=28.908 (0.00000567%), Factors=7
Iteration 387: time=2.36, Factors=7
Iteration 388: time=2.34, Factors=7
Iteration 389: time=2.35, Factors=7
Iteration 390: time=2.34, Factors=7
Iteration 391: time=2.45, ELBO=-105843527.99, deltaELBO=28.736 (0.00000564%), Factors=7
Iteration 392: time=2.34, Factors=7
Iteration 393: time=2.35, Factors=7
Iteration 394: time=2.34, Factors=7
Iteration 395: time=2.35, Factors=7
Iteration 396: time=2.44, ELBO=-105843499.41, deltaELBO=28.573 (0.00000560%), Factors=7
Iteration 397: time=2.35, Factors=7
Iteration 398: time=2.34, Factors=7
Iteration 399: time=2.35, Factors=7
Iteration 400: time=2.33, Factors=7
Iteration 401: time=2.45, ELBO=-105843471.00, deltaELBO=28.419 (0.00000557%), Factors=7
Iteration 402: time=2.34, Factors=7
Iteration 403: time=2.35, Factors=7
Iteration 404: time=2.35, Factors=7
Iteration 405: time=2.35, Factors=7
Iteration 406: time=2.44, ELBO=-105843442.72, deltaELBO=28.272 (0.00000554%), Factors=7
Iteration 407: time=2.35, Factors=7
Iteration 408: time=2.34, Factors=7
Iteration 409: time=2.34, Factors=7
Iteration 410: time=2.34, Factors=7
Iteration 411: time=2.45, ELBO=-105843414.59, deltaELBO=28.131 (0.00000552%), Factors=7
Iteration 412: time=2.34, Factors=7
Iteration 413: time=2.34, Factors=7
Iteration 414: time=2.34, Factors=7
Iteration 415: time=2.35, Factors=7
Iteration 416: time=2.45, ELBO=-105843386.60, deltaELBO=27.995 (0.00000549%), Factors=7
Iteration 417: time=2.35, Factors=7
Iteration 418: time=2.34, Factors=7
Iteration 419: time=2.35, Factors=7
Iteration 420: time=2.34, Factors=7
Iteration 421: time=2.45, ELBO=-105843358.73, deltaELBO=27.863 (0.00000546%), Factors=7
Iteration 422: time=2.34, Factors=7
Iteration 423: time=2.35, Factors=7
Iteration 424: time=2.34, Factors=7
Iteration 425: time=2.35, Factors=7
Iteration 426: time=2.45, ELBO=-105843331.00, deltaELBO=27.735 (0.00000544%), Factors=7
Iteration 427: time=2.34, Factors=7
Iteration 428: time=2.34, Factors=7
Iteration 429: time=2.35, Factors=7
Iteration 430: time=2.34, Factors=7
Iteration 431: time=2.45, ELBO=-105843303.39, deltaELBO=27.610 (0.00000542%), Factors=7
Iteration 432: time=2.35, Factors=7
Iteration 433: time=2.35, Factors=7
Iteration 434: time=2.34, Factors=7
Iteration 435: time=2.35, Factors=7
Iteration 436: time=2.45, ELBO=-105843275.90, deltaELBO=27.488 (0.00000539%), Factors=7
Iteration 437: time=2.35, Factors=7
Iteration 438: time=2.34, Factors=7
Iteration 439: time=2.35, Factors=7
Iteration 440: time=2.34, Factors=7
Iteration 441: time=2.44, ELBO=-105843248.53, deltaELBO=27.368 (0.00000537%), Factors=7
Iteration 442: time=2.34, Factors=7
Iteration 443: time=2.35, Factors=7
Iteration 444: time=2.34, Factors=7
Iteration 445: time=2.35, Factors=7
Iteration 446: time=2.45, ELBO=-105843221.28, deltaELBO=27.250 (0.00000534%), Factors=7
Iteration 447: time=2.35, Factors=7
Iteration 448: time=2.34, Factors=7
Iteration 449: time=2.35, Factors=7
Iteration 450: time=2.34, Factors=7
Iteration 451: time=2.45, ELBO=-105843194.15, deltaELBO=27.134 (0.00000532%), Factors=7
Iteration 452: time=2.34, Factors=7
Iteration 453: time=2.35, Factors=7
Iteration 454: time=2.34, Factors=7
Iteration 455: time=2.35, Factors=7
Iteration 456: time=2.45, ELBO=-105843167.13, deltaELBO=27.019 (0.00000530%), Factors=7
Iteration 457: time=2.35, Factors=7
Iteration 458: time=2.34, Factors=7
Iteration 459: time=2.35, Factors=7
Iteration 460: time=2.34, Factors=7
Iteration 461: time=2.45, ELBO=-105843140.22, deltaELBO=26.906 (0.00000528%), Factors=7
Iteration 462: time=2.35, Factors=7
Iteration 463: time=2.35, Factors=7
Iteration 464: time=2.34, Factors=7
Iteration 465: time=2.35, Factors=7
Iteration 466: time=2.45, ELBO=-105843113.43, deltaELBO=26.793 (0.00000525%), Factors=7
Iteration 467: time=2.35, Factors=7
Iteration 468: time=2.34, Factors=7
Iteration 469: time=2.35, Factors=7
Iteration 470: time=2.34, Factors=7
Iteration 471: time=2.45, ELBO=-105843086.75, deltaELBO=26.682 (0.00000523%), Factors=7
Iteration 472: time=2.34, Factors=7
Iteration 473: time=2.35, Factors=7
Iteration 474: time=2.34, Factors=7
Iteration 475: time=2.35, Factors=7
Iteration 476: time=2.45, ELBO=-105843060.18, deltaELBO=26.571 (0.00000521%), Factors=7
Iteration 477: time=2.36, Factors=7
Iteration 478: time=2.34, Factors=7
Iteration 479: time=2.35, Factors=7
Iteration 480: time=2.35, Factors=7
Iteration 481: time=2.45, ELBO=-105843033.71, deltaELBO=26.461 (0.00000519%), Factors=7
Iteration 482: time=2.35, Factors=7
Iteration 483: time=2.35, Factors=7
Iteration 484: time=2.34, Factors=7
Iteration 485: time=2.34, Factors=7
Iteration 486: time=2.45, ELBO=-105843007.36, deltaELBO=26.351 (0.00000517%), Factors=7
Iteration 487: time=2.34, Factors=7
Iteration 488: time=2.34, Factors=7
Iteration 489: time=2.35, Factors=7
Iteration 490: time=2.34, Factors=7
Iteration 491: time=2.45, ELBO=-105842981.12, deltaELBO=26.242 (0.00000515%), Factors=7
Iteration 492: time=2.35, Factors=7
Iteration 493: time=2.35, Factors=7
Iteration 494: time=2.34, Factors=7
Iteration 495: time=2.34, Factors=7
Iteration 496: time=2.45, ELBO=-105842954.99, deltaELBO=26.133 (0.00000513%), Factors=7
Iteration 497: time=2.35, Factors=7
Iteration 498: time=2.34, Factors=7
Iteration 499: time=2.35, Factors=7
Iteration 500: time=2.34, Factors=7
Iteration 501: time=2.45, ELBO=-105842928.96, deltaELBO=26.024 (0.00000510%), Factors=7
Iteration 502: time=2.35, Factors=7
Iteration 503: time=2.35, Factors=7
Iteration 504: time=2.35, Factors=7
Iteration 505: time=2.35, Factors=7
Iteration 506: time=2.45, ELBO=-105842903.05, deltaELBO=25.915 (0.00000508%), Factors=7
Iteration 507: time=2.35, Factors=7
Iteration 508: time=2.34, Factors=7
Iteration 509: time=2.35, Factors=7
Iteration 510: time=2.34, Factors=7
Iteration 511: time=2.45, ELBO=-105842877.24, deltaELBO=25.806 (0.00000506%), Factors=7
Iteration 512: time=2.34, Factors=7
Iteration 513: time=2.35, Factors=7
Iteration 514: time=2.34, Factors=7
Iteration 515: time=2.34, Factors=7
Iteration 516: time=2.44, ELBO=-105842851.55, deltaELBO=25.697 (0.00000504%), Factors=7
Iteration 517: time=2.35, Factors=7
Iteration 518: time=2.35, Factors=7
Iteration 519: time=2.35, Factors=7
Iteration 520: time=2.34, Factors=7
Iteration 521: time=2.45, ELBO=-105842825.96, deltaELBO=25.587 (0.00000502%), Factors=7
Iteration 522: time=2.34, Factors=7
Iteration 523: time=2.35, Factors=7
Iteration 524: time=2.34, Factors=7
Iteration 525: time=2.35, Factors=7
Iteration 526: time=2.45, ELBO=-105842800.48, deltaELBO=25.478 (0.00000500%), Factors=7
Iteration 527: time=2.35, Factors=7
Iteration 528: time=2.35, Factors=7
Iteration 529: time=2.35, Factors=7
Iteration 530: time=2.34, Factors=7
Iteration 531: time=2.45, ELBO=-105842775.11, deltaELBO=25.368 (0.00000498%), Factors=7

Converged!



#######################
## Training finished ##
#######################


Saving model in MOFA_output_factors7_iter20000_R2_-1.hdf5...
MOFA training complete. Results saved to "MOFA_output_factors7_iter20000_R2_-1.hdf5"
