Changed directory to /home/as3582/MO_survey/MOFA2.

JobID: 5903284
======
Time: Sat Mar  1 16:14:40 GMT 2025
Running on master node: gpu-q-40
Current directory: /home/as3582/MO_survey/MOFA2

Nodes allocated:
================
gpu-q-40

numtasks=1, numnodes=1, mpi_tasks_per_node=1 (OMP_NUM_THREADS=1)

Executing command:
==================
python MOFA_ncp25.py 

11080
OS                           : Linux-4.18.0-553.34.1.el8_10.x86_64-x86_64-with-glibc2.28
Python Version               : 3.12.8
CuPy Version                 : 13.3.0
CuPy Platform                : NVIDIA CUDA
NumPy Version                : 2.2.2
SciPy Version                : 1.15.1
Cython Build Version         : 0.29.37
Cython Runtime Version       : None
CUDA Root                    : /usr/local/software/cuda/11.4
nvcc PATH                    : /usr/local/software/cuda/11.4/bin/nvcc
CUDA Build Version           : 11080
CUDA Driver Version          : 12040
CUDA Runtime Version         : 11080 (linked to CuPy) / 11040 (locally installed)
CUDA Extra Include Dirs      : []
cuBLAS Version               : (available)
cuFFT Version                : 10502
cuRAND Version               : 10205
cuSOLVER Version             : (11, 2, 0)
cuSPARSE Version             : (available)
NVRTC Version                : (11, 4)
Thrust Version               : 200600
CUB Build Version            : 200600
Jitify Build Version         : <unknown>
cuDNN Build Version          : None
cuDNN Version                : None
NCCL Build Version           : None
NCCL Runtime Version         : None
cuTENSOR Version             : None
cuSPARSELt Build Version     : None
Device 0 Name                : NVIDIA A100-SXM4-80GB
Device 0 Compute Capability  : 80
Device 0 PCI Bus ID          : 0000:81:00.0
None

        #########################################################
        ###           __  __  ____  ______                    ### 
        ###          |  \/  |/ __ \|  ____/\    _             ### 
        ###          | \  / | |  | | |__ /  \ _| |_           ### 
        ###          | |\/| | |  | |  __/ /\ \_   _|          ###
        ###          | |  | | |__| | | / ____ \|_|            ###
        ###          |_|  |_|\____/|_|/_/    \_\              ###
        ###                                                   ### 
        ######################################################### 
       
 
        
Features names not provided, using default naming convention:
- feature1_view1, featureD_viewM

Groups names not provided, using default naming convention:
- group1, group2, ..., groupG

Samples names not provided, using default naming convention:
- sample1_group1, sample2_group1, sample1_group2, ..., sampleN_groupG

Successfully loaded view='CNV' group='group0' with N=625 samples and D=35858 features...
Successfully loaded view='Methylation' group='group0' with N=625 samples and D=36761 features...
Successfully loaded view='SNPs' group='group0' with N=625 samples and D=12926 features...
Successfully loaded view='RNAseq' group='group0' with N=625 samples and D=56717 features...
Successfully loaded view='miRNA' group='group0' with N=625 samples and D=1568 features...


Model options:
- Automatic Relevance Determination prior on the factors: False
- Automatic Relevance Determination prior on the weights: True
- Spike-and-slab prior on the factors: False
- Spike-and-slab prior on the weights: False
Likelihoods:
- View 0 (CNV): gaussian
- View 1 (Methylation): gaussian
- View 2 (SNPs): bernoulli
- View 3 (RNAseq): gaussian
- View 4 (miRNA): gaussian



GPU mode is activated



######################################
## Training the model with seed 123 ##
######################################


ELBO before training: -1321545495.87 

Iteration 1: time=7.46, ELBO=-114819546.53, deltaELBO=1206725949.340 (91.31172200%), Factors=25
Iteration 2: time=6.51, Factors=25
Iteration 3: time=6.51, Factors=25
Iteration 4: time=6.51, Factors=25
Iteration 5: time=6.50, Factors=25
Iteration 6: time=6.66, ELBO=-97902150.76, deltaELBO=16917395.767 (1.28012209%), Factors=25
Iteration 7: time=6.51, Factors=25
Iteration 8: time=6.51, Factors=25
Iteration 9: time=6.48, Factors=25
Iteration 10: time=6.49, Factors=25
Iteration 11: time=6.66, ELBO=-97596858.45, deltaELBO=305292.311 (0.02310116%), Factors=25
Iteration 12: time=6.51, Factors=25
Iteration 13: time=6.50, Factors=25
Iteration 14: time=6.51, Factors=25
Iteration 15: time=6.49, Factors=25
Iteration 16: time=6.66, ELBO=-97456413.13, deltaELBO=140445.321 (0.01062735%), Factors=25
Iteration 17: time=6.50, Factors=25
Iteration 18: time=6.50, Factors=25
Iteration 19: time=6.50, Factors=25
Iteration 20: time=6.52, Factors=25
Iteration 21: time=6.65, ELBO=-97365776.56, deltaELBO=90636.568 (0.00685838%), Factors=25
Iteration 22: time=6.51, Factors=25
Iteration 23: time=6.51, Factors=25
Iteration 24: time=6.50, Factors=25
Iteration 25: time=6.52, Factors=25
Iteration 26: time=6.65, ELBO=-97276534.42, deltaELBO=89242.142 (0.00675286%), Factors=25
Iteration 27: time=6.50, Factors=25
Iteration 28: time=6.49, Factors=25
Iteration 29: time=6.49, Factors=25
Iteration 30: time=6.50, Factors=25
Iteration 31: time=6.66, ELBO=-97217717.92, deltaELBO=58816.501 (0.00445058%), Factors=25
Iteration 32: time=6.50, Factors=25
Iteration 33: time=6.50, Factors=25
Iteration 34: time=6.49, Factors=25
Iteration 35: time=6.50, Factors=25
Iteration 36: time=6.64, ELBO=-97187285.58, deltaELBO=30432.333 (0.00230278%), Factors=25
Iteration 37: time=6.51, Factors=25
Iteration 38: time=6.49, Factors=25
Iteration 39: time=6.50, Factors=25
Iteration 40: time=6.51, Factors=25
Iteration 41: time=6.66, ELBO=-97159461.54, deltaELBO=27824.046 (0.00210542%), Factors=25
Iteration 42: time=6.51, Factors=25
Iteration 43: time=6.51, Factors=25
Iteration 44: time=6.50, Factors=25
Iteration 45: time=6.51, Factors=25
Iteration 46: time=6.65, ELBO=-97132997.54, deltaELBO=26463.996 (0.00200250%), Factors=25
Iteration 47: time=6.51, Factors=25
Iteration 48: time=6.50, Factors=25
Iteration 49: time=6.50, Factors=25
Iteration 50: time=6.50, Factors=25
Iteration 51: time=6.64, ELBO=-97108506.23, deltaELBO=24491.314 (0.00185323%), Factors=25
Iteration 52: time=6.50, Factors=25
Iteration 53: time=6.49, Factors=25
Iteration 54: time=6.49, Factors=25
Iteration 55: time=6.51, Factors=25
Iteration 56: time=6.66, ELBO=-97085180.06, deltaELBO=23326.164 (0.00176507%), Factors=25
Iteration 57: time=6.50, Factors=25
Iteration 58: time=6.51, Factors=25
Iteration 59: time=6.51, Factors=25
Iteration 60: time=6.51, Factors=25
Iteration 61: time=6.67, ELBO=-97062898.77, deltaELBO=22281.290 (0.00168600%), Factors=25
Iteration 62: time=6.50, Factors=25
Iteration 63: time=6.51, Factors=25
Iteration 64: time=6.49, Factors=25
Iteration 65: time=6.49, Factors=25
Iteration 66: time=6.65, ELBO=-97041883.26, deltaELBO=21015.511 (0.00159022%), Factors=25
Iteration 67: time=6.50, Factors=25
Iteration 68: time=6.51, Factors=25
Iteration 69: time=6.53, Factors=25
Iteration 70: time=6.52, Factors=25
Iteration 71: time=6.65, ELBO=-97022618.79, deltaELBO=19264.472 (0.00145772%), Factors=25
Iteration 72: time=6.49, Factors=25
Iteration 73: time=6.52, Factors=25
Iteration 74: time=6.51, Factors=25
Iteration 75: time=6.49, Factors=25
Iteration 76: time=6.64, ELBO=-97007108.94, deltaELBO=15509.854 (0.00117361%), Factors=25
Iteration 77: time=6.50, Factors=25
Iteration 78: time=6.50, Factors=25
Iteration 79: time=6.50, Factors=25
Iteration 80: time=6.49, Factors=25
Iteration 81: time=6.64, ELBO=-96997433.31, deltaELBO=9675.628 (0.00073214%), Factors=25
Iteration 82: time=6.49, Factors=25
Iteration 83: time=6.48, Factors=25
Iteration 84: time=6.48, Factors=25
Iteration 85: time=6.50, Factors=25
Iteration 86: time=6.63, ELBO=-96991466.53, deltaELBO=5966.783 (0.00045150%), Factors=25
Iteration 87: time=6.49, Factors=25
Iteration 88: time=6.48, Factors=25
Iteration 89: time=6.49, Factors=25
Iteration 90: time=6.50, Factors=25
Iteration 91: time=6.66, ELBO=-96987110.14, deltaELBO=4356.383 (0.00032964%), Factors=25
Iteration 92: time=6.50, Factors=25
Iteration 93: time=6.50, Factors=25
Iteration 94: time=6.49, Factors=25
Iteration 95: time=6.51, Factors=25
Iteration 96: time=6.64, ELBO=-96983589.38, deltaELBO=3520.760 (0.00026641%), Factors=25
Iteration 97: time=6.49, Factors=25
Iteration 98: time=6.49, Factors=25
Iteration 99: time=6.49, Factors=25
Iteration 100: time=6.51, Factors=25
Iteration 101: time=6.64, ELBO=-96980569.08, deltaELBO=3020.302 (0.00022854%), Factors=25
Iteration 102: time=6.48, Factors=25
Iteration 103: time=6.50, Factors=25
Iteration 104: time=6.48, Factors=25
Iteration 105: time=6.48, Factors=25
Iteration 106: time=6.63, ELBO=-96977874.09, deltaELBO=2694.991 (0.00020393%), Factors=25
Iteration 107: time=6.52, Factors=25
Iteration 108: time=6.50, Factors=25
Iteration 109: time=6.50, Factors=25
Iteration 110: time=6.49, Factors=25
Iteration 111: time=6.66, ELBO=-96975401.50, deltaELBO=2472.585 (0.00018710%), Factors=25
Iteration 112: time=6.50, Factors=25
Iteration 113: time=6.50, Factors=25
Iteration 114: time=6.50, Factors=25
Iteration 115: time=6.49, Factors=25
Iteration 116: time=6.65, ELBO=-96973085.55, deltaELBO=2315.950 (0.00017525%), Factors=25
Iteration 117: time=6.50, Factors=25
Iteration 118: time=6.49, Factors=25
Iteration 119: time=6.50, Factors=25
Iteration 120: time=6.49, Factors=25
Iteration 121: time=6.64, ELBO=-96970881.62, deltaELBO=2203.932 (0.00016677%), Factors=25
Iteration 122: time=6.50, Factors=25
Iteration 123: time=6.50, Factors=25
Iteration 124: time=6.51, Factors=25
Iteration 125: time=6.51, Factors=25
Iteration 126: time=6.67, ELBO=-96968758.39, deltaELBO=2123.233 (0.00016066%), Factors=25
Iteration 127: time=6.51, Factors=25
Iteration 128: time=6.50, Factors=25
Iteration 129: time=6.50, Factors=25
Iteration 130: time=6.49, Factors=25
Iteration 131: time=6.66, ELBO=-96966693.74, deltaELBO=2064.653 (0.00015623%), Factors=25
Iteration 132: time=6.50, Factors=25
Iteration 133: time=6.50, Factors=25
Iteration 134: time=6.51, Factors=25
Iteration 135: time=6.51, Factors=25
Iteration 136: time=6.66, ELBO=-96964672.45, deltaELBO=2021.282 (0.00015295%), Factors=25
Iteration 137: time=6.51, Factors=25
Iteration 138: time=6.48, Factors=25
Iteration 139: time=6.49, Factors=25
Iteration 140: time=6.51, Factors=25
Iteration 141: time=6.65, ELBO=-96962684.82, deltaELBO=1987.630 (0.00015040%), Factors=25
Iteration 142: time=6.51, Factors=25
Iteration 143: time=6.51, Factors=25
Iteration 144: time=6.49, Factors=25
Iteration 145: time=6.51, Factors=25
Iteration 146: time=6.67, ELBO=-96960725.58, deltaELBO=1959.247 (0.00014825%), Factors=25
Iteration 147: time=6.51, Factors=25
Iteration 148: time=6.50, Factors=25
Iteration 149: time=6.51, Factors=25
Iteration 150: time=6.50, Factors=25
Iteration 151: time=6.66, ELBO=-96958792.97, deltaELBO=1932.605 (0.00014624%), Factors=25
Iteration 152: time=6.51, Factors=25
Iteration 153: time=6.50, Factors=25
Iteration 154: time=6.49, Factors=25
Iteration 155: time=6.50, Factors=25
Iteration 156: time=6.64, ELBO=-96956887.86, deltaELBO=1905.117 (0.00014416%), Factors=25
Iteration 157: time=6.50, Factors=25
Iteration 158: time=6.51, Factors=25
Iteration 159: time=6.51, Factors=25
Iteration 160: time=6.50, Factors=25
Iteration 161: time=6.66, ELBO=-96955012.66, deltaELBO=1875.197 (0.00014189%), Factors=25
Iteration 162: time=6.49, Factors=25
Iteration 163: time=6.51, Factors=25
Iteration 164: time=6.51, Factors=25
Iteration 165: time=6.50, Factors=25
Iteration 166: time=6.65, ELBO=-96953170.36, deltaELBO=1842.296 (0.00013940%), Factors=25
Iteration 167: time=6.50, Factors=25
Iteration 168: time=6.50, Factors=25
Iteration 169: time=6.51, Factors=25
Iteration 170: time=6.50, Factors=25
Iteration 171: time=6.64, ELBO=-96951363.51, deltaELBO=1806.851 (0.00013672%), Factors=25
Iteration 172: time=6.50, Factors=25
Iteration 173: time=6.51, Factors=25
Iteration 174: time=6.49, Factors=25
Iteration 175: time=6.50, Factors=25
Iteration 176: time=6.65, ELBO=-96949593.38, deltaELBO=1770.131 (0.00013394%), Factors=25
Iteration 177: time=6.50, Factors=25
Iteration 178: time=6.49, Factors=25
Iteration 179: time=6.49, Factors=25
Iteration 180: time=6.49, Factors=25
Iteration 181: time=6.65, ELBO=-96947859.41, deltaELBO=1733.972 (0.00013121%), Factors=25
Iteration 182: time=6.52, Factors=25
Iteration 183: time=6.50, Factors=25
Iteration 184: time=6.50, Factors=25
Iteration 185: time=6.52, Factors=25
Iteration 186: time=6.66, ELBO=-96946158.96, deltaELBO=1700.449 (0.00012867%), Factors=25
Iteration 187: time=6.50, Factors=25
Iteration 188: time=6.50, Factors=25
Iteration 189: time=6.51, Factors=25
Iteration 190: time=6.50, Factors=25
Iteration 191: time=6.67, ELBO=-96944487.42, deltaELBO=1671.537 (0.00012648%), Factors=25
Iteration 192: time=6.51, Factors=25
Iteration 193: time=6.51, Factors=25
Iteration 194: time=6.51, Factors=25
Iteration 195: time=6.49, Factors=25
Iteration 196: time=6.65, ELBO=-96942838.58, deltaELBO=1648.844 (0.00012477%), Factors=25
Iteration 197: time=6.50, Factors=25
Iteration 198: time=6.49, Factors=25
Iteration 199: time=6.50, Factors=25
Iteration 200: time=6.49, Factors=25
Iteration 201: time=6.65, ELBO=-96941205.12, deltaELBO=1633.456 (0.00012360%), Factors=25
Iteration 202: time=6.49, Factors=25
Iteration 203: time=6.50, Factors=25
Iteration 204: time=6.50, Factors=25
Iteration 205: time=6.50, Factors=25
Iteration 206: time=6.63, ELBO=-96939579.21, deltaELBO=1625.911 (0.00012303%), Factors=25
Iteration 207: time=6.49, Factors=25
Iteration 208: time=6.50, Factors=25
Iteration 209: time=6.50, Factors=25
Iteration 210: time=6.50, Factors=25
Iteration 211: time=6.66, ELBO=-96937952.91, deltaELBO=1626.304 (0.00012306%), Factors=25
Iteration 212: time=6.48, Factors=25
Iteration 213: time=6.49, Factors=25
Iteration 214: time=6.49, Factors=25
Iteration 215: time=6.49, Factors=25
Iteration 216: time=6.62, ELBO=-96936318.44, deltaELBO=1634.467 (0.00012368%), Factors=25
Iteration 217: time=6.48, Factors=25
Iteration 218: time=6.48, Factors=25
Iteration 219: time=6.48, Factors=25
Iteration 220: time=6.47, Factors=25
Iteration 221: time=6.64, ELBO=-96934668.24, deltaELBO=1650.204 (0.00012487%), Factors=25
Iteration 222: time=6.48, Factors=25
Iteration 223: time=6.48, Factors=25
Iteration 224: time=6.50, Factors=25
Iteration 225: time=6.50, Factors=25
Iteration 226: time=6.63, ELBO=-96932994.72, deltaELBO=1673.513 (0.00012663%), Factors=25
Iteration 227: time=6.49, Factors=25
Iteration 228: time=6.49, Factors=25
Iteration 229: time=6.51, Factors=25
Iteration 230: time=6.50, Factors=25
Iteration 231: time=6.63, ELBO=-96931289.97, deltaELBO=1704.754 (0.00012900%), Factors=25
Iteration 232: time=6.48, Factors=25
Iteration 233: time=6.48, Factors=25
Iteration 234: time=6.48, Factors=25
Iteration 235: time=6.51, Factors=25
Iteration 236: time=6.64, ELBO=-96929545.27, deltaELBO=1744.698 (0.00013202%), Factors=25
Iteration 237: time=6.48, Factors=25
Iteration 238: time=6.47, Factors=25
Iteration 239: time=6.49, Factors=25
Iteration 240: time=6.50, Factors=25
Iteration 241: time=6.64, ELBO=-96927750.88, deltaELBO=1794.389 (0.00013578%), Factors=25
Iteration 242: time=6.48, Factors=25
Iteration 243: time=6.49, Factors=25
Iteration 244: time=6.48, Factors=25
Iteration 245: time=6.48, Factors=25
Iteration 246: time=6.64, ELBO=-96925896.12, deltaELBO=1854.763 (0.00014035%), Factors=25
Iteration 247: time=6.49, Factors=25
Iteration 248: time=6.48, Factors=25
Iteration 249: time=6.49, Factors=25
Iteration 250: time=6.49, Factors=25
Iteration 251: time=6.69, ELBO=-96923970.12, deltaELBO=1926.003 (0.00014574%), Factors=25
Iteration 252: time=6.49, Factors=25
Iteration 253: time=6.51, Factors=25
Iteration 254: time=6.49, Factors=25
Iteration 255: time=6.50, Factors=25
Iteration 256: time=6.65, ELBO=-96921963.41, deltaELBO=2006.704 (0.00015185%), Factors=25
Iteration 257: time=6.51, Factors=25
Iteration 258: time=6.49, Factors=25
Iteration 259: time=6.50, Factors=25
Iteration 260: time=6.49, Factors=25
Iteration 261: time=6.64, ELBO=-96919870.38, deltaELBO=2093.029 (0.00015838%), Factors=25
Iteration 262: time=6.49, Factors=25
Iteration 263: time=6.50, Factors=25
Iteration 264: time=6.51, Factors=25
Iteration 265: time=6.49, Factors=25
Iteration 266: time=6.64, ELBO=-96917692.26, deltaELBO=2178.120 (0.00016482%), Factors=25
Iteration 267: time=6.50, Factors=25
Iteration 268: time=6.49, Factors=25
Iteration 269: time=6.49, Factors=25
Iteration 270: time=6.48, Factors=25
Iteration 271: time=6.64, ELBO=-96915440.18, deltaELBO=2252.086 (0.00017041%), Factors=25
Iteration 272: time=6.50, Factors=25
Iteration 273: time=6.49, Factors=25
Iteration 274: time=6.49, Factors=25
Iteration 275: time=6.48, Factors=25
Iteration 276: time=6.66, ELBO=-96913137.32, deltaELBO=2302.857 (0.00017425%), Factors=25
Iteration 277: time=6.50, Factors=25
Iteration 278: time=6.50, Factors=25
Iteration 279: time=6.49, Factors=25
Iteration 280: time=6.49, Factors=25
Iteration 281: time=6.65, ELBO=-96910819.32, deltaELBO=2317.999 (0.00017540%), Factors=25
Iteration 282: time=6.50, Factors=25
Iteration 283: time=6.50, Factors=25
Iteration 284: time=6.47, Factors=25
Iteration 285: time=6.49, Factors=25
Iteration 286: time=6.64, ELBO=-96908532.04, deltaELBO=2287.284 (0.00017308%), Factors=25
Iteration 287: time=6.50, Factors=25
Iteration 288: time=6.47, Factors=25
Iteration 289: time=6.48, Factors=25
Iteration 290: time=6.47, Factors=25
Iteration 291: time=6.64, ELBO=-96906326.66, deltaELBO=2205.375 (0.00016688%), Factors=25
Iteration 292: time=6.50, Factors=25
Iteration 293: time=6.50, Factors=25
Iteration 294: time=6.49, Factors=25
Iteration 295: time=6.51, Factors=25
Iteration 296: time=6.68, ELBO=-96904252.89, deltaELBO=2073.771 (0.00015692%), Factors=25
Iteration 297: time=6.51, Factors=25
Iteration 298: time=6.50, Factors=25
Iteration 299: time=6.48, Factors=25
Iteration 300: time=6.49, Factors=25
Iteration 301: time=6.64, ELBO=-96902351.72, deltaELBO=1901.172 (0.00014386%), Factors=25
Iteration 302: time=6.49, Factors=25
Iteration 303: time=6.50, Factors=25
Iteration 304: time=6.48, Factors=25
Iteration 305: time=6.48, Factors=25
Iteration 306: time=6.64, ELBO=-96900649.90, deltaELBO=1701.816 (0.00012877%), Factors=25
Iteration 307: time=6.52, Factors=25
Iteration 308: time=6.50, Factors=25
Iteration 309: time=6.50, Factors=25
Iteration 310: time=6.49, Factors=25
Iteration 311: time=6.65, ELBO=-96899157.75, deltaELBO=1492.156 (0.00011291%), Factors=25
Iteration 312: time=6.50, Factors=25
Iteration 313: time=6.50, Factors=25
Iteration 314: time=6.48, Factors=25
Iteration 315: time=6.49, Factors=25
Iteration 316: time=6.64, ELBO=-96897870.57, deltaELBO=1287.179 (0.00009740%), Factors=25
Iteration 317: time=6.50, Factors=25
Iteration 318: time=6.49, Factors=25
Iteration 319: time=6.50, Factors=25
Iteration 320: time=6.50, Factors=25
Iteration 321: time=6.65, ELBO=-96896772.72, deltaELBO=1097.844 (0.00008307%), Factors=25
Iteration 322: time=6.49, Factors=25
Iteration 323: time=6.49, Factors=25
Iteration 324: time=6.48, Factors=25
Iteration 325: time=6.51, Factors=25
Iteration 326: time=6.66, ELBO=-96895842.38, deltaELBO=930.343 (0.00007040%), Factors=25
Iteration 327: time=6.51, Factors=25
Iteration 328: time=6.48, Factors=25
Iteration 329: time=6.49, Factors=25
Iteration 330: time=6.49, Factors=25
Iteration 331: time=6.64, ELBO=-96895055.58, deltaELBO=786.805 (0.00005954%), Factors=25
Iteration 332: time=6.49, Factors=25
Iteration 333: time=6.49, Factors=25
Iteration 334: time=6.48, Factors=25
Iteration 335: time=6.49, Factors=25
Iteration 336: time=6.65, ELBO=-96894388.99, deltaELBO=666.586 (0.00005044%), Factors=25
Iteration 337: time=6.49, Factors=25
Iteration 338: time=6.51, Factors=25
Iteration 339: time=6.49, Factors=25
Iteration 340: time=6.49, Factors=25
Iteration 341: time=6.64, ELBO=-96893821.49, deltaELBO=567.505 (0.00004294%), Factors=25
Iteration 342: time=6.51, Factors=25
Iteration 343: time=6.51, Factors=25
Iteration 344: time=6.49, Factors=25
Iteration 345: time=6.50, Factors=25
Iteration 346: time=6.64, ELBO=-96893334.76, deltaELBO=486.729 (0.00003683%), Factors=25
Iteration 347: time=6.50, Factors=25
Iteration 348: time=6.49, Factors=25
Iteration 349: time=6.49, Factors=25
Iteration 350: time=6.49, Factors=25
Iteration 351: time=6.64, ELBO=-96892913.43, deltaELBO=421.332 (0.00003188%), Factors=25
Iteration 352: time=6.49, Factors=25
Iteration 353: time=6.50, Factors=25
Iteration 354: time=6.50, Factors=25
Iteration 355: time=6.49, Factors=25
Iteration 356: time=6.64, ELBO=-96892544.84, deltaELBO=368.587 (0.00002789%), Factors=25
Iteration 357: time=6.50, Factors=25
Iteration 358: time=6.48, Factors=25
Iteration 359: time=6.51, Factors=25
Iteration 360: time=6.49, Factors=25
Iteration 361: time=6.66, ELBO=-96892218.74, deltaELBO=326.100 (0.00002468%), Factors=25
Iteration 362: time=6.49, Factors=25
Iteration 363: time=6.50, Factors=25
Iteration 364: time=6.50, Factors=25
Iteration 365: time=6.50, Factors=25
Iteration 366: time=6.65, ELBO=-96891926.89, deltaELBO=291.847 (0.00002208%), Factors=25
Iteration 367: time=6.50, Factors=25
Iteration 368: time=6.49, Factors=25
Iteration 369: time=6.49, Factors=25
Iteration 370: time=6.48, Factors=25
Iteration 371: time=6.64, ELBO=-96891662.73, deltaELBO=264.160 (0.00001999%), Factors=25
Iteration 372: time=6.49, Factors=25
Iteration 373: time=6.49, Factors=25
Iteration 374: time=6.48, Factors=25
Iteration 375: time=6.49, Factors=25
Iteration 376: time=6.64, ELBO=-96891421.05, deltaELBO=241.686 (0.00001829%), Factors=25
Iteration 377: time=6.49, Factors=25
Iteration 378: time=6.49, Factors=25
Iteration 379: time=6.50, Factors=25
Iteration 380: time=6.50, Factors=25
Iteration 381: time=6.64, ELBO=-96891197.70, deltaELBO=223.343 (0.00001690%), Factors=25
Iteration 382: time=6.49, Factors=25
Iteration 383: time=6.50, Factors=25
Iteration 384: time=6.49, Factors=25
Iteration 385: time=6.51, Factors=25
Iteration 386: time=6.65, ELBO=-96890989.43, deltaELBO=208.270 (0.00001576%), Factors=25
Iteration 387: time=6.49, Factors=25
Iteration 388: time=6.49, Factors=25
Iteration 389: time=6.49, Factors=25
Iteration 390: time=6.49, Factors=25
Iteration 391: time=6.65, ELBO=-96890793.64, deltaELBO=195.789 (0.00001482%), Factors=25
Iteration 392: time=6.49, Factors=25
Iteration 393: time=6.50, Factors=25
Iteration 394: time=6.49, Factors=25
Iteration 395: time=6.50, Factors=25
Iteration 396: time=6.63, ELBO=-96890608.28, deltaELBO=185.364 (0.00001403%), Factors=25
Iteration 397: time=6.50, Factors=25
Iteration 398: time=6.50, Factors=25
Iteration 399: time=6.48, Factors=25
Iteration 400: time=6.50, Factors=25
Iteration 401: time=6.64, ELBO=-96890431.71, deltaELBO=176.575 (0.00001336%), Factors=25
Iteration 402: time=6.49, Factors=25
Iteration 403: time=6.51, Factors=25
Iteration 404: time=6.49, Factors=25
Iteration 405: time=6.49, Factors=25
Iteration 406: time=6.63, ELBO=-96890262.62, deltaELBO=169.089 (0.00001279%), Factors=25
Iteration 407: time=6.50, Factors=25
Iteration 408: time=6.49, Factors=25
Iteration 409: time=6.50, Factors=25
Iteration 410: time=6.49, Factors=25
Iteration 411: time=6.65, ELBO=-96890099.97, deltaELBO=162.648 (0.00001231%), Factors=25
Iteration 412: time=6.49, Factors=25
Iteration 413: time=6.49, Factors=25
Iteration 414: time=6.48, Factors=25
Iteration 415: time=6.51, Factors=25
Iteration 416: time=6.68, ELBO=-96889942.92, deltaELBO=157.044 (0.00001188%), Factors=25
Iteration 417: time=6.50, Factors=25
Iteration 418: time=6.49, Factors=25
Iteration 419: time=6.49, Factors=25
Iteration 420: time=6.50, Factors=25
Iteration 421: time=6.65, ELBO=-96889790.81, deltaELBO=152.118 (0.00001151%), Factors=25
Iteration 422: time=6.50, Factors=25
Iteration 423: time=6.50, Factors=25
Iteration 424: time=6.49, Factors=25
Iteration 425: time=6.50, Factors=25
Iteration 426: time=6.64, ELBO=-96889643.07, deltaELBO=147.738 (0.00001118%), Factors=25
Iteration 427: time=6.49, Factors=25
Iteration 428: time=6.50, Factors=25
Iteration 429: time=6.49, Factors=25
Iteration 430: time=6.48, Factors=25
Iteration 431: time=6.64, ELBO=-96889499.26, deltaELBO=143.804 (0.00001088%), Factors=25
Iteration 432: time=6.50, Factors=25
Iteration 433: time=6.50, Factors=25
Iteration 434: time=6.50, Factors=25
Iteration 435: time=6.49, Factors=25
Iteration 436: time=6.66, ELBO=-96889359.03, deltaELBO=140.234 (0.00001061%), Factors=25
Iteration 437: time=6.51, Factors=25
Iteration 438: time=6.50, Factors=25
Iteration 439: time=6.49, Factors=25
Iteration 440: time=6.49, Factors=25
Iteration 441: time=6.65, ELBO=-96889222.07, deltaELBO=136.961 (0.00001036%), Factors=25
Iteration 442: time=6.49, Factors=25
Iteration 443: time=6.49, Factors=25
Iteration 444: time=6.50, Factors=25
Iteration 445: time=6.50, Factors=25
Iteration 446: time=6.66, ELBO=-96889088.13, deltaELBO=133.934 (0.00001013%), Factors=25
Iteration 447: time=6.49, Factors=25
Iteration 448: time=6.48, Factors=25
Iteration 449: time=6.49, Factors=25
Iteration 450: time=6.50, Factors=25
Iteration 451: time=6.64, ELBO=-96888957.02, deltaELBO=131.110 (0.00000992%), Factors=25
Iteration 452: time=6.50, Factors=25
Iteration 453: time=6.49, Factors=25
Iteration 454: time=6.49, Factors=25
Iteration 455: time=6.50, Factors=25
Iteration 456: time=6.64, ELBO=-96888828.57, deltaELBO=128.453 (0.00000972%), Factors=25
Iteration 457: time=6.51, Factors=25
Iteration 458: time=6.48, Factors=25
Iteration 459: time=6.51, Factors=25
Iteration 460: time=6.48, Factors=25
Iteration 461: time=6.65, ELBO=-96888702.64, deltaELBO=125.936 (0.00000953%), Factors=25
Iteration 462: time=6.49, Factors=25
Iteration 463: time=6.50, Factors=25
Iteration 464: time=6.49, Factors=25
Iteration 465: time=6.50, Factors=25
Iteration 466: time=6.64, ELBO=-96888579.10, deltaELBO=123.535 (0.00000935%), Factors=25
Iteration 467: time=6.51, Factors=25
Iteration 468: time=6.50, Factors=25
Iteration 469: time=6.50, Factors=25
Iteration 470: time=6.50, Factors=25
Iteration 471: time=6.65, ELBO=-96888457.87, deltaELBO=121.231 (0.00000917%), Factors=25
Iteration 472: time=6.50, Factors=25
Iteration 473: time=6.51, Factors=25
Iteration 474: time=6.48, Factors=25
Iteration 475: time=6.50, Factors=25
Iteration 476: time=6.64, ELBO=-96888338.86, deltaELBO=119.009 (0.00000901%), Factors=25
Iteration 477: time=6.50, Factors=25
Iteration 478: time=6.50, Factors=25
Iteration 479: time=6.49, Factors=25
Iteration 480: time=6.49, Factors=25
Iteration 481: time=6.64, ELBO=-96888222.01, deltaELBO=116.855 (0.00000884%), Factors=25
Iteration 482: time=6.49, Factors=25
Iteration 483: time=6.50, Factors=25
Iteration 484: time=6.50, Factors=25
Iteration 485: time=6.53, Factors=25
Iteration 486: time=6.67, ELBO=-96888107.25, deltaELBO=114.758 (0.00000868%), Factors=25
Iteration 487: time=6.50, Factors=25
Iteration 488: time=6.48, Factors=25
Iteration 489: time=6.50, Factors=25
Iteration 490: time=6.50, Factors=25
Iteration 491: time=6.64, ELBO=-96887994.54, deltaELBO=112.711 (0.00000853%), Factors=25
Iteration 492: time=6.49, Factors=25
Iteration 493: time=6.49, Factors=25
Iteration 494: time=6.48, Factors=25
Iteration 495: time=6.50, Factors=25
Iteration 496: time=6.66, ELBO=-96887883.83, deltaELBO=110.704 (0.00000838%), Factors=25
Iteration 497: time=6.49, Factors=25
Iteration 498: time=6.48, Factors=25
Iteration 499: time=6.48, Factors=25
Iteration 500: time=6.50, Factors=25
Iteration 501: time=6.63, ELBO=-96887775.10, deltaELBO=108.734 (0.00000823%), Factors=25
Iteration 502: time=6.50, Factors=25
Iteration 503: time=6.51, Factors=25
Iteration 504: time=6.49, Factors=25
Iteration 505: time=6.48, Factors=25
Iteration 506: time=6.65, ELBO=-96887668.30, deltaELBO=106.794 (0.00000808%), Factors=25
Iteration 507: time=6.50, Factors=25
Iteration 508: time=6.51, Factors=25
Iteration 509: time=6.50, Factors=25
Iteration 510: time=6.49, Factors=25
Iteration 511: time=6.64, ELBO=-96887563.42, deltaELBO=104.882 (0.00000794%), Factors=25
Iteration 512: time=6.49, Factors=25
Iteration 513: time=6.49, Factors=25
Iteration 514: time=6.48, Factors=25
Iteration 515: time=6.49, Factors=25
Iteration 516: time=6.64, ELBO=-96887460.43, deltaELBO=102.993 (0.00000779%), Factors=25
Iteration 517: time=6.48, Factors=25
Iteration 518: time=6.50, Factors=25
Iteration 519: time=6.49, Factors=25
Iteration 520: time=6.51, Factors=25
Iteration 521: time=6.66, ELBO=-96887359.30, deltaELBO=101.125 (0.00000765%), Factors=25
Iteration 522: time=6.49, Factors=25
Iteration 523: time=6.48, Factors=25
Iteration 524: time=6.50, Factors=25
Iteration 525: time=6.49, Factors=25
Iteration 526: time=6.65, ELBO=-96887260.03, deltaELBO=99.278 (0.00000751%), Factors=25
Iteration 527: time=6.49, Factors=25
Iteration 528: time=6.47, Factors=25
Iteration 529: time=6.49, Factors=25
Iteration 530: time=6.49, Factors=25
Iteration 531: time=6.65, ELBO=-96887162.58, deltaELBO=97.449 (0.00000737%), Factors=25
Iteration 532: time=6.50, Factors=25
Iteration 533: time=6.48, Factors=25
Iteration 534: time=6.48, Factors=25
Iteration 535: time=6.48, Factors=25
Iteration 536: time=6.64, ELBO=-96887066.94, deltaELBO=95.639 (0.00000724%), Factors=25
Iteration 537: time=6.49, Factors=25
Iteration 538: time=6.49, Factors=25
Iteration 539: time=6.48, Factors=25
Iteration 540: time=6.49, Factors=25
Iteration 541: time=6.65, ELBO=-96886973.09, deltaELBO=93.845 (0.00000710%), Factors=25
Iteration 542: time=6.47, Factors=25
Iteration 543: time=6.48, Factors=25
Iteration 544: time=6.49, Factors=25
Iteration 545: time=6.49, Factors=25
Iteration 546: time=6.63, ELBO=-96886881.02, deltaELBO=92.070 (0.00000697%), Factors=25
Iteration 547: time=6.48, Factors=25
Iteration 548: time=6.48, Factors=25
Iteration 549: time=6.49, Factors=25
Iteration 550: time=6.47, Factors=25
Iteration 551: time=6.64, ELBO=-96886790.71, deltaELBO=90.312 (0.00000683%), Factors=25
Iteration 552: time=6.48, Factors=25
Iteration 553: time=6.48, Factors=25
Iteration 554: time=6.48, Factors=25
Iteration 555: time=6.48, Factors=25
Iteration 556: time=6.65, ELBO=-96886702.14, deltaELBO=88.572 (0.00000670%), Factors=25
Iteration 557: time=6.50, Factors=25
Iteration 558: time=6.50, Factors=25
Iteration 559: time=6.48, Factors=25
Iteration 560: time=6.48, Factors=25
Iteration 561: time=6.67, ELBO=-96886615.29, deltaELBO=86.850 (0.00000657%), Factors=25
Iteration 562: time=6.49, Factors=25
Iteration 563: time=6.49, Factors=25
Iteration 564: time=6.47, Factors=25
Iteration 565: time=6.48, Factors=25
Iteration 566: time=6.64, ELBO=-96886530.14, deltaELBO=85.148 (0.00000644%), Factors=25
Iteration 567: time=6.51, Factors=25
Iteration 568: time=6.49, Factors=25
Iteration 569: time=6.49, Factors=25
Iteration 570: time=6.49, Factors=25
Iteration 571: time=6.64, ELBO=-96886446.67, deltaELBO=83.467 (0.00000632%), Factors=25
Iteration 572: time=6.49, Factors=25
Iteration 573: time=6.50, Factors=25
Iteration 574: time=6.50, Factors=25
Iteration 575: time=6.49, Factors=25
Iteration 576: time=6.63, ELBO=-96886364.87, deltaELBO=81.806 (0.00000619%), Factors=25
Iteration 577: time=6.50, Factors=25
Iteration 578: time=6.49, Factors=25
Iteration 579: time=6.49, Factors=25
Iteration 580: time=6.50, Factors=25
Iteration 581: time=6.65, ELBO=-96886284.70, deltaELBO=80.168 (0.00000607%), Factors=25
Iteration 582: time=6.49, Factors=25
Iteration 583: time=6.50, Factors=25
Iteration 584: time=6.49, Factors=25
Iteration 585: time=6.49, Factors=25
Iteration 586: time=6.64, ELBO=-96886206.15, deltaELBO=78.552 (0.00000594%), Factors=25
Iteration 587: time=6.50, Factors=25
Iteration 588: time=6.49, Factors=25
Iteration 589: time=6.49, Factors=25
Iteration 590: time=6.49, Factors=25
Iteration 591: time=6.65, ELBO=-96886129.19, deltaELBO=76.960 (0.00000582%), Factors=25
Iteration 592: time=6.48, Factors=25
Iteration 593: time=6.50, Factors=25
Iteration 594: time=6.50, Factors=25
Iteration 595: time=6.49, Factors=25
Iteration 596: time=6.64, ELBO=-96886053.79, deltaELBO=75.393 (0.00000570%), Factors=25
Iteration 597: time=6.49, Factors=25
Iteration 598: time=6.49, Factors=25
Iteration 599: time=6.50, Factors=25
Iteration 600: time=6.49, Factors=25
Iteration 601: time=6.65, ELBO=-96885979.94, deltaELBO=73.852 (0.00000559%), Factors=25
Iteration 602: time=6.49, Factors=25
Iteration 603: time=6.49, Factors=25
Iteration 604: time=6.48, Factors=25
Iteration 605: time=6.50, Factors=25
Iteration 606: time=6.64, ELBO=-96885907.60, deltaELBO=72.338 (0.00000547%), Factors=25
Iteration 607: time=6.49, Factors=25
Iteration 608: time=6.49, Factors=25
Iteration 609: time=6.49, Factors=25
Iteration 610: time=6.48, Factors=25
Iteration 611: time=6.64, ELBO=-96885836.75, deltaELBO=70.851 (0.00000536%), Factors=25
Iteration 612: time=6.50, Factors=25
Iteration 613: time=6.49, Factors=25
Iteration 614: time=6.50, Factors=25
Iteration 615: time=6.49, Factors=25
Iteration 616: time=6.64, ELBO=-96885767.36, deltaELBO=69.392 (0.00000525%), Factors=25
Iteration 617: time=6.50, Factors=25
Iteration 618: time=6.50, Factors=25
Iteration 619: time=6.49, Factors=25
Iteration 620: time=6.50, Factors=25
Iteration 621: time=6.64, ELBO=-96885699.40, deltaELBO=67.961 (0.00000514%), Factors=25
Iteration 622: time=6.48, Factors=25
Iteration 623: time=6.49, Factors=25
Iteration 624: time=6.49, Factors=25
Iteration 625: time=6.49, Factors=25
Iteration 626: time=6.65, ELBO=-96885632.84, deltaELBO=66.560 (0.00000504%), Factors=25
Iteration 627: time=6.49, Factors=25
Iteration 628: time=6.48, Factors=25
Iteration 629: time=6.49, Factors=25
Iteration 630: time=6.49, Factors=25
Iteration 631: time=6.66, ELBO=-96885567.65, deltaELBO=65.189 (0.00000493%), Factors=25
Iteration 632: time=6.52, Factors=25
Iteration 633: time=6.50, Factors=25
Iteration 634: time=6.50, Factors=25
Iteration 635: time=6.49, Factors=25
Iteration 636: time=6.63, ELBO=-96885503.81, deltaELBO=63.847 (0.00000483%), Factors=25

Converged!



#######################
## Training finished ##
#######################


Saving model in MOFA_output_factors25_iter20000_R2_-1.hdf5...
MOFA training complete. Results saved to "MOFA_output_factors25_iter20000_R2_-1.hdf5"
